Archive member included to satisfy reference by file (symbol)

C:/Program Files (x86)/Arm GNU Toolchain arm-none-eabi/13.3 rel1/bin/../lib/gcc/arm-none-eabi/13.3.1/thumb/v8-m.main+fp/hard\libgcc.a(_aeabi_ldivmod.o)
                              ./ra/fsp/src/r_sci_uart/r_sci_uart.o (__aeabi_ldivmod)
C:/Program Files (x86)/Arm GNU Toolchain arm-none-eabi/13.3 rel1/bin/../lib/gcc/arm-none-eabi/13.3.1/thumb/v8-m.main+fp/hard\libgcc.a(_udivmoddi4.o)
                              C:/Program Files (x86)/Arm GNU Toolchain arm-none-eabi/13.3 rel1/bin/../lib/gcc/arm-none-eabi/13.3.1/thumb/v8-m.main+fp/hard\libgcc.a(_aeabi_ldivmod.o) (__udivmoddi4)
C:/Program Files (x86)/Arm GNU Toolchain arm-none-eabi/13.3 rel1/bin/../lib/gcc/arm-none-eabi/13.3.1/thumb/v8-m.main+fp/hard\libgcc.a(_dvmd_tls.o)
                              C:/Program Files (x86)/Arm GNU Toolchain arm-none-eabi/13.3 rel1/bin/../lib/gcc/arm-none-eabi/13.3.1/thumb/v8-m.main+fp/hard\libgcc.a(_aeabi_ldivmod.o) (__aeabi_ldiv0)
C:/Program Files (x86)/Arm GNU Toolchain arm-none-eabi/13.3 rel1/bin/../lib/gcc/arm-none-eabi/13.3.1/thumb/v8-m.main+fp/hard\libg_nano.a(libc_a-exit.o)
                              C:/Program Files (x86)/Arm GNU Toolchain arm-none-eabi/13.3 rel1/bin/../lib/gcc/arm-none-eabi/13.3.1/thumb/v8-m.main+fp/hard/crt0.o (exit)
C:/Program Files (x86)/Arm GNU Toolchain arm-none-eabi/13.3 rel1/bin/../lib/gcc/arm-none-eabi/13.3.1/thumb/v8-m.main+fp/hard\libg_nano.a(libc_a-findfp.o)
                              C:/Program Files (x86)/Arm GNU Toolchain arm-none-eabi/13.3 rel1/bin/../lib/gcc/arm-none-eabi/13.3.1/thumb/v8-m.main+fp/hard\libg_nano.a(libc_a-exit.o) (__stdio_exit_handler)
C:/Program Files (x86)/Arm GNU Toolchain arm-none-eabi/13.3 rel1/bin/../lib/gcc/arm-none-eabi/13.3.1/thumb/v8-m.main+fp/hard\libg_nano.a(libc_a-fwalk.o)
                              C:/Program Files (x86)/Arm GNU Toolchain arm-none-eabi/13.3 rel1/bin/../lib/gcc/arm-none-eabi/13.3.1/thumb/v8-m.main+fp/hard\libg_nano.a(libc_a-findfp.o) (_fwalk_sglue)
C:/Program Files (x86)/Arm GNU Toolchain arm-none-eabi/13.3 rel1/bin/../lib/gcc/arm-none-eabi/13.3.1/thumb/v8-m.main+fp/hard\libg_nano.a(libc_a-printf.o)
                              ./src/hal_entry.o (printf)
C:/Program Files (x86)/Arm GNU Toolchain arm-none-eabi/13.3 rel1/bin/../lib/gcc/arm-none-eabi/13.3.1/thumb/v8-m.main+fp/hard\libg_nano.a(libc_a-stdio.o)
                              C:/Program Files (x86)/Arm GNU Toolchain arm-none-eabi/13.3 rel1/bin/../lib/gcc/arm-none-eabi/13.3.1/thumb/v8-m.main+fp/hard\libg_nano.a(libc_a-findfp.o) (__sread)
C:/Program Files (x86)/Arm GNU Toolchain arm-none-eabi/13.3 rel1/bin/../lib/gcc/arm-none-eabi/13.3.1/thumb/v8-m.main+fp/hard\libg_nano.a(libc_a-memset.o)
                              C:/Program Files (x86)/Arm GNU Toolchain arm-none-eabi/13.3 rel1/bin/../lib/gcc/arm-none-eabi/13.3.1/thumb/v8-m.main+fp/hard/crt0.o (memset)
C:/Program Files (x86)/Arm GNU Toolchain arm-none-eabi/13.3 rel1/bin/../lib/gcc/arm-none-eabi/13.3.1/thumb/v8-m.main+fp/hard\libg_nano.a(libc_a-closer.o)
                              C:/Program Files (x86)/Arm GNU Toolchain arm-none-eabi/13.3 rel1/bin/../lib/gcc/arm-none-eabi/13.3.1/thumb/v8-m.main+fp/hard\libg_nano.a(libc_a-stdio.o) (_close_r)
C:/Program Files (x86)/Arm GNU Toolchain arm-none-eabi/13.3 rel1/bin/../lib/gcc/arm-none-eabi/13.3.1/thumb/v8-m.main+fp/hard\libg_nano.a(libc_a-reent.o)
                              C:/Program Files (x86)/Arm GNU Toolchain arm-none-eabi/13.3 rel1/bin/../lib/gcc/arm-none-eabi/13.3.1/thumb/v8-m.main+fp/hard\libg_nano.a(libc_a-closer.o) (errno)
C:/Program Files (x86)/Arm GNU Toolchain arm-none-eabi/13.3 rel1/bin/../lib/gcc/arm-none-eabi/13.3.1/thumb/v8-m.main+fp/hard\libg_nano.a(libc_a-impure.o)
                              C:/Program Files (x86)/Arm GNU Toolchain arm-none-eabi/13.3 rel1/bin/../lib/gcc/arm-none-eabi/13.3.1/thumb/v8-m.main+fp/hard\libg_nano.a(libc_a-printf.o) (_impure_ptr)
C:/Program Files (x86)/Arm GNU Toolchain arm-none-eabi/13.3 rel1/bin/../lib/gcc/arm-none-eabi/13.3.1/thumb/v8-m.main+fp/hard\libg_nano.a(libc_a-lseekr.o)
                              C:/Program Files (x86)/Arm GNU Toolchain arm-none-eabi/13.3 rel1/bin/../lib/gcc/arm-none-eabi/13.3.1/thumb/v8-m.main+fp/hard\libg_nano.a(libc_a-stdio.o) (_lseek_r)
C:/Program Files (x86)/Arm GNU Toolchain arm-none-eabi/13.3 rel1/bin/../lib/gcc/arm-none-eabi/13.3.1/thumb/v8-m.main+fp/hard\libg_nano.a(libc_a-readr.o)
                              C:/Program Files (x86)/Arm GNU Toolchain arm-none-eabi/13.3 rel1/bin/../lib/gcc/arm-none-eabi/13.3.1/thumb/v8-m.main+fp/hard\libg_nano.a(libc_a-stdio.o) (_read_r)
C:/Program Files (x86)/Arm GNU Toolchain arm-none-eabi/13.3 rel1/bin/../lib/gcc/arm-none-eabi/13.3.1/thumb/v8-m.main+fp/hard\libg_nano.a(libc_a-writer.o)
                              C:/Program Files (x86)/Arm GNU Toolchain arm-none-eabi/13.3 rel1/bin/../lib/gcc/arm-none-eabi/13.3.1/thumb/v8-m.main+fp/hard\libg_nano.a(libc_a-stdio.o) (_write_r)
[...]
Memory Configuration

Name             Origin             Length             Attributes
RAM              0x20000000         0x00080000         xrw
FLASH            0x00000000         0x00100000         xr
DATA_FLASH       0x08000000         0x00002000         xr
QSPI_FLASH       0x60000000         0x04000000         xr
OSPI0_CS0        0x68000000         0x08000000         xrw
OSPI0_CS1        0x70000000         0x10000000         xr
OPTION_SETTING_OFS0 0x0100a100         0x00000004         r
OPTION_SETTING_DUALSEL 0x0100a110         0x00000004         r
OPTION_SETTING_OFS1 0x0100a180         0x00000004         r
OPTION_SETTING_BANKSEL 0x0100a190         0x00000004         r
OPTION_SETTING_BPS 0x0100a1c0         0x00000010         r
OPTION_SETTING_PBPS 0x0100a1e0         0x00000010         r
OPTION_SETTING_OFS1_SEC 0x0100a200         0x00000004         r
OPTION_SETTING_BANKSEL_SEC 0x0100a210         0x00000004         r
OPTION_SETTING_BPS_SEC 0x0100a240         0x00000010         r
OPTION_SETTING_PBPS_SEC 0x0100a260         0x00000010         r
OPTION_SETTING_OFS1_SEL 0x0100a280         0x00000004         r
OPTION_SETTING_BANKSEL_SEL 0x0100a290         0x00000004         r
OPTION_SETTING_BPS_SEL 0x0100a2c0         0x00000010         r
*default*        0x00000000         0xffffffff

Linker script and memory map

LOAD C:/Program Files (x86)/Arm GNU Toolchain arm-none-eabi/13.3 rel1/bin/../lib/gcc/arm-none-eabi/13.3.1/thumb/v8-m.main+fp/hard/crti.o
LOAD C:/Program Files (x86)/Arm GNU Toolchain arm-none-eabi/13.3 rel1/bin/../lib/gcc/arm-none-eabi/13.3.1/thumb/v8-m.main+fp/hard/crtbegin.o
LOAD C:/Program Files (x86)/Arm GNU Toolchain arm-none-eabi/13.3 rel1/bin/../lib/gcc/arm-none-eabi/13.3.1/thumb/v8-m.main+fp/hard/crt0.o
START GROUP
LOAD ./src/UART_Debug/uart_debug.o
LOAD ./src/TIM_Clock/tim_clock.o
LOAD ./src/Screen/fonts.o
LOAD ./src/Screen/screen.o
LOAD ./src/Screen/screen_ui.o
LOAD ./src/Screen/st7735.o
LOAD ./src/hal_entry.o
LOAD ./src/hal_warmstart.o
LOAD ./ra_gen/common_data.o
LOAD ./ra_gen/hal_data.o
LOAD ./ra_gen/main.o
LOAD ./ra_gen/pin_data.o
LOAD ./ra_gen/vector_data.o
LOAD ./ra/fsp/src/r_sci_uart/r_sci_uart.o
LOAD ./ra/fsp/src/r_sci_spi/r_sci_spi.o
LOAD ./ra/fsp/src/r_ioport/r_ioport.o
LOAD ./ra/fsp/src/r_gpt/r_gpt.o
LOAD ./ra/fsp/src/r_dtc/r_dtc.o
LOAD ./ra/fsp/src/bsp/mcu/ra6m5/bsp_linker.o
LOAD ./ra/fsp/src/bsp/mcu/all/bsp_clocks.o
LOAD ./ra/fsp/src/bsp/mcu/all/bsp_common.o
LOAD ./ra/fsp/src/bsp/mcu/all/bsp_delay.o
LOAD ./ra/fsp/src/bsp/mcu/all/bsp_group_irq.o
LOAD ./ra/fsp/src/bsp/mcu/all/bsp_guard.o
LOAD ./ra/fsp/src/bsp/mcu/all/bsp_io.o
LOAD ./ra/fsp/src/bsp/mcu/all/bsp_ipc.o
LOAD ./ra/fsp/src/bsp/mcu/all/bsp_irq.o
LOAD ./ra/fsp/src/bsp/mcu/all/bsp_macl.o
LOAD ./ra/fsp/src/bsp/mcu/all/bsp_ospi_b.o
LOAD ./ra/fsp/src/bsp/mcu/all/bsp_register_protection.o
LOAD ./ra/fsp/src/bsp/mcu/all/bsp_sbrk.o
LOAD ./ra/fsp/src/bsp/mcu/all/bsp_sdram.o
LOAD ./ra/fsp/src/bsp/mcu/all/bsp_security.o
LOAD ./ra/fsp/src/bsp/cmsis/Device/RENESAS/Source/startup.o
LOAD ./ra/fsp/src/bsp/cmsis/Device/RENESAS/Source/system.o
END GROUP
START GROUP
LOAD C:/Program Files (x86)/Arm GNU Toolchain arm-none-eabi/13.3 rel1/bin/../lib/gcc/arm-none-eabi/13.3.1/thumb/v8-m.main+fp/hard\libgcc.a
LOAD C:/Program Files (x86)/Arm GNU Toolchain arm-none-eabi/13.3 rel1/bin/../lib/gcc/arm-none-eabi/13.3.1/thumb/v8-m.main+fp/hard\libg_nano.a
LOAD C:/Program Files (x86)/Arm GNU Toolchain arm-none-eabi/13.3 rel1/bin/../lib/gcc/arm-none-eabi/13.3.1/thumb/v8-m.main+fp/hard\libc_nano.a
END GROUP
START GROUP
LOAD C:/Program Files (x86)/Arm GNU Toolchain arm-none-eabi/13.3 rel1/bin/../lib/gcc/arm-none-eabi/13.3.1/thumb/v8-m.main+fp/hard\libgcc.a
LOAD C:/Program Files (x86)/Arm GNU Toolchain arm-none-eabi/13.3 rel1/bin/../lib/gcc/arm-none-eabi/13.3.1/thumb/v8-m.main+fp/hard\libc_nano.a
END GROUP
LOAD C:/Program Files (x86)/Arm GNU Toolchain arm-none-eabi/13.3 rel1/bin/../lib/gcc/arm-none-eabi/13.3.1/thumb/v8-m.main+fp/hard/crtend.o
LOAD C:/Program Files (x86)/Arm GNU Toolchain arm-none-eabi/13.3 rel1/bin/../lib/gcc/arm-none-eabi/13.3.1/thumb/v8-m.main+fp/hard/crtn.o
                0x20000000                        RAM_START = 0x20000000
                0x00080000                        RAM_LENGTH = 0x80000
                0x00000000                        FLASH_START = 0x0
                0x00100000                        FLASH_LENGTH = 0x100000
                0x08000000                        DATA_FLASH_START = 0x8000000
                0x00002000                        DATA_FLASH_LENGTH = 0x2000
                0x60000000                        QSPI_FLASH_START = 0x60000000
                0x04000000                        QSPI_FLASH_LENGTH = 0x4000000
                0x68000000                        OSPI0_CS0_START = 0x68000000
                0x08000000                        OSPI0_CS0_LENGTH = 0x8000000
                0x70000000                        OSPI0_CS1_START = 0x70000000
                0x10000000                        OSPI0_CS1_LENGTH = 0x10000000
                0x0100a100                        OPTION_SETTING_OFS0_START = 0x100a100
                0x00000004                        OPTION_SETTING_OFS0_LENGTH = 0x4
                0x0100a110                        OPTION_SETTING_DUALSEL_START = 0x100a110
                0x00000004                        OPTION_SETTING_DUALSEL_LENGTH = 0x4
                0x0100a180                        OPTION_SETTING_OFS1_START = 0x100a180
                0x00000004                        OPTION_SETTING_OFS1_LENGTH = 0x4
                0x0100a190                        OPTION_SETTING_BANKSEL_START = 0x100a190
                0x00000004                        OPTION_SETTING_BANKSEL_LENGTH = 0x4
                0x0100a1c0                        OPTION_SETTING_BPS_START = 0x100a1c0
                0x00000010                        OPTION_SETTING_BPS_LENGTH = 0x10
                0x0100a1e0                        OPTION_SETTING_PBPS_START = 0x100a1e0
                0x00000010                        OPTION_SETTING_PBPS_LENGTH = 0x10
                0x0100a200                        OPTION_SETTING_OFS1_SEC_START = 0x100a200
                0x00000004                        OPTION_SETTING_OFS1_SEC_LENGTH = 0x4
                0x0100a210                        OPTION_SETTING_BANKSEL_SEC_START = 0x100a210
                0x00000004                        OPTION_SETTING_BANKSEL_SEC_LENGTH = 0x4
                0x0100a240                        OPTION_SETTING_BPS_SEC_START = 0x100a240
                0x00000010                        OPTION_SETTING_BPS_SEC_LENGTH = 0x10
                0x0100a260                        OPTION_SETTING_PBPS_SEC_START = 0x100a260
                0x00000010                        OPTION_SETTING_PBPS_SEC_LENGTH = 0x10
                0x0100a280                        OPTION_SETTING_OFS1_SEL_START = 0x100a280
                0x00000004                        OPTION_SETTING_OFS1_SEL_LENGTH = 0x4
                0x0100a290                        OPTION_SETTING_BANKSEL_SEL_START = 0x100a290
                0x00000004                        OPTION_SETTING_BANKSEL_SEL_LENGTH = 0x4
                0x0100a2c0                        OPTION_SETTING_BPS_SEL_START = 0x100a2c0
                0x00000010                        OPTION_SETTING_BPS_SEL_LENGTH = 0x10
START GROUP
LOAD C:/Program Files (x86)/Arm GNU Toolchain arm-none-eabi/13.3 rel1/bin/../lib/gcc/arm-none-eabi/13.3.1/thumb/v8-m.main+fp/hard\libgcc.a
LOAD C:/Program Files (x86)/Arm GNU Toolchain arm-none-eabi/13.3 rel1/bin/../lib/gcc/arm-none-eabi/13.3.1/thumb/v8-m.main+fp/hard\libc.a
LOAD C:/Program Files (x86)/Arm GNU Toolchain arm-none-eabi/13.3 rel1/bin/../lib/gcc/arm-none-eabi/13.3.1/thumb/v8-m.main+fp/hard\libm.a
END GROUP

.qspi_flash.startof
                0x60000000        0x0
                0x60000000                        __ddsc_QSPI_FLASH_START = .

.ospi0_cs0.startof
                0x68000000        0x0
                0x68000000                        __ddsc_OSPI0_CS0_START = .

__ospi0_cs0_from_qspi_flash$$
                0x68000000        0x0 load address 0x60000000
                0x68000000                        __ospi0_cs0_from_qspi_flash$$Base = .
                0x60000000                        __ospi0_cs0_from_qspi_flash$$Load = LOADADDR (__ospi0_cs0_from_qspi_flash$$)
 *(.ospi0_cs0_from_qspi_flash)
 *(.ospi0_cs0_code_from_qspi_flash)
                0x68000000                        __ospi0_cs0_from_qspi_flash$$Limit = .

.ram.startof    0x20000000        0x0
                0x20000000                        __ddsc_RAM_START = .

__ram_dtc_vector$$
                0x20000000       0x24
                0x20000000                        __ram_dtc_vector$$Base = .
 *(.fsp_dtc_vector_table)
 .fsp_dtc_vector_table
                0x20000000       0x24 ./ra/fsp/src/r_dtc/r_dtc.o
                0x20000024                        __ram_dtc_vector$$Limit = .

__ram_from_qspi_flash$$
                0x20000024        0x0 load address 0x60000000
                0x20000024                        __ram_from_qspi_flash$$Base = .
                0x60000000                        __ram_from_qspi_flash$$Load = LOADADDR (__ram_from_qspi_flash$$)
 *(.ram_from_qspi_flash)
 *(.ram_code_from_qspi_flash)
                0x20000024                        __ram_from_qspi_flash$$Limit = .

__qspi_flash_readonly$$
                0x60000000        0x0
                0x60000000                        __qspi_flash_readonly$$Base = .
 *(.qspi_flash)
 *(.qspi_flash_code)
                0x60000000                        __qspi_flash_readonly$$Limit = .

__qspi_flash_noinit$$
                0x60000000        0x0
                0x60000000                        __qspi_flash_noinit$$Base = .
 *(.qspi_flash_noinit)
                0x60000000                        __qspi_flash_noinit$$Limit = .

.qspi_flash.endof
                0x60000000        0x0
                0x60000000                        __ddsc_QSPI_FLASH_END = .

.ospi0_cs1.startof
                0x70000000        0x0
                0x70000000                        __ddsc_OSPI0_CS1_START = .

__ospi0_cs0_from_ospi0_cs1$$
                0x68000000        0x0 load address 0x70000000
                0x68000000                        __ospi0_cs0_from_ospi0_cs1$$Base = .
                0x70000000                        __ospi0_cs0_from_ospi0_cs1$$Load = LOADADDR (__ospi0_cs0_from_ospi0_cs1$$)
 *(.ospi0_cs0_from_ospi0_cs1)
 *(.ospi0_cs0_code_from_ospi0_cs1)
                0x68000000                        __ospi0_cs0_from_ospi0_cs1$$Limit = .

__ram_from_ospi0_cs1$$
                0x20000024        0x0 load address 0x70000000
                0x20000024                        __ram_from_ospi0_cs1$$Base = .
                0x70000000                        __ram_from_ospi0_cs1$$Load = LOADADDR (__ram_from_ospi0_cs1$$)
 *(.ram_from_ospi0_cs1)
 *(.ram_code_from_ospi0_cs1)
                0x20000024                        __ram_from_ospi0_cs1$$Limit = .

__ospi0_cs1_readonly$$
                0x70000000        0x0
                0x70000000                        __ospi0_cs1_readonly$$Base = .
 *(.ospi0_cs1)
 *(.ospi0_cs1_code)
                0x70000000                        __ospi0_cs1_readonly$$Limit = .

__ospi0_cs1_noinit$$
                0x70000000        0x0
                0x70000000                        __ospi0_cs1_noinit$$Base = .
 *(.ospi0_cs1_noinit)
                0x70000000                        __ospi0_cs1_noinit$$Limit = .

.ospi0_cs1.endof
                0x70000000        0x0
                0x70000000                        __ddsc_OSPI0_CS1_END = .

.data_flash.startof
                0x08000000        0x0
                0x08000000                        __ddsc_DATA_FLASH_START = .

__ospi0_cs0_from_data_flash$$
                0x68000000        0x0 load address 0x08000000
                0x68000000                        __ospi0_cs0_from_data_flash$$Base = .
                0x08000000                        __ospi0_cs0_from_data_flash$$Load = LOADADDR (__ospi0_cs0_from_data_flash$$)
 *(.ospi0_cs0_from_data_flash)
 *(.ospi0_cs0_code_from_data_flash)
                0x68000000                        __ospi0_cs0_from_data_flash$$Limit = .

__ram_from_data_flash$$
                0x20000024        0x0 load address 0x08000000
                0x20000024                        __ram_from_data_flash$$Base = .
                0x08000000                        __ram_from_data_flash$$Load = LOADADDR (__ram_from_data_flash$$)
 *(.ram_from_data_flash)
 *(.ram_code_from_data_flash)
                0x20000024                        __ram_from_data_flash$$Limit = .

__data_flash_readonly$$
                0x08000000        0x0
                0x08000000                        __data_flash_readonly$$Base = .
 *(.data_flash)
 *(.data_flash_code)
                0x08000000                        __data_flash_readonly$$Limit = .

__data_flash_noinit$$
                0x08000000        0x0
                0x08000000                        __data_flash_noinit$$Base = .
 *(.data_flash_noinit)
                0x08000000                        __data_flash_noinit$$Limit = .

.data_flash.endof
                0x08000000        0x0
                0x08000000                        __ddsc_DATA_FLASH_END = .

.flash.startof  0x00000000        0x0
                0x00000000                        __ddsc_FLASH_START = .

__flash_vectors$$
                0x00000000       0x64
                0x00000000                        __flash_vectors$$Base = .
                0x00000000                        _VECTORS = .
 *(.fixed_vectors)
 .fixed_vectors
                0x00000000       0x40 ./ra/fsp/src/bsp/cmsis/Device/RENESAS/Source/startup.o
                0x00000000                __Vectors
 *(.application_vectors)
 .application_vectors
                0x00000040       0x24 ./ra_gen/vector_data.o
                0x00000040                g_vector_table
                0x00000064                        __flash_vectors$$Limit = .

__flash_noinit$$
                0x00000064        0x0
                0x00000064                        __flash_noinit$$Base = .
 *(.flash_noinit)
                0x00000064                        __flash_noinit$$Limit = .

__ospi0_cs0_from_flash$$
                0x68000000        0x0 load address 0x00000064
                0x68000000                        __ospi0_cs0_from_flash$$Base = .
                0x00000064                        __ospi0_cs0_from_flash$$Load = LOADADDR (__ospi0_cs0_from_flash$$)
 *(.ospi0_cs0_from_flash)
 *(.ospi0_cs0_code_from_flash)
                0x68000000                        __ospi0_cs0_from_flash$$Limit = .

__ospi0_cs0_noinit_nocache$$
                0x68000000        0x0 load address 0x00000080
                0x68000000                        __ospi0_cs0_noinit_nocache$$Base = .
 *(.ospi0_cs0_noinit_nocache)
                0x68000000                        __ospi0_cs0_noinit_nocache$$Limit = .

__ospi0_cs0_zero_nocache$$
                0x68000000        0x0 load address 0x00000064
                0x68000000                        __ospi0_cs0_zero_nocache$$Base = .
 *(.ospi0_cs0_nocache)
                0x68000000                        . = ALIGN (0x20)
                0x68000000                        __ospi0_cs0_zero_nocache$$Limit = .

__ospi0_cs0_noinit$$
                0x68000000        0x0 load address 0x00000064
                0x68000000                        __ospi0_cs0_noinit$$Base = .
 *(.ospi0_cs0_noinit)
                0x68000000                        __ospi0_cs0_noinit$$Limit = .

__ospi0_cs0_zero$$
                0x68000000        0x0 load address 0x00000064
                0x68000000                        __ospi0_cs0_zero$$Base = .
 *(.ospi0_cs0)
                0x68000000                        __ospi0_cs0_zero$$Limit = .

.ospi0_cs0.endof
                0x68000000        0x0
                0x68000000                        __ddsc_OSPI0_CS0_END = .

__ram_from_flash$$
                0x20000024       0x88 load address 0x00000064
                0x20000024                        __ram_from_flash$$Base = .
                0x00000064                        __ram_from_flash$$Load = LOADADDR (__ram_from_flash$$)
 *(.ram_from_flash)
 *(.ram_code_from_flash)
 *(.data*)
 .data.first_call.2
                0x20000024        0x1 ./src/Screen/st7735.o
 *fill*         0x20000025        0x3 
 .data.timeout_us
                0x20000028        0x4 ./src/Screen/st7735.o
                0x20000028                timeout_us
 .data.g_uart0_baud_setting
                0x2000002c        0x4 ./ra_gen/hal_data.o
                0x2000002c                g_uart0_baud_setting
 .data.g_transfer0_info
                0x20000030       0x10 ./ra_gen/hal_data.o
                0x20000030                g_transfer0_info
 .data.g_transfer1_info
                0x20000040       0x10 ./ra_gen/hal_data.o
                0x20000040                g_transfer1_info
 .data.__sglue  0x20000050        0xc C:/Program Files (x86)/Arm GNU Toolchain arm-none-eabi/13.3 rel1/bin/../lib/gcc/arm-none-eabi/13.3.1/thumb/v8-m.main+fp/hard\libg_nano.a(libc_a-findfp.o)
                0x20000050                __sglue
 .data._impure_ptr
                0x2000005c        0x4 C:/Program Files (x86)/Arm GNU Toolchain arm-none-eabi/13.3 rel1/bin/../lib/gcc/arm-none-eabi/13.3.1/thumb/v8-m.main+fp/hard\libg_nano.a(libc_a-impure.o)
                0x2000005c                _impure_ptr
 .data._impure_data
                0x20000060       0x4c C:/Program Files (x86)/Arm GNU Toolchain arm-none-eabi/13.3 rel1/bin/../lib/gcc/arm-none-eabi/13.3.1/thumb/v8-m.main+fp/hard\libg_nano.a(libc_a-impure.o)
                0x20000060                _impure_data
 *(vtable)
                0x200000ac                        __ram_from_flash$$Limit = .

.tm_clone_table
                0x200000ac        0x0 load address 0x000000ec
 .tm_clone_table
                0x200000ac        0x0 C:/Program Files (x86)/Arm GNU Toolchain arm-none-eabi/13.3 rel1/bin/../lib/gcc/arm-none-eabi/13.3.1/thumb/v8-m.main+fp/hard/crtbegin.o
 .tm_clone_table
                0x200000ac        0x0 C:/Program Files (x86)/Arm GNU Toolchain arm-none-eabi/13.3 rel1/bin/../lib/gcc/arm-none-eabi/13.3.1/thumb/v8-m.main+fp/hard/crtend.o

.igot.plt       0x200000ac        0x0 load address 0x000000ec
 .igot.plt      0x200000ac        0x0 C:/Program Files (x86)/Arm GNU Toolchain arm-none-eabi/13.3 rel1/bin/../lib/gcc/arm-none-eabi/13.3.1/thumb/v8-m.main+fp/hard/crtbegin.o

__ram_noinit_nocache$$
                0x200000c0        0x0 load address 0x00000100
                0x200000c0                        __ram_noinit_nocache$$Base = .
 *(.ram_noinit_nocache)
                0x200000c0                        __ram_noinit_nocache$$Limit = .

__ram_zero_nocache$$
                0x200000ac       0x14 load address 0x000000ec
                0x200000ac                        __ram_zero_nocache$$Base = .
 *(.ram_nocache)
                0x200000c0                        . = ALIGN (0x20)
 *fill*         0x200000ac       0x14 
                0x200000c0                        __ram_zero_nocache$$Limit = .

__ram_noinit$$  0x200000c0      0x41c load address 0x000000ec
                0x200000c0                        __ram_noinit$$Base = .
 *(.bss.g_heap)
 *(.bss.g_main_stack)
 .bss.g_main_stack
                0x200000c0      0x400 ./ra/fsp/src/bsp/cmsis/Device/RENESAS/Source/startup.o
                0x200000c0                g_main_stack
 *(.ram_noinit)
 .ram_noinit    0x200004c0       0x1c ./ra/fsp/src/bsp/mcu/all/bsp_clocks.o
 *(.noinit)
                0x200004dc                        __ram_noinit$$Limit = .

__ram_zero$$    0x200004e0     0x849c load address 0x000000ec
                0x200004e0                        __ram_zero$$Base = .
 *(.ram)
 *(.bss*)
 .bss.completed.1
                0x200004e0        0x1 C:/Program Files (x86)/Arm GNU Toolchain arm-none-eabi/13.3 rel1/bin/../lib/gcc/arm-none-eabi/13.3.1/thumb/v8-m.main+fp/hard/crtbegin.o
 *fill*         0x200004e1        0x3 
 .bss.object.0  0x200004e4       0x18 C:/Program Files (x86)/Arm GNU Toolchain arm-none-eabi/13.3 rel1/bin/../lib/gcc/arm-none-eabi/13.3.1/thumb/v8-m.main+fp/hard/crtbegin.o
 .bss.uart_send_complete_flag
                0x200004fc        0x1 ./src/UART_Debug/uart_debug.o
                0x200004fc                uart_send_complete_flag
 .bss.uart_receive_complete_flag
                0x200004fd        0x1 ./src/UART_Debug/uart_debug.o
                0x200004fd                uart_receive_complete_flag
 *fill*         0x200004fe        0x2 
 .bss.clock     0x20000500        0x4 ./src/TIM_Clock/tim_clock.o
                0x20000500                clock
 .bss.buff.0    0x20000504      0x100 ./src/Screen/st7735.o
 .bss.last_end_time.1
                0x20000604        0x4 ./src/Screen/st7735.o
 .bss.screen_state
                0x20000608       0x10 ./src/Screen/st7735.o
                0x20000608                screen_state
 .bss.spi_transfer_complete_flag
                0x20000618        0x1 ./src/Screen/st7735.o
                0x20000618                spi_transfer_complete_flag
 *fill*         0x20000619        0x3 
 .bss.page_checksum
                0x2000061c      0x100 ./src/Screen/st7735.o
 *fill*         0x2000071c        0x4 
 .bss.display_ram
                0x20000720     0x8000 ./src/Screen/st7735.o
 .bss.g_ioport_ctrl
                0x20008720        0x8 ./ra_gen/common_data.o
                0x20008720                g_ioport_ctrl
 .bss.g_uart0_ctrl
                0x20008728       0x30 ./ra_gen/hal_data.o
                0x20008728                g_uart0_ctrl
 .bss.g_timer0_ctrl
                0x20008758       0x20 ./ra_gen/hal_data.o
                0x20008758                g_timer0_ctrl
 .bss.g_spi0_ctrl
                0x20008778       0x2c ./ra_gen/hal_data.o
                0x20008778                g_spi0_ctrl
 .bss.g_transfer0_ctrl
                0x200087a4        0x8 ./ra_gen/hal_data.o
                0x200087a4                g_transfer0_ctrl
 .bss.g_transfer1_ctrl
                0x200087ac        0x8 ./ra_gen/hal_data.o
                0x200087ac                g_transfer1_ctrl
 .bss.tx_dummy.0
                0x200087b4        0x1 ./ra/fsp/src/r_sci_spi/r_sci_spi.o
 .bss.g_dtc_state_initialized.0
                0x200087b5        0x1 ./ra/fsp/src/r_dtc/r_dtc.o
 *fill*         0x200087b6        0x2 
 .bss.g_bsp_group_irq_sources
                0x200087b8       0x40 ./ra/fsp/src/bsp/mcu/all/bsp_group_irq.o
                0x200087b8                g_bsp_group_irq_sources
 .bss.g_protect_pfswe_counter
                0x200087f8        0x4 ./ra/fsp/src/bsp/mcu/all/bsp_io.o
                0x200087f8                g_protect_pfswe_counter
 .bss.gp_renesas_isr_context
                0x200087fc       0x24 ./ra/fsp/src/bsp/mcu/all/bsp_irq.o
                0x200087fc                gp_renesas_isr_context
 .bss.g_protect_counters
                0x20008820        0xa ./ra/fsp/src/bsp/mcu/all/bsp_register_protection.o
                0x20008820                g_protect_counters
 *fill*         0x2000882a        0x2 
 .bss.SystemCoreClock
                0x2000882c        0x4 ./ra/fsp/src/bsp/cmsis/Device/RENESAS/Source/system.o
                0x2000882c                SystemCoreClock
 .bss.__sf      0x20008830      0x138 C:/Program Files (x86)/Arm GNU Toolchain arm-none-eabi/13.3 rel1/bin/../lib/gcc/arm-none-eabi/13.3.1/thumb/v8-m.main+fp/hard\libg_nano.a(libc_a-findfp.o)
                0x20008830                __sf
 .bss.__stdio_exit_handler
                0x20008968        0x4 C:/Program Files (x86)/Arm GNU Toolchain arm-none-eabi/13.3 rel1/bin/../lib/gcc/arm-none-eabi/13.3.1/thumb/v8-m.main+fp/hard\libg_nano.a(libc_a-findfp.o)
                0x20008968                __stdio_exit_handler
 .bss.errno     0x2000896c        0x4 C:/Program Files (x86)/Arm GNU Toolchain arm-none-eabi/13.3 rel1/bin/../lib/gcc/arm-none-eabi/13.3.1/thumb/v8-m.main+fp/hard\libg_nano.a(libc_a-reent.o)
                0x2000896c                errno
 .bss.__lock___malloc_recursive_mutex
                0x20008970        0x1 C:/Program Files (x86)/Arm GNU Toolchain arm-none-eabi/13.3 rel1/bin/../lib/gcc/arm-none-eabi/13.3.1/thumb/v8-m.main+fp/hard\libg_nano.a(libc_a-lock.o)
                0x20008970                __lock___malloc_recursive_mutex
 .bss.__lock___sfp_recursive_mutex
                0x20008971        0x1 C:/Program Files (x86)/Arm GNU Toolchain arm-none-eabi/13.3 rel1/bin/../lib/gcc/arm-none-eabi/13.3.1/thumb/v8-m.main+fp/hard\libg_nano.a(libc_a-lock.o)
                0x20008971                __lock___sfp_recursive_mutex
 *fill*         0x20008972        0x2 
 .bss.__malloc_sbrk_start
                0x20008974        0x4 C:/Program Files (x86)/Arm GNU Toolchain arm-none-eabi/13.3 rel1/bin/../lib/gcc/arm-none-eabi/13.3.1/thumb/v8-m.main+fp/hard\libg_nano.a(libc_a-mallocr.o)
                0x20008974                __malloc_sbrk_start
 .bss.__malloc_free_list
                0x20008978        0x4 C:/Program Files (x86)/Arm GNU Toolchain arm-none-eabi/13.3 rel1/bin/../lib/gcc/arm-none-eabi/13.3.1/thumb/v8-m.main+fp/hard\libg_nano.a(libc_a-mallocr.o)
                0x20008978                __malloc_free_list
                0x2000897c                        __ram_zero$$Limit = .

__ram_thread_stack$$
                0x20008980        0x0 load address 0x000000f0
                0x20008980                        __ram_thread_stack$$Base = .
 *(.stack?*)
                0x20008980                        __ram_thread_stack$$Limit = .

.ram.endof      0x20008c00        0x0
                0x20008c00                        __ddsc_RAM_END = .

.ram.flat_nsc   0x20008c00        0x0
                0x20008c00                        __ddsc_RAM_NSC = .

__flash_readonly$$
                0x000000ec     0x3c4c
                0x000000ec                        __flash_readonly$$Base = .
 *(.flash)
 *(.flash_code)
 *(.text*)
 .text.deregister_tm_clones
                0x000000ec       0x1c C:/Program Files (x86)/Arm GNU Toolchain arm-none-eabi/13.3 rel1/bin/../lib/gcc/arm-none-eabi/13.3.1/thumb/v8-m.main+fp/hard/crtbegin.o
 .text.register_tm_clones
                0x00000108       0x28 C:/Program Files (x86)/Arm GNU Toolchain arm-none-eabi/13.3 rel1/bin/../lib/gcc/arm-none-eabi/13.3.1/thumb/v8-m.main+fp/hard/crtbegin.o
 .text.__do_global_dtors_aux
                0x00000130       0x28 C:/Program Files (x86)/Arm GNU Toolchain arm-none-eabi/13.3 rel1/bin/../lib/gcc/arm-none-eabi/13.3.1/thumb/v8-m.main+fp/hard/crtbegin.o
 .text.frame_dummy
                0x00000158       0x24 C:/Program Files (x86)/Arm GNU Toolchain arm-none-eabi/13.3 rel1/bin/../lib/gcc/arm-none-eabi/13.3.1/thumb/v8-m.main+fp/hard/crtbegin.o
 .text._isatty  0x0000017c       0x18 ./src/UART_Debug/uart_debug.o
                0x0000017c                _isatty
 .text._close   0x00000194       0x1c ./src/UART_Debug/uart_debug.o
                0x00000194                _close
 .text._lseek   0x000001b0       0x14 ./src/UART_Debug/uart_debug.o
                0x000001b0                _lseek
 .text._fstat   0x000001c4       0x1c ./src/UART_Debug/uart_debug.o
                0x000001c4                _fstat
 .text.UART_Debug_Init
                0x000001e0       0x30 ./src/UART_Debug/uart_debug.o
                0x000001e0                UART_Debug_Init
 .text.UART_Debug_Callback
                0x00000210       0x38 ./src/UART_Debug/uart_debug.o
                0x00000210                UART_Debug_Callback
 .text._write   0x00000248       0x24 ./src/UART_Debug/uart_debug.o
                0x00000248                _write
 .text._read    0x0000026c       0x24 ./src/UART_Debug/uart_debug.o
                0x0000026c                _read
 .text.TIM_Clock_Init
                0x00000290       0x20 ./src/TIM_Clock/tim_clock.o
                0x00000290                TIM_Clock_Init
 .text.TIM_Clock_Callback
                0x000002b0       0x14 ./src/TIM_Clock/tim_clock.o
                0x000002b0                TIM_Clock_Callback
 .text.SCREEN_FillScreen
                0x000002c4        0x4 ./src/Screen/screen.o
                0x000002c4                SCREEN_FillScreen
 .text.SCREEN_DrawRectSolid
                0x000002c8       0x88 ./src/Screen/screen.o
                0x000002c8                SCREEN_DrawRectSolid
 .text.sci_spi_callback
                0x00000350       0x10 ./src/Screen/st7735.o
                0x00000350                sci_spi_callback
 .text.ST7735_WriteCmd
                0x00000360       0x7c ./src/Screen/st7735.o
                0x00000360                ST7735_WriteCmd
 .text.ST7735_WriteByte
                0x000003dc       0x7c ./src/Screen/st7735.o
                0x000003dc                ST7735_WriteByte
 .text.ST7735_WriteData
                0x00000458       0x78 ./src/Screen/st7735.o
                0x00000458                ST7735_WriteData
 .text.ReadPixel
                0x000004d0       0x10 ./src/Screen/st7735.o
                0x000004d0                ReadPixel
 .text.DrawPixel
                0x000004e0       0x1c ./src/Screen/st7735.o
                0x000004e0                DrawPixel
 .text.FillScreen
                0x000004fc       0x64 ./src/Screen/st7735.o
                0x000004fc                FillScreen
 .text.SCREEN_CalculateChecksum
                0x00000560       0x50 ./src/Screen/st7735.o
                0x00000560                SCREEN_CalculateChecksum
 .text.SCREEN_RefreshScreen
                0x000005b0      0x140 ./src/Screen/st7735.o
                0x000005b0                SCREEN_RefreshScreen
 .text.SCREEN_Init
                0x000006f0      0x2a8 ./src/Screen/st7735.o
                0x000006f0                SCREEN_Init
 .text.SCREEN_GetRefreshTime
                0x00000998        0xc ./src/Screen/st7735.o
                0x00000998                SCREEN_GetRefreshTime
 .text.SCREEN_GetRefreshIntervalTime
                0x000009a4        0xc ./src/Screen/st7735.o
                0x000009a4                SCREEN_GetRefreshIntervalTime
 .text.LCD_Test
                0x000009b0       0xd0 ./src/hal_entry.o
                0x000009b0                LCD_Test
 .text.hal_entry
                0x00000a80       0x28 ./src/hal_entry.o
                0x00000a80                hal_entry
 .text.R_BSP_WarmStart
                0x00000aa8       0x18 ./src/hal_warmstart.o
                0x00000aa8                R_BSP_WarmStart
 .text.startup.main
                0x00000ac0        0xc ./ra_gen/main.o
                0x00000ac0                main
 .text.R_SCI_UART_Read
                0x00000acc        0xc ./ra/fsp/src/r_sci_uart/r_sci_uart.o
                0x00000acc                R_SCI_UART_Read
 .text.R_SCI_UART_Write
                0x00000ad8       0x50 ./ra/fsp/src/r_sci_uart/r_sci_uart.o
                0x00000ad8                R_SCI_UART_Write
 .text.r_sci_uart_call_callback
                0x00000b28       0x44 ./ra/fsp/src/r_sci_uart/r_sci_uart.o
 .text.R_SCI_UART_Open
                0x00000b6c      0x3b4 ./ra/fsp/src/r_sci_uart/r_sci_uart.o
                0x00000b6c                R_SCI_UART_Open
 .text.sci_uart_txi_isr
                0x00000f20       0x8c ./ra/fsp/src/r_sci_uart/r_sci_uart.o
                0x00000f20                sci_uart_txi_isr
 .text.sci_uart_rxi_isr
                0x00000fac       0x90 ./ra/fsp/src/r_sci_uart/r_sci_uart.o
                0x00000fac                sci_uart_rxi_isr
 .text.sci_uart_tei_isr
                0x0000103c       0x48 ./ra/fsp/src/r_sci_uart/r_sci_uart.o
                0x0000103c                sci_uart_tei_isr
 .text.sci_uart_eri_isr
                0x00001084       0x78 ./ra/fsp/src/r_sci_uart/r_sci_uart.o
                0x00001084                sci_uart_eri_isr
 .text.r_sci_spi_call_callback
                0x000010fc       0x40 ./ra/fsp/src/r_sci_spi/r_sci_spi.o
 .text.R_SCI_SPI_Open
                0x0000113c      0x2f4 ./ra/fsp/src/r_sci_spi/r_sci_spi.o
                0x0000113c                R_SCI_SPI_Open
 .text.r_sci_spi_write_read_common
                0x00001430      0x150 ./ra/fsp/src/r_sci_spi/r_sci_spi.o
 .text.R_SCI_SPI_Write
                0x00001580        0x8 ./ra/fsp/src/r_sci_spi/r_sci_spi.o
                0x00001580                R_SCI_SPI_Write
 .text.sci_spi_txi_isr
                0x00001588       0x68 ./ra/fsp/src/r_sci_spi/r_sci_spi.o
                0x00001588                sci_spi_txi_isr
 .text.sci_spi_rxi_isr
                0x000015f0       0x74 ./ra/fsp/src/r_sci_spi/r_sci_spi.o
                0x000015f0                sci_spi_rxi_isr
 .text.sci_spi_tei_isr
                0x00001664       0x40 ./ra/fsp/src/r_sci_spi/r_sci_spi.o
                0x00001664                sci_spi_tei_isr
 .text.sci_spi_eri_isr
                0x000016a4       0x4c ./ra/fsp/src/r_sci_spi/r_sci_spi.o
                0x000016a4                sci_spi_eri_isr
 .text.R_IOPORT_Close
                0x000016f0        0xc ./ra/fsp/src/r_ioport/r_ioport.o
                0x000016f0                R_IOPORT_Close
 .text.R_IOPORT_PinRead
                0x000016fc       0x24 ./ra/fsp/src/r_ioport/r_ioport.o
                0x000016fc                R_IOPORT_PinRead
 .text.R_IOPORT_PortRead
                0x00001720       0x14 ./ra/fsp/src/r_ioport/r_ioport.o
                0x00001720                R_IOPORT_PortRead
 .text.R_IOPORT_PortWrite
                0x00001734       0x1c ./ra/fsp/src/r_ioport/r_ioport.o
                0x00001734                R_IOPORT_PortWrite
 .text.R_IOPORT_PinWrite
                0x00001750       0x20 ./ra/fsp/src/r_ioport/r_ioport.o
                0x00001750                R_IOPORT_PinWrite
 .text.R_IOPORT_PortDirectionSet
                0x00001770       0x2c ./ra/fsp/src/r_ioport/r_ioport.o
                0x00001770                R_IOPORT_PortDirectionSet
 .text.R_IOPORT_PortEventInputRead
                0x0000179c       0x18 ./ra/fsp/src/r_ioport/r_ioport.o
                0x0000179c                R_IOPORT_PortEventInputRead
 .text.R_IOPORT_PinEventInputRead
                0x000017b4       0x34 ./ra/fsp/src/r_ioport/r_ioport.o
                0x000017b4                R_IOPORT_PinEventInputRead
 .text.R_IOPORT_PortEventOutputWrite
                0x000017e8       0x1c ./ra/fsp/src/r_ioport/r_ioport.o
                0x000017e8                R_IOPORT_PortEventOutputWrite
 .text.R_IOPORT_PinEventOutputWrite
                0x00001804       0x34 ./ra/fsp/src/r_ioport/r_ioport.o
                0x00001804                R_IOPORT_PinEventOutputWrite
 .text.bsp_vbatt_init
                0x00001838       0xe8 ./ra/fsp/src/r_ioport/r_ioport.o
 .text.r_ioport_pins_config
                0x00001920       0xac ./ra/fsp/src/r_ioport/r_ioport.o
 .text.R_IOPORT_Open
                0x000019cc       0x14 ./ra/fsp/src/r_ioport/r_ioport.o
                0x000019cc                R_IOPORT_Open
 .text.R_IOPORT_PinsCfg
                0x000019e0        0xc ./ra/fsp/src/r_ioport/r_ioport.o
                0x000019e0                R_IOPORT_PinsCfg
 .text.R_IOPORT_PinCfg
                0x000019ec       0xa8 ./ra/fsp/src/r_ioport/r_ioport.o
                0x000019ec                R_IOPORT_PinCfg
 .text.R_GPT_Start
                0x00001a94        0xc ./ra/fsp/src/r_gpt/r_gpt.o
                0x00001a94                R_GPT_Start
 .text.r_gpt_call_callback
                0x00001aa0       0x3c ./ra/fsp/src/r_gpt/r_gpt.o
 .text.R_GPT_Open
                0x00001adc      0x404 ./ra/fsp/src/r_gpt/r_gpt.o
                0x00001adc                R_GPT_Open
 .text.gpt_counter_overflow_isr
                0x00001ee0      0x204 ./ra/fsp/src/r_gpt/r_gpt.o
                0x00001ee0                gpt_counter_overflow_isr
 .text.R_DTC_Reset
                0x000020e4       0x8c ./ra/fsp/src/r_dtc/r_dtc.o
                0x000020e4                R_DTC_Reset
 .text.R_DTC_SoftwareStart
                0x00002170        0x4 ./ra/fsp/src/r_dtc/r_dtc.o
                0x00002170                R_DTC_SoftwareStart
 .text.R_DTC_SoftwareStop
                0x00002174        0x4 ./ra/fsp/src/r_dtc/r_dtc.o
                0x00002174                R_DTC_SoftwareStop
 .text.R_DTC_Enable
                0x00002178       0x20 ./ra/fsp/src/r_dtc/r_dtc.o
                0x00002178                R_DTC_Enable
 .text.R_DTC_Disable
                0x00002198       0x20 ./ra/fsp/src/r_dtc/r_dtc.o
                0x00002198                R_DTC_Disable
 .text.R_DTC_InfoGet
                0x000021b8       0x54 ./ra/fsp/src/r_dtc/r_dtc.o
                0x000021b8                R_DTC_InfoGet
 .text.R_DTC_Reload
                0x0000220c        0x4 ./ra/fsp/src/r_dtc/r_dtc.o
                0x0000220c                R_DTC_Reload
 .text.R_DTC_CallbackSet
                0x00002210        0x4 ./ra/fsp/src/r_dtc/r_dtc.o
                0x00002210                R_DTC_CallbackSet
 .text.R_DTC_Close
                0x00002214       0x30 ./ra/fsp/src/r_dtc/r_dtc.o
                0x00002214                R_DTC_Close
 .text.R_DTC_Reconfigure
                0x00002244       0x88 ./ra/fsp/src/r_dtc/r_dtc.o
                0x00002244                R_DTC_Reconfigure
 .text.R_DTC_Open
                0x000022cc       0xb4 ./ra/fsp/src/r_dtc/r_dtc.o
                0x000022cc                R_DTC_Open
 .text.SystemCoreClockUpdate
                0x00002380       0x28 ./ra/fsp/src/bsp/mcu/all/bsp_clocks.o
                0x00002380                SystemCoreClockUpdate
 .text.R_BSP_SubClockStabilizeWaitAfterReset
                0x000023a8        0x4 ./ra/fsp/src/bsp/mcu/all/bsp_clocks.o
                0x000023a8                R_BSP_SubClockStabilizeWaitAfterReset
 .text.bsp_clock_init
                0x000023ac      0x14c ./ra/fsp/src/bsp/mcu/all/bsp_clocks.o
                0x000023ac                bsp_clock_init
 .text.R_BSP_Init_RTC
                0x000024f8       0xb0 ./ra/fsp/src/bsp/mcu/all/bsp_clocks.o
                0x000024f8                R_BSP_Init_RTC
 .text.bsp_init_internal
                0x000025a8        0x4 ./ra/fsp/src/bsp/mcu/all/bsp_common.o
                0x000025a8                bsp_init_internal
                0x000025a8                bsp_init
 .text.__assert_func
                0x000025ac        0x4 ./ra/fsp/src/bsp/mcu/all/bsp_common.o
                0x000025ac                __assert_func
 .text.bsp_prv_software_delay_loop
                0x000025b0        0xc ./ra/fsp/src/bsp/mcu/all/bsp_delay.o
                0x000025b0                bsp_prv_software_delay_loop
 .text.R_BSP_SoftwareDelay
                0x000025bc       0x8c ./ra/fsp/src/bsp/mcu/all/bsp_delay.o
                0x000025bc                R_BSP_SoftwareDelay
 .text.NMI_Handler
                0x00002648       0x3c ./ra/fsp/src/bsp/mcu/all/bsp_group_irq.o
                0x00002648                NMI_Handler
 .text.bsp_irq_cfg
                0x00002684       0x94 ./ra/fsp/src/bsp/mcu/all/bsp_irq.o
                0x00002684                bsp_irq_cfg
 .text.R_BSP_RegisterProtectEnable
                0x00002718       0x60 ./ra/fsp/src/bsp/mcu/all/bsp_register_protection.o
                0x00002718                R_BSP_RegisterProtectEnable
 .text.R_BSP_RegisterProtectDisable
                0x00002778       0x54 ./ra/fsp/src/bsp/mcu/all/bsp_register_protection.o
                0x00002778                R_BSP_RegisterProtectDisable
 .text._sbrk    0x000027cc       0x14 ./ra/fsp/src/bsp/mcu/all/bsp_sbrk.o
                0x000027cc                _sbrk
 .text.Default_Handler
                0x000027e0        0x4 ./ra/fsp/src/bsp/cmsis/Device/RENESAS/Source/startup.o
                0x000027e0                DebugMon_Handler
                0x000027e0                HardFault_Handler
                0x000027e0                SysTick_Handler
                0x000027e0                PendSV_Handler
                0x000027e0                UsageFault_Handler
                0x000027e0                SecureFault_Handler
                0x000027e0                Default_Handler
                0x000027e0                MemManage_Handler
                0x000027e0                SVC_Handler
                0x000027e0                BusFault_Handler
 .text.Reset_Handler
                0x000027e4        0xc ./ra/fsp/src/bsp/cmsis/Device/RENESAS/Source/startup.o
                0x000027e4                Reset_Handler
 .text.SystemRuntimeInit
                0x000027f0       0x64 ./ra/fsp/src/bsp/cmsis/Device/RENESAS/Source/system.o
 .text.SystemInit
                0x00002854       0xc0 ./ra/fsp/src/bsp/cmsis/Device/RENESAS/Source/system.o
                0x00002854                SystemInit
 .text.std      0x00002914       0x6c C:/Program Files (x86)/Arm GNU Toolchain arm-none-eabi/13.3 rel1/bin/../lib/gcc/arm-none-eabi/13.3.1/thumb/v8-m.main+fp/hard\libg_nano.a(libc_a-findfp.o)
 .text.stdio_exit_handler
                0x00002980       0x18 C:/Program Files (x86)/Arm GNU Toolchain arm-none-eabi/13.3 rel1/bin/../lib/gcc/arm-none-eabi/13.3.1/thumb/v8-m.main+fp/hard\libg_nano.a(libc_a-findfp.o)
 .text.cleanup_stdio
                0x00002998       0x40 C:/Program Files (x86)/Arm GNU Toolchain arm-none-eabi/13.3 rel1/bin/../lib/gcc/arm-none-eabi/13.3.1/thumb/v8-m.main+fp/hard\libg_nano.a(libc_a-findfp.o)
 .text.global_stdio_init.part.0
                0x000029d8       0x3c C:/Program Files (x86)/Arm GNU Toolchain arm-none-eabi/13.3 rel1/bin/../lib/gcc/arm-none-eabi/13.3.1/thumb/v8-m.main+fp/hard\libg_nano.a(libc_a-findfp.o)
 .text.__sfp_lock_acquire
                0x00002a14        0xc C:/Program Files (x86)/Arm GNU Toolchain arm-none-eabi/13.3 rel1/bin/../lib/gcc/arm-none-eabi/13.3.1/thumb/v8-m.main+fp/hard\libg_nano.a(libc_a-findfp.o)
                0x00002a14                __sfp_lock_acquire
 .text.__sfp_lock_release
                0x00002a20        0xc C:/Program Files (x86)/Arm GNU Toolchain arm-none-eabi/13.3 rel1/bin/../lib/gcc/arm-none-eabi/13.3.1/thumb/v8-m.main+fp/hard\libg_nano.a(libc_a-findfp.o)
                0x00002a20                __sfp_lock_release
 .text.__sinit  0x00002a2c       0x30 C:/Program Files (x86)/Arm GNU Toolchain arm-none-eabi/13.3 rel1/bin/../lib/gcc/arm-none-eabi/13.3.1/thumb/v8-m.main+fp/hard\libg_nano.a(libc_a-findfp.o)
                0x00002a2c                __sinit
 .text._fwalk_sglue
                0x00002a5c       0x3c C:/Program Files (x86)/Arm GNU Toolchain arm-none-eabi/13.3 rel1/bin/../lib/gcc/arm-none-eabi/13.3.1/thumb/v8-m.main+fp/hard\libg_nano.a(libc_a-fwalk.o)
                0x00002a5c                _fwalk_sglue
 .text.printf   0x00002a98       0x24 C:/Program Files (x86)/Arm GNU Toolchain arm-none-eabi/13.3 rel1/bin/../lib/gcc/arm-none-eabi/13.3.1/thumb/v8-m.main+fp/hard\libg_nano.a(libc_a-printf.o)
                0x00002a98                iprintf
                0x00002a98                printf
 .text.__sread  0x00002abc       0x22 C:/Program Files (x86)/Arm GNU Toolchain arm-none-eabi/13.3 rel1/bin/../lib/gcc/arm-none-eabi/13.3.1/thumb/v8-m.main+fp/hard\libg_nano.a(libc_a-stdio.o)
                0x00002abc                __sread
 .text.__swrite
                0x00002ade       0x38 C:/Program Files (x86)/Arm GNU Toolchain arm-none-eabi/13.3 rel1/bin/../lib/gcc/arm-none-eabi/13.3.1/thumb/v8-m.main+fp/hard\libg_nano.a(libc_a-stdio.o)
                0x00002ade                __swrite
 .text.__sseek  0x00002b16       0x24 C:/Program Files (x86)/Arm GNU Toolchain arm-none-eabi/13.3 rel1/bin/../lib/gcc/arm-none-eabi/13.3.1/thumb/v8-m.main+fp/hard\libg_nano.a(libc_a-stdio.o)
                0x00002b16                __sseek
 .text.__sclose
                0x00002b3a        0x8 C:/Program Files (x86)/Arm GNU Toolchain arm-none-eabi/13.3 rel1/bin/../lib/gcc/arm-none-eabi/13.3.1/thumb/v8-m.main+fp/hard\libg_nano.a(libc_a-stdio.o)
                0x00002b3a                __sclose
 .text.memset   0x00002b42       0x10 C:/Program Files (x86)/Arm GNU Toolchain arm-none-eabi/13.3 rel1/bin/../lib/gcc/arm-none-eabi/13.3.1/thumb/v8-m.main+fp/hard\libg_nano.a(libc_a-memset.o)
                0x00002b42                memset
 *fill*         0x00002b52        0x2 
 .text._close_r
                0x00002b54       0x20 C:/Program Files (x86)/Arm GNU Toolchain arm-none-eabi/13.3 rel1/bin/../lib/gcc/arm-none-eabi/13.3.1/thumb/v8-m.main+fp/hard\libg_nano.a(libc_a-closer.o)
                0x00002b54                _close_r
 .text._lseek_r
                0x00002b74       0x24 C:/Program Files (x86)/Arm GNU Toolchain arm-none-eabi/13.3 rel1/bin/../lib/gcc/arm-none-eabi/13.3.1/thumb/v8-m.main+fp/hard\libg_nano.a(libc_a-lseekr.o)
                0x00002b74                _lseek_r
 .text._read_r  0x00002b98       0x24 C:/Program Files (x86)/Arm GNU Toolchain arm-none-eabi/13.3 rel1/bin/../lib/gcc/arm-none-eabi/13.3.1/thumb/v8-m.main+fp/hard\libg_nano.a(libc_a-readr.o)
                0x00002b98                _read_r
 .text._write_r
                0x00002bbc       0x24 C:/Program Files (x86)/Arm GNU Toolchain arm-none-eabi/13.3 rel1/bin/../lib/gcc/arm-none-eabi/13.3.1/thumb/v8-m.main+fp/hard\libg_nano.a(libc_a-writer.o)
                0x00002bbc                _write_r
 .text.__errno  0x00002be0        0xc C:/Program Files (x86)/Arm GNU Toolchain arm-none-eabi/13.3 rel1/bin/../lib/gcc/arm-none-eabi/13.3.1/thumb/v8-m.main+fp/hard\libg_nano.a(libc_a-errno.o)
                0x00002be0                __errno
 .text.__retarget_lock_init_recursive
                0x00002bec        0x2 C:/Program Files (x86)/Arm GNU Toolchain arm-none-eabi/13.3 rel1/bin/../lib/gcc/arm-none-eabi/13.3.1/thumb/v8-m.main+fp/hard\libg_nano.a(libc_a-lock.o)
                0x00002bec                __retarget_lock_init_recursive
 .text.__retarget_lock_acquire_recursive
                0x00002bee        0x2 C:/Program Files (x86)/Arm GNU Toolchain arm-none-eabi/13.3 rel1/bin/../lib/gcc/arm-none-eabi/13.3.1/thumb/v8-m.main+fp/hard\libg_nano.a(libc_a-lock.o)
                0x00002bee                __retarget_lock_acquire_recursive
 .text.__retarget_lock_release_recursive
                0x00002bf0        0x2 C:/Program Files (x86)/Arm GNU Toolchain arm-none-eabi/13.3 rel1/bin/../lib/gcc/arm-none-eabi/13.3.1/thumb/v8-m.main+fp/hard\libg_nano.a(libc_a-lock.o)
                0x00002bf0                __retarget_lock_release_recursive
 .text.memcpy   0x00002bf2       0x1a C:/Program Files (x86)/Arm GNU Toolchain arm-none-eabi/13.3 rel1/bin/../lib/gcc/arm-none-eabi/13.3.1/thumb/v8-m.main+fp/hard\libg_nano.a(libc_a-memcpy-stub.o)
                0x00002bf2                memcpy
 .text._free_r  0x00002c0c       0x94 C:/Program Files (x86)/Arm GNU Toolchain arm-none-eabi/13.3 rel1/bin/../lib/gcc/arm-none-eabi/13.3.1/thumb/v8-m.main+fp/hard\libg_nano.a(libc_a-freer.o)
                0x00002c0c                _free_r
 .text.sbrk_aligned
                0x00002ca0       0x44 C:/Program Files (x86)/Arm GNU Toolchain arm-none-eabi/13.3 rel1/bin/../lib/gcc/arm-none-eabi/13.3.1/thumb/v8-m.main+fp/hard\libg_nano.a(libc_a-mallocr.o)
 .text._malloc_r
                0x00002ce4      0x100 C:/Program Files (x86)/Arm GNU Toolchain arm-none-eabi/13.3 rel1/bin/../lib/gcc/arm-none-eabi/13.3.1/thumb/v8-m.main+fp/hard\libg_nano.a(libc_a-mallocr.o)
                0x00002ce4                _malloc_r
 .text.__malloc_lock
                0x00002de4        0xc C:/Program Files (x86)/Arm GNU Toolchain arm-none-eabi/13.3 rel1/bin/../lib/gcc/arm-none-eabi/13.3.1/thumb/v8-m.main+fp/hard\libg_nano.a(libc_a-mlock.o)
                0x00002de4                __malloc_lock
 .text.__malloc_unlock
                0x00002df0        0xc C:/Program Files (x86)/Arm GNU Toolchain arm-none-eabi/13.3 rel1/bin/../lib/gcc/arm-none-eabi/13.3.1/thumb/v8-m.main+fp/hard\libg_nano.a(libc_a-mlock.o)
                0x00002df0                __malloc_unlock
 .text.__sfputc_r
                0x00002dfc       0x2e C:/Program Files (x86)/Arm GNU Toolchain arm-none-eabi/13.3 rel1/bin/../lib/gcc/arm-none-eabi/13.3.1/thumb/v8-m.main+fp/hard\libg_nano.a(libc_a-nano-vfprintf.o)
 .text.__sfputs_r
                0x00002e2a       0x24 C:/Program Files (x86)/Arm GNU Toolchain arm-none-eabi/13.3 rel1/bin/../lib/gcc/arm-none-eabi/13.3.1/thumb/v8-m.main+fp/hard\libg_nano.a(libc_a-nano-vfprintf.o)
                0x00002e2a                __sfputs_r
 *fill*         0x00002e4e        0x2 
 .text._vfprintf_r
                0x00002e50      0x230 C:/Program Files (x86)/Arm GNU Toolchain arm-none-eabi/13.3 rel1/bin/../lib/gcc/arm-none-eabi/13.3.1/thumb/v8-m.main+fp/hard\libg_nano.a(libc_a-nano-vfprintf.o)
                0x00002e50                _vfprintf_r
                0x00002e50                _vfiprintf_r
 .text._printf_common
                0x00003080       0xe4 C:/Program Files (x86)/Arm GNU Toolchain arm-none-eabi/13.3 rel1/bin/../lib/gcc/arm-none-eabi/13.3.1/thumb/v8-m.main+fp/hard\libg_nano.a(libc_a-nano-vfprintf_i.o)
                0x00003080                _printf_common
 .text._printf_i
                0x00003164      0x23c C:/Program Files (x86)/Arm GNU Toolchain arm-none-eabi/13.3 rel1/bin/../lib/gcc/arm-none-eabi/13.3.1/thumb/v8-m.main+fp/hard\libg_nano.a(libc_a-nano-vfprintf_i.o)
                0x00003164                _printf_i
 .text.__sflush_r
                0x000033a0      0x108 C:/Program Files (x86)/Arm GNU Toolchain arm-none-eabi/13.3 rel1/bin/../lib/gcc/arm-none-eabi/13.3.1/thumb/v8-m.main+fp/hard\libg_nano.a(libc_a-fflush.o)
                0x000033a0                __sflush_r
 .text._fflush_r
                0x000034a8       0x50 C:/Program Files (x86)/Arm GNU Toolchain arm-none-eabi/13.3 rel1/bin/../lib/gcc/arm-none-eabi/13.3.1/thumb/v8-m.main+fp/hard\libg_nano.a(libc_a-fflush.o)
                0x000034a8                _fflush_r
 .text.__swbuf_r
                0x000034f8       0x7c C:/Program Files (x86)/Arm GNU Toolchain arm-none-eabi/13.3 rel1/bin/../lib/gcc/arm-none-eabi/13.3.1/thumb/v8-m.main+fp/hard\libg_nano.a(libc_a-wbuf.o)
                0x000034f8                __swbuf_r
 .text.__swsetup_r
                0x00003574       0xac C:/Program Files (x86)/Arm GNU Toolchain arm-none-eabi/13.3 rel1/bin/../lib/gcc/arm-none-eabi/13.3.1/thumb/v8-m.main+fp/hard\libg_nano.a(libc_a-wsetup.o)
                0x00003574                __swsetup_r
 .text._sbrk_r  0x00003620       0x20 C:/Program Files (x86)/Arm GNU Toolchain arm-none-eabi/13.3 rel1/bin/../lib/gcc/arm-none-eabi/13.3.1/thumb/v8-m.main+fp/hard\libg_nano.a(libc_a-sbrkr.o)
                0x00003620                _sbrk_r
 .text.memchr   0x00003640       0x1c C:/Program Files (x86)/Arm GNU Toolchain arm-none-eabi/13.3 rel1/bin/../lib/gcc/arm-none-eabi/13.3.1/thumb/v8-m.main+fp/hard\libg_nano.a(libc_a-memchr-stub.o)
                0x00003640                memchr
 .text.__swhatbuf_r
                0x0000365c       0x4a C:/Program Files (x86)/Arm GNU Toolchain arm-none-eabi/13.3 rel1/bin/../lib/gcc/arm-none-eabi/13.3.1/thumb/v8-m.main+fp/hard\libg_nano.a(libc_a-makebuf.o)
                0x0000365c                __swhatbuf_r
 .text.__smakebuf_r
                0x000036a6       0x78 C:/Program Files (x86)/Arm GNU Toolchain arm-none-eabi/13.3 rel1/bin/../lib/gcc/arm-none-eabi/13.3.1/thumb/v8-m.main+fp/hard\libg_nano.a(libc_a-makebuf.o)
                0x000036a6                __smakebuf_r
 *fill*         0x0000371e        0x2 
 .text._fstat_r
                0x00003720       0x24 C:/Program Files (x86)/Arm GNU Toolchain arm-none-eabi/13.3 rel1/bin/../lib/gcc/arm-none-eabi/13.3.1/thumb/v8-m.main+fp/hard\libg_nano.a(libc_a-fstatr.o)
                0x00003720                _fstat_r
 .text._isatty_r
                0x00003744       0x20 C:/Program Files (x86)/Arm GNU Toolchain arm-none-eabi/13.3 rel1/bin/../lib/gcc/arm-none-eabi/13.3.1/thumb/v8-m.main+fp/hard\libg_nano.a(libc_a-isattyr.o)
                0x00003744                _isatty_r
 *(.rodata*)
 .rodata.UART_Debug_Init.str1.4
                0x00003764       0x5b ./src/UART_Debug/uart_debug.o
                                 0x33 (size before relaxing)
 *fill*         0x000037bf        0x1 
 .rodata.__func__.0
                0x000037c0       0x10 ./src/UART_Debug/uart_debug.o
 .rodata.SPI_ST7735_Init.str1.4
                0x000037d0       0x2b ./src/Screen/st7735.o
 .rodata.__func__.4
                0x000037d0       0x10 ./src/Screen/st7735.o
 .rodata.crc16_table
                0x000037e0      0x200 ./src/Screen/st7735.o
 .rodata.LCD_Test.str1.4
                0x000039e0        0xf ./src/hal_entry.o
 .rodata.g_ioport
                0x000039e0        0xc ./ra_gen/common_data.o
                0x000039e0                g_ioport
 .rodata.g_uart0_cfg
                0x000039ec       0x20 ./ra_gen/hal_data.o
                0x000039ec                g_uart0_cfg
 .rodata.g_uart0_cfg_extend
                0x00003a0c       0x14 ./ra_gen/hal_data.o
                0x00003a0c                g_uart0_cfg_extend
 .rodata.g_timer0_cfg
                0x00003a20       0x20 ./ra_gen/hal_data.o
                0x00003a20                g_timer0_cfg
 .rodata.g_timer0_extend
                0x00003a40       0x58 ./ra_gen/hal_data.o
                0x00003a40                g_timer0_extend
 .rodata.g_spi0_cfg
                0x00003a98       0x24 ./ra_gen/hal_data.o
                0x00003a98                g_spi0_cfg
 .rodata.g_spi0_cfg_extend
                0x00003abc        0x3 ./ra_gen/hal_data.o
                0x00003abc                g_spi0_cfg_extend
 *fill*         0x00003abf        0x1 
 .rodata.g_transfer0
                0x00003ac0        0xc ./ra_gen/hal_data.o
                0x00003ac0                g_transfer0
 .rodata.g_transfer0_cfg
                0x00003acc        0x8 ./ra_gen/hal_data.o
                0x00003acc                g_transfer0_cfg
 .rodata.g_transfer0_cfg_extend
                0x00003ad4        0x1 ./ra_gen/hal_data.o
                0x00003ad4                g_transfer0_cfg_extend
 *fill*         0x00003ad5        0x3 
 .rodata.g_transfer1
                0x00003ad8        0xc ./ra_gen/hal_data.o
                0x00003ad8                g_transfer1
 .rodata.g_transfer1_cfg
                0x00003ae4        0x8 ./ra_gen/hal_data.o
                0x00003ae4                g_transfer1_cfg
 .rodata.g_transfer1_cfg_extend
                0x00003aec        0x1 ./ra_gen/hal_data.o
                0x00003aec                g_transfer1_cfg_extend
 *fill*         0x00003aed        0x3 
 .rodata.g_bsp_pin_cfg
                0x00003af0        0xc ./ra_gen/pin_data.o
                0x00003af0                g_bsp_pin_cfg
 .rodata.g_bsp_pin_cfg_data
                0x00003afc       0x58 ./ra_gen/pin_data.o
                0x00003afc                g_bsp_pin_cfg_data
 .rodata.g_interrupt_event_link_select
                0x00003b54       0x12 ./ra_gen/vector_data.o
                0x00003b54                g_interrupt_event_link_select
 *fill*         0x00003b66        0x2 
 .rodata.g_vbatt_pins_input
                0x00003b68        0x6 ./ra/fsp/src/r_ioport/r_ioport.o
 *fill*         0x00003b6e        0x2 
 .rodata.g_ioport_on_ioport
                0x00003b70       0x34 ./ra/fsp/src/r_ioport/r_ioport.o
                0x00003b70                g_ioport_on_ioport
 .rodata.g_transfer_on_dtc
                0x00003ba4       0x2c ./ra/fsp/src/r_dtc/r_dtc.o
                0x00003ba4                g_transfer_on_dtc
 .rodata.g_init_info
                0x00003bd0       0x18 ./ra/fsp/src/bsp/mcu/ra6m5/bsp_linker.o
                0x00003bd0                g_init_info
 .rodata.nocache_list
                0x00003be8       0x10 ./ra/fsp/src/bsp/mcu/ra6m5/bsp_linker.o
 .rodata.copy_list
                0x00003bf8       0x80 ./ra/fsp/src/bsp/mcu/ra6m5/bsp_linker.o
 .rodata.zero_list
                0x00003c78       0x30 ./ra/fsp/src/bsp/mcu/ra6m5/bsp_linker.o
 .rodata.g_prcr_masks
                0x00003ca8        0xa ./ra/fsp/src/bsp/mcu/all/bsp_register_protection.o
 .rodata._vfprintf_r.str1.1
                0x00003cb2       0x33 C:/Program Files (x86)/Arm GNU Toolchain arm-none-eabi/13.3 rel1/bin/../lib/gcc/arm-none-eabi/13.3.1/thumb/v8-m.main+fp/hard\libg_nano.a(libc_a-nano-vfprintf.o)
                                 0x11 (size before relaxing)
 .rodata._printf_i.str1.1
                0x00003ce5       0x22 C:/Program Files (x86)/Arm GNU Toolchain arm-none-eabi/13.3 rel1/bin/../lib/gcc/arm-none-eabi/13.3.1/thumb/v8-m.main+fp/hard\libg_nano.a(libc_a-nano-vfprintf_i.o)
 *(.mcuboot_sce9_key)
 *(.version)
 *fill*         0x00003ce5        0x3 
 .version       0x00003ce8       0x50 ./ra/fsp/src/bsp/mcu/all/bsp_common.o
                0x00003d38                        __flash_readonly$$Limit = .

.glue_7         0x00003d38        0x0
 .glue_7        0x00003d38        0x0 linker stubs

.glue_7t        0x00003d38        0x0
 .glue_7t       0x00003d38        0x0 linker stubs

.vfp11_veneer   0x00003d38        0x0
 .vfp11_veneer  0x00003d38        0x0 linker stubs

.v4_bx          0x00003d38        0x0
 .v4_bx         0x00003d38        0x0 linker stubs

.init           0x00003d38        0x4
 .init          0x00003d38        0x4 C:/Program Files (x86)/Arm GNU Toolchain arm-none-eabi/13.3 rel1/bin/../lib/gcc/arm-none-eabi/13.3.1/thumb/v8-m.main+fp/hard/crti.o
                0x00003d38                _init

.fini           0x00003d3c        0x4
 .fini          0x00003d3c        0x4 C:/Program Files (x86)/Arm GNU Toolchain arm-none-eabi/13.3 rel1/bin/../lib/gcc/arm-none-eabi/13.3.1/thumb/v8-m.main+fp/hard/crti.o
                0x00003d3c                _fini

.iplt           0x00003d40        0x0
 .iplt          0x00003d40        0x0 C:/Program Files (x86)/Arm GNU Toolchain arm-none-eabi/13.3 rel1/bin/../lib/gcc/arm-none-eabi/13.3.1/thumb/v8-m.main+fp/hard/crtbegin.o

__flash_ctor$$
 *crtbegin.o(.ctors)
 *crtbegin?.o(.ctors)
 EXCLUDE_FILE(*crtend.o *crtend?.o) *(.ctors)
 *(SORT_BY_NAME(.ctors.*))
 *(.ctors)
 *crtbegin.o(.dtors)
 *crtbegin?.o(.dtors)
 EXCLUDE_FILE(*crtend.o *crtend?.o) *(.dtors)
 *(SORT_BY_NAME(.dtors.*))
 *(.dtors)

__flash_preinit_array$$
                0x00003d40        0x0
                0x00003d40                        __preinit_array_start = .
 *(.preinit_array)
                0x00003d40                        __preinit_array_end = .

__flash_.got$$
 *(.got.plt)
 *(.got)

__flash_init_array$$
                0x00003d40        0x4
                0x00003d40                        __init_array_start = .
 *(SORT_BY_NAME(.init_array.*))
 *(.init_array)
 .init_array    0x00003d40        0x4 C:/Program Files (x86)/Arm GNU Toolchain arm-none-eabi/13.3 rel1/bin/../lib/gcc/arm-none-eabi/13.3.1/thumb/v8-m.main+fp/hard/crtbegin.o
                0x00003d44                        __init_array_end = .

__flash_fini_array$$
                0x00003d44        0x4
                0x00003d44                        __fini_array_start = .
 *(SORT_BY_NAME(.fini_array.*))
 *(.fini_array)
 .fini_array    0x00003d44        0x4 C:/Program Files (x86)/Arm GNU Toolchain arm-none-eabi/13.3 rel1/bin/../lib/gcc/arm-none-eabi/13.3.1/thumb/v8-m.main+fp/hard/crtbegin.o
                0x00003d48                        __fini_array_end = .

__flash_arm.extab$$
 *(.ARM.extab*)
 *(.gnu.linkonce.armextab.*)

__flash_arm.exidx$$
                0x00003d48        0x0
                0x00003d48                        __exidx_start = .
 *(.ARM.exidx*)
 *(.gnu.linkonce.armexidx.*)
                0x00003d48                        __exidx_end = .

.flash.endof    0x00004000        0x0
                0x00004000                        __ddsc_FLASH_END = .

.flash.flat_nsc
                0x00004000        0x0
                0x00004000                        __ddsc_FLASH_NSC = .

.option_setting_ofs0.startof
                0x0100a100        0x0
                0x0100a100                        __ddsc_OPTION_SETTING_OFS0_START = .

__option_setting_ofs0_reg$$
                0x0100a100        0x4
                0x0100a100                        __option_setting_ofs0_reg$$Base = .
 *(.option_setting_ofs0)
 .option_setting_ofs0
                0x0100a100        0x4 ./ra/fsp/src/bsp/mcu/ra6m5/bsp_linker.o
                0x0100a104                        __option_setting_ofs0_reg$$Limit = .

.option_setting_ofs0.endof
                0x0100a104        0x0
                0x0100a104                        __ddsc_OPTION_SETTING_OFS0_END = .

.option_setting_dualsel.startof
                0x0100a110        0x0
                0x0100a110                        __ddsc_OPTION_SETTING_DUALSEL_START = .

__option_setting_dualsel_reg$$
                0x0100a110        0x0
                0x0100a110                        __option_setting_dualsel_reg$$Base = .
 *(.option_setting_dualsel)
                0x0100a110                        __option_setting_dualsel_reg$$Limit = .

.option_setting_dualsel.endof
                0x0100a110        0x0
                0x0100a110                        __ddsc_OPTION_SETTING_DUALSEL_END = .

.option_setting_ofs1.startof
                0x0100a180        0x0
                0x0100a180                        __ddsc_OPTION_SETTING_OFS1_START = .

__option_setting_ofs1_reg$$
                0x0100a180        0x0
                0x0100a180                        __option_setting_ofs1_reg$$Base = .
 *(.option_setting_ofs1)
                0x0100a180                        __option_setting_ofs1_reg$$Limit = .

.option_setting_ofs1.endof
                0x0100a180        0x0
                0x0100a180                        __ddsc_OPTION_SETTING_OFS1_END = .

.option_setting_banksel.startof
                0x0100a190        0x0
                0x0100a190                        __ddsc_OPTION_SETTING_BANKSEL_START = .

__option_setting_banksel_reg$$
                0x0100a190        0x0
                0x0100a190                        __option_setting_banksel_reg$$Base = .
 *(.option_setting_banksel)
                0x0100a190                        __option_setting_banksel_reg$$Limit = .

.option_setting_banksel.endof
                0x0100a190        0x0
                0x0100a190                        __ddsc_OPTION_SETTING_BANKSEL_END = .

.option_setting_bps.startof
                0x0100a1c0        0x0
                0x0100a1c0                        __ddsc_OPTION_SETTING_BPS_START = .

__option_setting_bps_reg$$
                0x0100a1c0        0x0
                0x0100a1c0                        __option_setting_bps_reg$$Base = .
 *(.option_setting_bps)
                0x0100a1c0                        __option_setting_bps_reg$$Limit = .

.option_setting_bps.endof
                0x0100a1c0        0x0
                0x0100a1c0                        __ddsc_OPTION_SETTING_BPS_END = .

.option_setting_pbps.startof
                0x0100a1e0        0x0
                0x0100a1e0                        __ddsc_OPTION_SETTING_PBPS_START = .

__option_setting_pbps_reg$$
                0x0100a1e0        0x0
                0x0100a1e0                        __option_setting_pbps_reg$$Base = .
 *(.option_setting_pbps)
                0x0100a1e0                        __option_setting_pbps_reg$$Limit = .

.option_setting_pbps.endof
                0x0100a1e0        0x0
                0x0100a1e0                        __ddsc_OPTION_SETTING_PBPS_END = .

.option_setting_ofs1_sec.startof
                0x0100a200        0x0
                0x0100a200                        __ddsc_OPTION_SETTING_OFS1_SEC_START = .

__option_setting_ofs1_sec_reg$$
                0x0100a200        0x4
                0x0100a200                        __option_setting_ofs1_sec_reg$$Base = .
 *(.option_setting_ofs1_sec)
 .option_setting_ofs1_sec
                0x0100a200        0x4 ./ra/fsp/src/bsp/mcu/ra6m5/bsp_linker.o
                0x0100a204                        __option_setting_ofs1_sec_reg$$Limit = .

.option_setting_ofs1_sec.endof
                0x0100a204        0x0
                0x0100a204                        __ddsc_OPTION_SETTING_OFS1_SEC_END = .

.option_setting_banksel_sec.startof
                0x0100a210        0x0
                0x0100a210                        __ddsc_OPTION_SETTING_BANKSEL_SEC_START = .

__option_setting_banksel_sec_reg$$
                0x0100a210        0x0
                0x0100a210                        __option_setting_banksel_sec_reg$$Base = .
 *(.option_setting_banksel_sec)
                0x0100a210                        __option_setting_banksel_sec_reg$$Limit = .

.option_setting_banksel_sec.endof
                0x0100a210        0x0
                0x0100a210                        __ddsc_OPTION_SETTING_BANKSEL_SEC_END = .

.option_setting_bps_sec.startof
                0x0100a240        0x0
                0x0100a240                        __ddsc_OPTION_SETTING_BPS_SEC_START = .

__option_setting_bps_sec_reg$$
                0x0100a240        0x0
                0x0100a240                        __option_setting_bps_sec_reg$$Base = .
 *(.option_setting_bps_sec)
                0x0100a240                        __option_setting_bps_sec_reg$$Limit = .

.option_setting_bps_sec.endof
                0x0100a240        0x0
                0x0100a240                        __ddsc_OPTION_SETTING_BPS_SEC_END = .

.option_setting_pbps_sec.startof
                0x0100a260        0x0
                0x0100a260                        __ddsc_OPTION_SETTING_PBPS_SEC_START = .

__option_setting_pbps_sec_reg$$
                0x0100a260        0x0
                0x0100a260                        __option_setting_pbps_sec_reg$$Base = .
 *(.option_setting_pbps_sec)
                0x0100a260                        __option_setting_pbps_sec_reg$$Limit = .

.option_setting_pbps_sec.endof
                0x0100a260        0x0
                0x0100a260                        __ddsc_OPTION_SETTING_PBPS_SEC_END = .

.option_setting_ofs1_sel.startof
                0x0100a280        0x0
                0x0100a280                        __ddsc_OPTION_SETTING_OFS1_SEL_START = .

__option_setting_ofs1_sel_reg$$
                0x0100a280        0x4
                0x0100a280                        __option_setting_ofs1_sel_reg$$Base = .
 *(.option_setting_ofs1_sel)
 .option_setting_ofs1_sel
                0x0100a280        0x4 ./ra/fsp/src/bsp/mcu/ra6m5/bsp_linker.o
                0x0100a284                        __option_setting_ofs1_sel_reg$$Limit = .

.eh_frame       0x0100a284        0x0
 .eh_frame      0x0100a284        0x0 C:/Program Files (x86)/Arm GNU Toolchain arm-none-eabi/13.3 rel1/bin/../lib/gcc/arm-none-eabi/13.3.1/thumb/v8-m.main+fp/hard/crtbegin.o

.rel.dyn        0x0100a284        0x0
 .rel.iplt      0x0100a284        0x0 C:/Program Files (x86)/Arm GNU Toolchain arm-none-eabi/13.3 rel1/bin/../lib/gcc/arm-none-eabi/13.3.1/thumb/v8-m.main+fp/hard/crtbegin.o

.option_setting_ofs1_sel.endof
                0x0100a284        0x0
                0x0100a284                        __ddsc_OPTION_SETTING_OFS1_SEL_END = .

.option_setting_banksel_sel.startof
                0x0100a290        0x0
                0x0100a290                        __ddsc_OPTION_SETTING_BANKSEL_SEL_START = .

__option_setting_banksel_sel_reg$$
                0x0100a290        0x0
                0x0100a290                        __option_setting_banksel_sel_reg$$Base = .
 *(.option_setting_banksel_sel)
                0x0100a290                        __option_setting_banksel_sel_reg$$Limit = .

.option_setting_banksel_sel.endof
                0x0100a290        0x0
                0x0100a290                        __ddsc_OPTION_SETTING_BANKSEL_SEL_END = .

.option_setting_bps_sel.startof
                0x0100a2c0        0x0
                0x0100a2c0                        __ddsc_OPTION_SETTING_BPS_SEL_START = .

__option_setting_bps_sel_reg$$
                0x0100a2c0        0x0
                0x0100a2c0                        __option_setting_bps_sel_reg$$Base = .
 *(.option_setting_bps_sel)
                0x0100a2c0                        __option_setting_bps_sel_reg$$Limit = .

.option_setting_bps_sel.endof
                0x0100a2c0        0x0
                0x0100a2c0                        __ddsc_OPTION_SETTING_BPS_SEL_END = .
OUTPUT(SPI_ST7735.elf elf32-littlearm)
LOAD linker stubs

.ARM.attributes
                0x00000000       0x36
 .ARM.attributes
                0x00000000       0x26 C:/Program Files (x86)/Arm GNU Toolchain arm-none-eabi/13.3 rel1/bin/../lib/gcc/arm-none-eabi/13.3.1/thumb/v8-m.main+fp/hard/crti.o
 .ARM.attributes
                0x00000026       0x38 C:/Program Files (x86)/Arm GNU Toolchain arm-none-eabi/13.3 rel1/bin/../lib/gcc/arm-none-eabi/13.3.1/thumb/v8-m.main+fp/hard/crtbegin.o
 .ARM.attributes
                0x0000005e       0x3a ./src/UART_Debug/uart_debug.o
 .ARM.attributes
                0x00000098       0x3a ./src/TIM_Clock/tim_clock.o
 .ARM.attributes
                0x000000d2       0x3a ./src/Screen/screen.o
 .ARM.attributes
                0x0000010c       0x3a ./src/Screen/st7735.o
 .ARM.attributes
                0x00000146       0x3a ./src/hal_entry.o
 .ARM.attributes
                0x00000180       0x3a ./src/hal_warmstart.o
 .ARM.attributes
                0x000001ba       0x3a ./ra_gen/common_data.o
 .ARM.attributes
                0x000001f4       0x3a ./ra_gen/hal_data.o
 .ARM.attributes
                0x0000022e       0x3a ./ra_gen/main.o
 .ARM.attributes
                0x00000268       0x3a ./ra_gen/pin_data.o
 .ARM.attributes
                0x000002a2       0x3a ./ra_gen/vector_data.o
 .ARM.attributes
                0x000002dc       0x3a ./ra/fsp/src/r_sci_uart/r_sci_uart.o
 .ARM.attributes
                0x00000316       0x3a ./ra/fsp/src/r_sci_spi/r_sci_spi.o
 .ARM.attributes
                0x00000350       0x3a ./ra/fsp/src/r_ioport/r_ioport.o
 .ARM.attributes
                0x0000038a       0x3a ./ra/fsp/src/r_gpt/r_gpt.o
 .ARM.attributes
                0x000003c4       0x3a ./ra/fsp/src/r_dtc/r_dtc.o
 .ARM.attributes
                0x000003fe       0x3a ./ra/fsp/src/bsp/mcu/ra6m5/bsp_linker.o
 .ARM.attributes
                0x00000438       0x3a ./ra/fsp/src/bsp/mcu/all/bsp_clocks.o
 .ARM.attributes
                0x00000472       0x3a ./ra/fsp/src/bsp/mcu/all/bsp_common.o
 .ARM.attributes
                0x000004ac       0x3a ./ra/fsp/src/bsp/mcu/all/bsp_delay.o
 .ARM.attributes
                0x000004e6       0x3a ./ra/fsp/src/bsp/mcu/all/bsp_group_irq.o
 .ARM.attributes
                0x00000520       0x3a ./ra/fsp/src/bsp/mcu/all/bsp_io.o
 .ARM.attributes
                0x0000055a       0x3a ./ra/fsp/src/bsp/mcu/all/bsp_irq.o
 .ARM.attributes
                0x00000594       0x3a ./ra/fsp/src/bsp/mcu/all/bsp_register_protection.o
 .ARM.attributes
                0x000005ce       0x3a ./ra/fsp/src/bsp/mcu/all/bsp_sbrk.o
 .ARM.attributes
                0x00000608       0x3a ./ra/fsp/src/bsp/cmsis/Device/RENESAS/Source/startup.o
 .ARM.attributes
                0x00000642       0x3a ./ra/fsp/src/bsp/cmsis/Device/RENESAS/Source/system.o
 .ARM.attributes
                0x0000067c       0x38 C:/Program Files (x86)/Arm GNU Toolchain arm-none-eabi/13.3 rel1/bin/../lib/gcc/arm-none-eabi/13.3.1/thumb/v8-m.main+fp/hard\libg_nano.a(libc_a-findfp.o)
 .ARM.attributes
                0x000006b4       0x38 C:/Program Files (x86)/Arm GNU Toolchain arm-none-eabi/13.3 rel1/bin/../lib/gcc/arm-none-eabi/13.3.1/thumb/v8-m.main+fp/hard\libg_nano.a(libc_a-fwalk.o)
 .ARM.attributes
                0x000006ec       0x38 C:/Program Files (x86)/Arm GNU Toolchain arm-none-eabi/13.3 rel1/bin/../lib/gcc/arm-none-eabi/13.3.1/thumb/v8-m.main+fp/hard\libg_nano.a(libc_a-printf.o)
 .ARM.attributes
                0x00000724       0x38 C:/Program Files (x86)/Arm GNU Toolchain arm-none-eabi/13.3 rel1/bin/../lib/gcc/arm-none-eabi/13.3.1/thumb/v8-m.main+fp/hard\libg_nano.a(libc_a-stdio.o)
 .ARM.attributes
                0x0000075c       0x38 C:/Program Files (x86)/Arm GNU Toolchain arm-none-eabi/13.3 rel1/bin/../lib/gcc/arm-none-eabi/13.3.1/thumb/v8-m.main+fp/hard\libg_nano.a(libc_a-memset.o)
 .ARM.attributes
                0x00000794       0x38 C:/Program Files (x86)/Arm GNU Toolchain arm-none-eabi/13.3 rel1/bin/../lib/gcc/arm-none-eabi/13.3.1/thumb/v8-m.main+fp/hard\libg_nano.a(libc_a-closer.o)
 .ARM.attributes
                0x000007cc       0x38 C:/Program Files (x86)/Arm GNU Toolchain arm-none-eabi/13.3 rel1/bin/../lib/gcc/arm-none-eabi/13.3.1/thumb/v8-m.main+fp/hard\libg_nano.a(libc_a-reent.o)
 .ARM.attributes
                0x00000804       0x38 C:/Program Files (x86)/Arm GNU Toolchain arm-none-eabi/13.3 rel1/bin/../lib/gcc/arm-none-eabi/13.3.1/thumb/v8-m.main+fp/hard\libg_nano.a(libc_a-impure.o)
 .ARM.attributes
                0x0000083c       0x38 C:/Program Files (x86)/Arm GNU Toolchain arm-none-eabi/13.3 rel1/bin/../lib/gcc/arm-none-eabi/13.3.1/thumb/v8-m.main+fp/hard\libg_nano.a(libc_a-lseekr.o)
 .ARM.attributes
                0x00000874       0x38 C:/Program Files (x86)/Arm GNU Toolchain arm-none-eabi/13.3 rel1/bin/../lib/gcc/arm-none-eabi/13.3.1/thumb/v8-m.main+fp/hard\libg_nano.a(libc_a-readr.o)
 .ARM.attributes
                0x000008ac       0x38 C:/Program Files (x86)/Arm GNU Toolchain arm-none-eabi/13.3 rel1/bin/../lib/gcc/arm-none-eabi/13.3.1/thumb/v8-m.main+fp/hard\libg_nano.a(libc_a-writer.o)
 .ARM.attributes
                0x000008e4       0x38 C:/Program Files (x86)/Arm GNU Toolchain arm-none-eabi/13.3 rel1/bin/../lib/gcc/arm-none-eabi/13.3.1/thumb/v8-m.main+fp/hard\libg_nano.a(libc_a-errno.o)
 .ARM.attributes
                0x0000091c       0x38 C:/Program Files (x86)/Arm GNU Toolchain arm-none-eabi/13.3 rel1/bin/../lib/gcc/arm-none-eabi/13.3.1/thumb/v8-m.main+fp/hard\libg_nano.a(libc_a-lock.o)
 .ARM.attributes
                0x00000954       0x38 C:/Program Files (x86)/Arm GNU Toolchain arm-none-eabi/13.3 rel1/bin/../lib/gcc/arm-none-eabi/13.3.1/thumb/v8-m.main+fp/hard\libg_nano.a(libc_a-memcpy-stub.o)
 .ARM.attributes
                0x0000098c       0x38 C:/Program Files (x86)/Arm GNU Toolchain arm-none-eabi/13.3 rel1/bin/../lib/gcc/arm-none-eabi/13.3.1/thumb/v8-m.main+fp/hard\libg_nano.a(libc_a-freer.o)
 .ARM.attributes
                0x000009c4       0x38 C:/Program Files (x86)/Arm GNU Toolchain arm-none-eabi/13.3 rel1/bin/../lib/gcc/arm-none-eabi/13.3.1/thumb/v8-m.main+fp/hard\libg_nano.a(libc_a-mallocr.o)
 .ARM.attributes
                0x000009fc       0x38 C:/Program Files (x86)/Arm GNU Toolchain arm-none-eabi/13.3 rel1/bin/../lib/gcc/arm-none-eabi/13.3.1/thumb/v8-m.main+fp/hard\libg_nano.a(libc_a-mlock.o)
 .ARM.attributes
                0x00000a34       0x38 C:/Program Files (x86)/Arm GNU Toolchain arm-none-eabi/13.3 rel1/bin/../lib/gcc/arm-none-eabi/13.3.1/thumb/v8-m.main+fp/hard\libg_nano.a(libc_a-nano-vfprintf.o)
 .ARM.attributes
                0x00000a6c       0x38 C:/Program Files (x86)/Arm GNU Toolchain arm-none-eabi/13.3 rel1/bin/../lib/gcc/arm-none-eabi/13.3.1/thumb/v8-m.main+fp/hard\libg_nano.a(libc_a-nano-vfprintf_i.o)
 .ARM.attributes
                0x00000aa4       0x38 C:/Program Files (x86)/Arm GNU Toolchain arm-none-eabi/13.3 rel1/bin/../lib/gcc/arm-none-eabi/13.3.1/thumb/v8-m.main+fp/hard\libg_nano.a(libc_a-fflush.o)
 .ARM.attributes
                0x00000adc       0x38 C:/Program Files (x86)/Arm GNU Toolchain arm-none-eabi/13.3 rel1/bin/../lib/gcc/arm-none-eabi/13.3.1/thumb/v8-m.main+fp/hard\libg_nano.a(libc_a-wbuf.o)
 .ARM.attributes
                0x00000b14       0x38 C:/Program Files (x86)/Arm GNU Toolchain arm-none-eabi/13.3 rel1/bin/../lib/gcc/arm-none-eabi/13.3.1/thumb/v8-m.main+fp/hard\libg_nano.a(libc_a-wsetup.o)
 .ARM.attributes
                0x00000b4c       0x38 C:/Program Files (x86)/Arm GNU Toolchain arm-none-eabi/13.3 rel1/bin/../lib/gcc/arm-none-eabi/13.3.1/thumb/v8-m.main+fp/hard\libg_nano.a(libc_a-sbrkr.o)
 .ARM.attributes
                0x00000b84       0x38 C:/Program Files (x86)/Arm GNU Toolchain arm-none-eabi/13.3 rel1/bin/../lib/gcc/arm-none-eabi/13.3.1/thumb/v8-m.main+fp/hard\libg_nano.a(libc_a-memchr-stub.o)
 .ARM.attributes
                0x00000bbc       0x38 C:/Program Files (x86)/Arm GNU Toolchain arm-none-eabi/13.3 rel1/bin/../lib/gcc/arm-none-eabi/13.3.1/thumb/v8-m.main+fp/hard\libg_nano.a(libc_a-makebuf.o)
 .ARM.attributes
                0x00000bf4       0x38 C:/Program Files (x86)/Arm GNU Toolchain arm-none-eabi/13.3 rel1/bin/../lib/gcc/arm-none-eabi/13.3.1/thumb/v8-m.main+fp/hard\libg_nano.a(libc_a-fstatr.o)
 .ARM.attributes
                0x00000c2c       0x38 C:/Program Files (x86)/Arm GNU Toolchain arm-none-eabi/13.3 rel1/bin/../lib/gcc/arm-none-eabi/13.3.1/thumb/v8-m.main+fp/hard\libg_nano.a(libc_a-isattyr.o)
 .ARM.attributes
                0x00000c64       0x38 C:/Program Files (x86)/Arm GNU Toolchain arm-none-eabi/13.3 rel1/bin/../lib/gcc/arm-none-eabi/13.3.1/thumb/v8-m.main+fp/hard/crtend.o

.comment        0x00000000       0x45
 .comment       0x00000000       0x45 ./src/UART_Debug/uart_debug.o
                                 0x46 (size before relaxing)
 .comment       0x00000045       0x46 ./src/TIM_Clock/tim_clock.o
 .comment       0x00000045       0x46 ./src/Screen/screen.o
 .comment       0x00000045       0x46 ./src/Screen/st7735.o
 .comment       0x00000045       0x46 ./src/hal_entry.o
 .comment       0x00000045       0x46 ./src/hal_warmstart.o
 .comment       0x00000045       0x46 ./ra_gen/common_data.o
 .comment       0x00000045       0x46 ./ra_gen/hal_data.o
 .comment       0x00000045       0x46 ./ra_gen/main.o
 .comment       0x00000045       0x46 ./ra_gen/pin_data.o
 .comment       0x00000045       0x46 ./ra_gen/vector_data.o
 .comment       0x00000045       0x46 ./ra/fsp/src/r_sci_uart/r_sci_uart.o
 .comment       0x00000045       0x46 ./ra/fsp/src/r_sci_spi/r_sci_spi.o
 .comment       0x00000045       0x46 ./ra/fsp/src/r_ioport/r_ioport.o
 .comment       0x00000045       0x46 ./ra/fsp/src/r_gpt/r_gpt.o
 .comment       0x00000045       0x46 ./ra/fsp/src/r_dtc/r_dtc.o
 .comment       0x00000045       0x46 ./ra/fsp/src/bsp/mcu/ra6m5/bsp_linker.o
 .comment       0x00000045       0x46 ./ra/fsp/src/bsp/mcu/all/bsp_clocks.o
 .comment       0x00000045       0x46 ./ra/fsp/src/bsp/mcu/all/bsp_common.o
 .comment       0x00000045       0x46 ./ra/fsp/src/bsp/mcu/all/bsp_delay.o
 .comment       0x00000045       0x46 ./ra/fsp/src/bsp/mcu/all/bsp_group_irq.o
 .comment       0x00000045       0x46 ./ra/fsp/src/bsp/mcu/all/bsp_io.o
 .comment       0x00000045       0x46 ./ra/fsp/src/bsp/mcu/all/bsp_irq.o
 .comment       0x00000045       0x46 ./ra/fsp/src/bsp/mcu/all/bsp_register_protection.o
 .comment       0x00000045       0x46 ./ra/fsp/src/bsp/mcu/all/bsp_sbrk.o
 .comment       0x00000045       0x46 ./ra/fsp/src/bsp/cmsis/Device/RENESAS/Source/startup.o
 .comment       0x00000045       0x46 ./ra/fsp/src/bsp/cmsis/Device/RENESAS/Source/system.o

.debug_info     0x00000000    0x526bb
 .debug_info    0x00000000     0x35b6 ./src/UART_Debug/uart_debug.o
 .debug_info    0x000035b6     0x31ee ./src/TIM_Clock/tim_clock.o
 .debug_info    0x000067a4     0x2516 ./src/Screen/screen.o
 .debug_info    0x00008cba     0x48d3 ./src/Screen/st7735.o
 .debug_info    0x0000d58d     0x191d ./src/hal_entry.o
 .debug_info    0x0000eeaa      0xff6 ./src/hal_warmstart.o
 .debug_info    0x0000fea0     0x1253 ./ra_gen/common_data.o
 .debug_info    0x000110f3     0x7270 ./ra_gen/hal_data.o
 .debug_info    0x00018363       0xb1 ./ra_gen/main.o
 .debug_info    0x00018414      0xa31 ./ra_gen/pin_data.o
 .debug_info    0x00018e45      0x8d8 ./ra_gen/vector_data.o
 .debug_info    0x0001971d     0xa17b ./ra/fsp/src/r_sci_uart/r_sci_uart.o
 .debug_info    0x00023898     0x9662 ./ra/fsp/src/r_sci_spi/r_sci_spi.o
 .debug_info    0x0002cefa     0x7704 ./ra/fsp/src/r_ioport/r_ioport.o
 .debug_info    0x000345fe     0xbc0d ./ra/fsp/src/r_gpt/r_gpt.o
 .debug_info    0x0004020b     0x2ddd ./ra/fsp/src/r_dtc/r_dtc.o
 .debug_info    0x00042fe8      0x4e6 ./ra/fsp/src/bsp/mcu/ra6m5/bsp_linker.o
 .debug_info    0x000434ce     0x64de ./ra/fsp/src/bsp/mcu/all/bsp_clocks.o
 .debug_info    0x000499ac      0x966 ./ra/fsp/src/bsp/mcu/all/bsp_common.o
 .debug_info    0x0004a312      0x204 ./ra/fsp/src/bsp/mcu/all/bsp_delay.o
 .debug_info    0x0004a516     0x135a ./ra/fsp/src/bsp/mcu/all/bsp_group_irq.o
 .debug_info    0x0004b870       0xb2 ./ra/fsp/src/bsp/mcu/all/bsp_io.o
 .debug_info    0x0004b922     0x2019 ./ra/fsp/src/bsp/mcu/all/bsp_irq.o
 .debug_info    0x0004d93b     0x3912 ./ra/fsp/src/bsp/mcu/all/bsp_register_protection.o
 .debug_info    0x0005124d       0xd8 ./ra/fsp/src/bsp/mcu/all/bsp_sbrk.o
 .debug_info    0x00051325      0x187 ./ra/fsp/src/bsp/cmsis/Device/RENESAS/Source/startup.o
 .debug_info    0x000514ac     0x120f ./ra/fsp/src/bsp/cmsis/Device/RENESAS/Source/system.o

.debug_abbrev   0x00000000     0x4a29
 .debug_abbrev  0x00000000      0x33e ./src/UART_Debug/uart_debug.o
 .debug_abbrev  0x0000033e      0x223 ./src/TIM_Clock/tim_clock.o
 .debug_abbrev  0x00000561      0x40e ./src/Screen/screen.o
 .debug_abbrev  0x0000096f      0x616 ./src/Screen/st7735.o
 .debug_abbrev  0x00000f85      0x279 ./src/hal_entry.o
 .debug_abbrev  0x000011fe      0x158 ./src/hal_warmstart.o
 .debug_abbrev  0x00001356      0x13a ./ra_gen/common_data.o
 .debug_abbrev  0x00001490      0x2e0 ./ra_gen/hal_data.o
 .debug_abbrev  0x00001770       0x61 ./ra_gen/main.o
 .debug_abbrev  0x000017d1       0xff ./ra_gen/pin_data.o
 .debug_abbrev  0x000018d0       0xbe ./ra_gen/vector_data.o
 .debug_abbrev  0x0000198e      0x622 ./ra/fsp/src/r_sci_uart/r_sci_uart.o
 .debug_abbrev  0x00001fb0      0x649 ./ra/fsp/src/r_sci_spi/r_sci_spi.o
 .debug_abbrev  0x000025f9      0x49c ./ra/fsp/src/r_ioport/r_ioport.o
 .debug_abbrev  0x00002a95      0x61b ./ra/fsp/src/r_gpt/r_gpt.o
 .debug_abbrev  0x000030b0      0x50c ./ra/fsp/src/r_dtc/r_dtc.o
 .debug_abbrev  0x000035bc       0xe3 ./ra/fsp/src/bsp/mcu/ra6m5/bsp_linker.o
 .debug_abbrev  0x0000369f      0x433 ./ra/fsp/src/bsp/mcu/all/bsp_clocks.o
 .debug_abbrev  0x00003ad2      0x188 ./ra/fsp/src/bsp/mcu/all/bsp_common.o
 .debug_abbrev  0x00003c5a      0x10d ./ra/fsp/src/bsp/mcu/all/bsp_delay.o
 .debug_abbrev  0x00003d67      0x256 ./ra/fsp/src/bsp/mcu/all/bsp_group_irq.o
 .debug_abbrev  0x00003fbd       0x5e ./ra/fsp/src/bsp/mcu/all/bsp_io.o
 .debug_abbrev  0x0000401b      0x287 ./ra/fsp/src/bsp/mcu/all/bsp_irq.o
 .debug_abbrev  0x000042a2      0x27d ./ra/fsp/src/bsp/mcu/all/bsp_register_protection.o
 .debug_abbrev  0x0000451f       0x90 ./ra/fsp/src/bsp/mcu/all/bsp_sbrk.o
 .debug_abbrev  0x000045af      0x102 ./ra/fsp/src/bsp/cmsis/Device/RENESAS/Source/startup.o
 .debug_abbrev  0x000046b1      0x378 ./ra/fsp/src/bsp/cmsis/Device/RENESAS/Source/system.o

.debug_loclists
                0x00000000     0x7702
 .debug_loclists
                0x00000000      0x20f ./src/UART_Debug/uart_debug.o
 .debug_loclists
                0x0000020f     0x275f ./src/Screen/screen.o
 .debug_loclists
                0x0000296e      0x63f ./src/Screen/st7735.o
 .debug_loclists
                0x00002fad      0x11c ./src/hal_entry.o
 .debug_loclists
                0x000030c9       0x29 ./src/hal_warmstart.o
 .debug_loclists
                0x000030f2      0xe41 ./ra/fsp/src/r_sci_uart/r_sci_uart.o
 .debug_loclists
                0x00003f33      0xdf7 ./ra/fsp/src/r_sci_spi/r_sci_spi.o
 .debug_loclists
                0x00004d2a      0x7c8 ./ra/fsp/src/r_ioport/r_ioport.o
 .debug_loclists
                0x000054f2     0x15b1 ./ra/fsp/src/r_gpt/r_gpt.o
 .debug_loclists
                0x00006aa3      0x435 ./ra/fsp/src/r_dtc/r_dtc.o
 .debug_loclists
                0x00006ed8      0x3f8 ./ra/fsp/src/bsp/mcu/all/bsp_clocks.o
 .debug_loclists
                0x000072d0       0x20 ./ra/fsp/src/bsp/mcu/all/bsp_common.o
 .debug_loclists
                0x000072f0      0x199 ./ra/fsp/src/bsp/mcu/all/bsp_delay.o
 .debug_loclists
                0x00007489       0x73 ./ra/fsp/src/bsp/mcu/all/bsp_group_irq.o
 .debug_loclists
                0x000074fc       0x99 ./ra/fsp/src/bsp/mcu/all/bsp_irq.o
 .debug_loclists
                0x00007595       0xa7 ./ra/fsp/src/bsp/mcu/all/bsp_register_protection.o
 .debug_loclists
                0x0000763c       0x29 ./ra/fsp/src/bsp/mcu/all/bsp_sbrk.o
 .debug_loclists
                0x00007665       0x9d ./ra/fsp/src/bsp/cmsis/Device/RENESAS/Source/system.o

.debug_aranges  0x00000000      0x7b8
 .debug_aranges
                0x00000000       0x58 ./src/UART_Debug/uart_debug.o
 .debug_aranges
                0x00000058       0x28 ./src/TIM_Clock/tim_clock.o
 .debug_aranges
                0x00000080       0x90 ./src/Screen/screen.o
 .debug_aranges
                0x00000110       0xb8 ./src/Screen/st7735.o
 .debug_aranges
                0x000001c8       0x48 ./src/hal_entry.o
 .debug_aranges
                0x00000210       0x20 ./src/hal_warmstart.o
 .debug_aranges
                0x00000230       0x20 ./ra_gen/common_data.o
 .debug_aranges
                0x00000250       0x20 ./ra_gen/hal_data.o
 .debug_aranges
                0x00000270       0x20 ./ra_gen/main.o
 .debug_aranges
                0x00000290       0x18 ./ra_gen/pin_data.o
 .debug_aranges
                0x000002a8       0x18 ./ra_gen/vector_data.o
 .debug_aranges
                0x000002c0       0xa0 ./ra/fsp/src/r_sci_uart/r_sci_uart.o
 .debug_aranges
                0x00000360       0x80 ./ra/fsp/src/r_sci_spi/r_sci_spi.o
 .debug_aranges
                0x000003e0       0x90 ./ra/fsp/src/r_ioport/r_ioport.o
 .debug_aranges
                0x00000470       0xf8 ./ra/fsp/src/r_gpt/r_gpt.o
 .debug_aranges
                0x00000568       0x70 ./ra/fsp/src/r_dtc/r_dtc.o
 .debug_aranges
                0x000005d8       0x18 ./ra/fsp/src/bsp/mcu/ra6m5/bsp_linker.o
 .debug_aranges
                0x000005f0       0x70 ./ra/fsp/src/bsp/mcu/all/bsp_clocks.o
 .debug_aranges
                0x00000660       0x30 ./ra/fsp/src/bsp/mcu/all/bsp_common.o
 .debug_aranges
                0x00000690       0x28 ./ra/fsp/src/bsp/mcu/all/bsp_delay.o
 .debug_aranges
                0x000006b8       0x28 ./ra/fsp/src/bsp/mcu/all/bsp_group_irq.o
 .debug_aranges
                0x000006e0       0x18 ./ra/fsp/src/bsp/mcu/all/bsp_io.o
 .debug_aranges
                0x000006f8       0x20 ./ra/fsp/src/bsp/mcu/all/bsp_irq.o
 .debug_aranges
                0x00000718       0x28 ./ra/fsp/src/bsp/mcu/all/bsp_register_protection.o
 .debug_aranges
                0x00000740       0x20 ./ra/fsp/src/bsp/mcu/all/bsp_sbrk.o
 .debug_aranges
                0x00000760       0x28 ./ra/fsp/src/bsp/cmsis/Device/RENESAS/Source/startup.o
 .debug_aranges
                0x00000788       0x30 ./ra/fsp/src/bsp/cmsis/Device/RENESAS/Source/system.o

.debug_rnglists
                0x00000000     0x12db
 .debug_rnglists
                0x00000000       0x3d ./src/UART_Debug/uart_debug.o
 .debug_rnglists
                0x0000003d       0x19 ./src/TIM_Clock/tim_clock.o
 .debug_rnglists
                0x00000056      0x365 ./src/Screen/screen.o
 .debug_rnglists
                0x000003bb      0x198 ./src/Screen/st7735.o
 .debug_rnglists
                0x00000553       0x32 ./src/hal_entry.o
 .debug_rnglists
                0x00000585       0x13 ./src/hal_warmstart.o
 .debug_rnglists
                0x00000598       0x13 ./ra_gen/common_data.o
 .debug_rnglists
                0x000005ab       0x13 ./ra_gen/hal_data.o
 .debug_rnglists
                0x000005be       0x13 ./ra_gen/main.o
 .debug_rnglists
                0x000005d1      0x26c ./ra/fsp/src/r_sci_uart/r_sci_uart.o
 .debug_rnglists
                0x0000083d      0x25e ./ra/fsp/src/r_sci_spi/r_sci_spi.o
 .debug_rnglists
                0x00000a9b       0xbc ./ra/fsp/src/r_ioport/r_ioport.o
 .debug_rnglists
                0x00000b57      0x40d ./ra/fsp/src/r_gpt/r_gpt.o
 .debug_rnglists
                0x00000f64       0xfb ./ra/fsp/src/r_dtc/r_dtc.o
 .debug_rnglists
                0x0000105f      0x118 ./ra/fsp/src/bsp/mcu/all/bsp_clocks.o
 .debug_rnglists
                0x00001177       0x1f ./ra/fsp/src/bsp/mcu/all/bsp_common.o
 .debug_rnglists
                0x00001196       0x35 ./ra/fsp/src/bsp/mcu/all/bsp_delay.o
 .debug_rnglists
                0x000011cb       0x37 ./ra/fsp/src/bsp/mcu/all/bsp_group_irq.o
 .debug_rnglists
                0x00001202       0x41 ./ra/fsp/src/bsp/mcu/all/bsp_irq.o
 .debug_rnglists
                0x00001243       0x31 ./ra/fsp/src/bsp/mcu/all/bsp_register_protection.o
 .debug_rnglists
                0x00001274       0x13 ./ra/fsp/src/bsp/mcu/all/bsp_sbrk.o
 .debug_rnglists
                0x00001287       0x19 ./ra/fsp/src/bsp/cmsis/Device/RENESAS/Source/startup.o
 .debug_rnglists
                0x000012a0       0x3b ./ra/fsp/src/bsp/cmsis/Device/RENESAS/Source/system.o

.debug_line     0x00000000     0xc6f9
 .debug_line    0x00000000      0x59a ./src/UART_Debug/uart_debug.o
 .debug_line    0x0000059a      0x2e8 ./src/TIM_Clock/tim_clock.o
 .debug_line    0x00000882     0x17b8 ./src/Screen/screen.o
 .debug_line    0x0000203a      0xeb5 ./src/Screen/st7735.o
 .debug_line    0x00002eef      0x505 ./src/hal_entry.o
 .debug_line    0x000033f4      0x2b8 ./src/hal_warmstart.o
 .debug_line    0x000036ac      0x263 ./ra_gen/common_data.o
 .debug_line    0x0000390f      0x2f7 ./ra_gen/hal_data.o
 .debug_line    0x00003c06       0x5e ./ra_gen/main.o
 .debug_line    0x00003c64      0x1e3 ./ra_gen/pin_data.o
 .debug_line    0x00003e47      0x111 ./ra_gen/vector_data.o
 .debug_line    0x00003f58     0x18d5 ./ra/fsp/src/r_sci_uart/r_sci_uart.o
 .debug_line    0x0000582d     0x1412 ./ra/fsp/src/r_sci_spi/r_sci_spi.o
 .debug_line    0x00006c3f      0xad3 ./ra/fsp/src/r_ioport/r_ioport.o
 .debug_line    0x00007712     0x1e3c ./ra/fsp/src/r_gpt/r_gpt.o
 .debug_line    0x0000954e      0x984 ./ra/fsp/src/r_dtc/r_dtc.o
 .debug_line    0x00009ed2      0x13b ./ra/fsp/src/bsp/mcu/ra6m5/bsp_linker.o
 .debug_line    0x0000a00d      0xbf9 ./ra/fsp/src/bsp/mcu/all/bsp_clocks.o
 .debug_line    0x0000ac06      0x276 ./ra/fsp/src/bsp/mcu/all/bsp_common.o
 .debug_line    0x0000ae7c      0x2b9 ./ra/fsp/src/bsp/mcu/all/bsp_delay.o
 .debug_line    0x0000b135      0x2db ./ra/fsp/src/bsp/mcu/all/bsp_group_irq.o
 .debug_line    0x0000b410      0x165 ./ra/fsp/src/bsp/mcu/all/bsp_io.o
 .debug_line    0x0000b575      0x4d8 ./ra/fsp/src/bsp/mcu/all/bsp_irq.o
 .debug_line    0x0000ba4d      0x393 ./ra/fsp/src/bsp/mcu/all/bsp_register_protection.o
 .debug_line    0x0000bde0       0xf2 ./ra/fsp/src/bsp/mcu/all/bsp_sbrk.o
 .debug_line    0x0000bed2      0x1d1 ./ra/fsp/src/bsp/cmsis/Device/RENESAS/Source/startup.o
 .debug_line    0x0000c0a3      0x656 ./ra/fsp/src/bsp/cmsis/Device/RENESAS/Source/system.o

.debug_str      0x00000000     0xff06
 .debug_str     0x00000000     0xff06 ./src/UART_Debug/uart_debug.o
                               0x42a9 (size before relaxing)
 .debug_str     0x0000ff06     0x325f ./src/TIM_Clock/tim_clock.o
 .debug_str     0x0000ff06      0x69e ./src/Screen/screen.o
 .debug_str     0x0000ff06     0x47db ./src/Screen/st7735.o
 .debug_str     0x0000ff06     0x36d8 ./src/hal_entry.o
 .debug_str     0x0000ff06     0x31fe ./src/hal_warmstart.o
 .debug_str     0x0000ff06     0x33c3 ./ra_gen/common_data.o
 .debug_str     0x0000ff06     0x74ff ./ra_gen/hal_data.o
 .debug_str     0x0000ff06      0x1d6 ./ra_gen/main.o
 .debug_str     0x0000ff06     0x1da6 ./ra_gen/pin_data.o
 .debug_str     0x0000ff06     0x1e41 ./ra_gen/vector_data.o
 .debug_str     0x0000ff06     0x6e65 ./ra/fsp/src/r_sci_uart/r_sci_uart.o
 .debug_str     0x0000ff06     0x540f ./ra/fsp/src/r_sci_spi/r_sci_spi.o
 .debug_str     0x0000ff06     0x5d33 ./ra/fsp/src/r_ioport/r_ioport.o
 .debug_str     0x0000ff06     0x6f24 ./ra/fsp/src/r_gpt/r_gpt.o
 .debug_str     0x0000ff06     0x2f5b ./ra/fsp/src/r_dtc/r_dtc.o
 .debug_str     0x0000ff06      0x8ab ./ra/fsp/src/bsp/mcu/ra6m5/bsp_linker.o
 .debug_str     0x0000ff06     0x2d11 ./ra/fsp/src/bsp/mcu/all/bsp_clocks.o
 .debug_str     0x0000ff06     0x1cb8 ./ra/fsp/src/bsp/mcu/all/bsp_common.o
 .debug_str     0x0000ff06      0x320 ./ra/fsp/src/bsp/mcu/all/bsp_delay.o
 .debug_str     0x0000ff06     0x221f ./ra/fsp/src/bsp/mcu/all/bsp_group_irq.o
 .debug_str     0x0000ff06      0x1ff ./ra/fsp/src/bsp/mcu/all/bsp_io.o
 .debug_str     0x0000ff06     0x2809 ./ra/fsp/src/bsp/mcu/all/bsp_irq.o
 .debug_str     0x0000ff06     0x1b78 ./ra/fsp/src/bsp/mcu/all/bsp_register_protection.o
 .debug_str     0x0000ff06      0x1f0 ./ra/fsp/src/bsp/mcu/all/bsp_sbrk.o
 .debug_str     0x0000ff06      0x26e ./ra/fsp/src/bsp/cmsis/Device/RENESAS/Source/startup.o
 .debug_str     0x0000ff06      0xad0 ./ra/fsp/src/bsp/cmsis/Device/RENESAS/Source/system.o

.debug_frame    0x00000000     0x1a64
 .debug_frame   0x00000000       0xc8 ./src/UART_Debug/uart_debug.o
 .debug_frame   0x000000c8       0x3c ./src/TIM_Clock/tim_clock.o
 .debug_frame   0x00000104      0x2b4 ./src/Screen/screen.o
 .debug_frame   0x000003b8      0x238 ./src/Screen/st7735.o
 .debug_frame   0x000005f0       0xbc ./src/hal_entry.o
 .debug_frame   0x000006ac       0x20 ./src/hal_warmstart.o
 .debug_frame   0x000006cc       0x20 ./ra_gen/common_data.o
 .debug_frame   0x000006ec       0x20 ./ra_gen/hal_data.o
 .debug_frame   0x0000070c       0x28 ./ra_gen/main.o
 .debug_frame   0x00000734      0x1e8 ./ra/fsp/src/r_sci_uart/r_sci_uart.o
 .debug_frame   0x0000091c      0x150 ./ra/fsp/src/r_sci_spi/r_sci_spi.o
 .debug_frame   0x00000a6c      0x17c ./ra/fsp/src/r_ioport/r_ioport.o
 .debug_frame   0x00000be8      0x26c ./ra/fsp/src/r_gpt/r_gpt.o
 .debug_frame   0x00000e54      0x100 ./ra/fsp/src/r_dtc/r_dtc.o
 .debug_frame   0x00000f54      0x110 ./ra/fsp/src/bsp/mcu/all/bsp_clocks.o
 .debug_frame   0x00001064       0x40 ./ra/fsp/src/bsp/mcu/all/bsp_common.o
 .debug_frame   0x000010a4       0x4c ./ra/fsp/src/bsp/mcu/all/bsp_delay.o
 .debug_frame   0x000010f0       0x3c ./ra/fsp/src/bsp/mcu/all/bsp_group_irq.o
 .debug_frame   0x0000112c       0x34 ./ra/fsp/src/bsp/mcu/all/bsp_irq.o
 .debug_frame   0x00001160       0x48 ./ra/fsp/src/bsp/mcu/all/bsp_register_protection.o
 .debug_frame   0x000011a8       0x28 ./ra/fsp/src/bsp/mcu/all/bsp_sbrk.o
 .debug_frame   0x000011d0       0x38 ./ra/fsp/src/bsp/cmsis/Device/RENESAS/Source/startup.o
 .debug_frame   0x00001208       0x64 ./ra/fsp/src/bsp/cmsis/Device/RENESAS/Source/system.o
 .debug_frame   0x0000126c      0x144 C:/Program Files (x86)/Arm GNU Toolchain arm-none-eabi/13.3 rel1/bin/../lib/gcc/arm-none-eabi/13.3.1/thumb/v8-m.main+fp/hard\libg_nano.a(libc_a-findfp.o)
 .debug_frame   0x000013b0       0x34 C:/Program Files (x86)/Arm GNU Toolchain arm-none-eabi/13.3 rel1/bin/../lib/gcc/arm-none-eabi/13.3.1/thumb/v8-m.main+fp/hard\libg_nano.a(libc_a-fwalk.o)
 .debug_frame   0x000013e4       0x6c C:/Program Files (x86)/Arm GNU Toolchain arm-none-eabi/13.3 rel1/bin/../lib/gcc/arm-none-eabi/13.3.1/thumb/v8-m.main+fp/hard\libg_nano.a(libc_a-printf.o)