Archive member included to satisfy reference by file (symbol)

C:/Program Files (x86)/Arm GNU Toolchain arm-none-eabi/13.2 Rel1/bin/../lib/gcc/arm-none-eabi/13.2.1/thumb/v8-m.main+fp/hard\libgcc.a(_aeabi_ldivmod.o)
                              ./ra/fsp/src/r_sci_uart/r_sci_uart.o (__aeabi_ldivmod)
C:/Program Files (x86)/Arm GNU Toolchain arm-none-eabi/13.2 Rel1/bin/../lib/gcc/arm-none-eabi/13.2.1/thumb/v8-m.main+fp/hard\libgcc.a(_udivmoddi4.o)
                              C:/Program Files (x86)/Arm GNU Toolchain arm-none-eabi/13.2 Rel1/bin/../lib/gcc/arm-none-eabi/13.2.1/thumb/v8-m.main+fp/hard\libgcc.a(_aeabi_ldivmod.o) (__udivmoddi4)
C:/Program Files (x86)/Arm GNU Toolchain arm-none-eabi/13.2 Rel1/bin/../lib/gcc/arm-none-eabi/13.2.1/thumb/v8-m.main+fp/hard\libgcc.a(_dvmd_tls.o)
                              C:/Program Files (x86)/Arm GNU Toolchain arm-none-eabi/13.2 Rel1/bin/../lib/gcc/arm-none-eabi/13.2.1/thumb/v8-m.main+fp/hard\libgcc.a(_aeabi_ldivmod.o) (__aeabi_ldiv0)
C:/Program Files (x86)/Arm GNU Toolchain arm-none-eabi/13.2 Rel1/bin/../lib/gcc/arm-none-eabi/13.2.1/thumb/v8-m.main+fp/hard\libg_nano.a(libc_a-exit.o)
                              C:/Program Files (x86)/Arm GNU Toolchain arm-none-eabi/13.2 Rel1/bin/../lib/gcc/arm-none-eabi/13.2.1/thumb/v8-m.main+fp/hard/crt0.o (exit)
C:/Program Files (x86)/Arm GNU Toolchain arm-none-eabi/13.2 Rel1/bin/../lib/gcc/arm-none-eabi/13.2.1/thumb/v8-m.main+fp/hard\libg_nano.a(libc_a-findfp.o)
                              C:/Program Files (x86)/Arm GNU Toolchain arm-none-eabi/13.2 Rel1/bin/../lib/gcc/arm-none-eabi/13.2.1/thumb/v8-m.main+fp/hard\libg_nano.a(libc_a-exit.o) (__stdio_exit_handler)
C:/Program Files (x86)/Arm GNU Toolchain arm-none-eabi/13.2 Rel1/bin/../lib/gcc/arm-none-eabi/13.2.1/thumb/v8-m.main+fp/hard\libg_nano.a(libc_a-fwalk.o)
                              C:/Program Files (x86)/Arm GNU Toolchain arm-none-eabi/13.2 Rel1/bin/../lib/gcc/arm-none-eabi/13.2.1/thumb/v8-m.main+fp/hard\libg_nano.a(libc_a-findfp.o) (_fwalk_sglue)
C:/Program Files (x86)/Arm GNU Toolchain arm-none-eabi/13.2 Rel1/bin/../lib/gcc/arm-none-eabi/13.2.1/thumb/v8-m.main+fp/hard\libg_nano.a(libc_a-printf.o)
                              ./src/SDHI_SDcard/sdhi_sdcard.o (printf)
C:/Program Files (x86)/Arm GNU Toolchain arm-none-eabi/13.2 Rel1/bin/../lib/gcc/arm-none-eabi/13.2.1/thumb/v8-m.main+fp/hard\libg_nano.a(libc_a-putchar.o)
                              ./src/SDHI_SDcard/sdhi_sdcard.o (putchar)
C:/Program Files (x86)/Arm GNU Toolchain arm-none-eabi/13.2 Rel1/bin/../lib/gcc/arm-none-eabi/13.2.1/thumb/v8-m.main+fp/hard\libg_nano.a(libc_a-puts.o)
                              ./src/SDHI_SDcard/sdhi_sdcard.o (puts)
C:/Program Files (x86)/Arm GNU Toolchain arm-none-eabi/13.2 Rel1/bin/../lib/gcc/arm-none-eabi/13.2.1/thumb/v8-m.main+fp/hard\libg_nano.a(libc_a-stdio.o)
                              C:/Program Files (x86)/Arm GNU Toolchain arm-none-eabi/13.2 Rel1/bin/../lib/gcc/arm-none-eabi/13.2.1/thumb/v8-m.main+fp/hard\libg_nano.a(libc_a-findfp.o) (__sread)
C:/Program Files (x86)/Arm GNU Toolchain arm-none-eabi/13.2 Rel1/bin/../lib/gcc/arm-none-eabi/13.2.1/thumb/v8-m.main+fp/hard\libg_nano.a(libc_a-wbuf.o)
                              C:/Program Files (x86)/Arm GNU Toolchain arm-none-eabi/13.2 Rel1/bin/../lib/gcc/arm-none-eabi/13.2.1/thumb/v8-m.main+fp/hard\libg_nano.a(libc_a-puts.o) (__swbuf_r)
C:/Program Files (x86)/Arm GNU Toolchain arm-none-eabi/13.2 Rel1/bin/../lib/gcc/arm-none-eabi/13.2.1/thumb/v8-m.main+fp/hard\libg_nano.a(libc_a-wsetup.o)
                              C:/Program Files (x86)/Arm GNU Toolchain arm-none-eabi/13.2 Rel1/bin/../lib/gcc/arm-none-eabi/13.2.1/thumb/v8-m.main+fp/hard\libg_nano.a(libc_a-puts.o) (__swsetup_r)
C:/Program Files (x86)/Arm GNU Toolchain arm-none-eabi/13.2 Rel1/bin/../lib/gcc/arm-none-eabi/13.2.1/thumb/v8-m.main+fp/hard\libg_nano.a(libc_a-memset.o)
                              C:/Program Files (x86)/Arm GNU Toolchain arm-none-eabi/13.2 Rel1/bin/../lib/gcc/arm-none-eabi/13.2.1/thumb/v8-m.main+fp/hard/crt0.o (memset)
C:/Program Files (x86)/Arm GNU Toolchain arm-none-eabi/13.2 Rel1/bin/../lib/gcc/arm-none-eabi/13.2.1/thumb/v8-m.main+fp/hard\libg_nano.a(libc_a-strncmp.o)
                              ./src/SDHI_SDcard/sdhi_sdcard.o (strncmp)
C:/Program Files (x86)/Arm GNU Toolchain arm-none-eabi/13.2 Rel1/bin/../lib/gcc/arm-none-eabi/13.2.1/thumb/v8-m.main+fp/hard\libg_nano.a(libc_a-closer.o)
                              C:/Program Files (x86)/Arm GNU Toolchain arm-none-eabi/13.2 Rel1/bin/../lib/gcc/arm-none-eabi/13.2.1/thumb/v8-m.main+fp/hard\libg_nano.a(libc_a-stdio.o) (_close_r)
C:/Program Files (x86)/Arm GNU Toolchain arm-none-eabi/13.2 Rel1/bin/../lib/gcc/arm-none-eabi/13.2.1/thumb/v8-m.main+fp/hard\libg_nano.a(libc_a-reent.o)
                              C:/Program Files (x86)/Arm GNU Toolchain arm-none-eabi/13.2 Rel1/bin/../lib/gcc/arm-none-eabi/13.2.1/thumb/v8-m.main+fp/hard\libg_nano.a(libc_a-closer.o) (errno)
[...]
Memory Configuration

Name             Origin             Length             Attributes
RAM              0x20000000         0x00080000         xrw
FLASH            0x00000000         0x00100000         xr
DATA_FLASH       0x08000000         0x00002000         xr
QSPI_FLASH       0x60000000         0x04000000         xr
OSPI0_CS0        0x68000000         0x08000000         xrw
OSPI0_CS1        0x70000000         0x10000000         xr
OPTION_SETTING_OFS0 0x0100a100         0x00000004         r
OPTION_SETTING_DUALSEL 0x0100a110         0x00000004         r
OPTION_SETTING_OFS1 0x0100a180         0x00000004         r
OPTION_SETTING_BANKSEL 0x0100a190         0x00000004         r
OPTION_SETTING_BPS 0x0100a1c0         0x00000010         r
OPTION_SETTING_PBPS 0x0100a1e0         0x00000010         r
OPTION_SETTING_OFS1_SEC 0x0100a200         0x00000004         r
OPTION_SETTING_BANKSEL_SEC 0x0100a210         0x00000004         r
OPTION_SETTING_BPS_SEC 0x0100a240         0x00000010         r
OPTION_SETTING_PBPS_SEC 0x0100a260         0x00000010         r
OPTION_SETTING_OFS1_SEL 0x0100a280         0x00000004         r
OPTION_SETTING_BANKSEL_SEL 0x0100a290         0x00000004         r
OPTION_SETTING_BPS_SEL 0x0100a2c0         0x00000010         r
*default*        0x00000000         0xffffffff

Linker script and memory map

LOAD C:/Program Files (x86)/Arm GNU Toolchain arm-none-eabi/13.2 Rel1/bin/../lib/gcc/arm-none-eabi/13.2.1/thumb/v8-m.main+fp/hard/crti.o
LOAD C:/Program Files (x86)/Arm GNU Toolchain arm-none-eabi/13.2 Rel1/bin/../lib/gcc/arm-none-eabi/13.2.1/thumb/v8-m.main+fp/hard/crtbegin.o
LOAD C:/Program Files (x86)/Arm GNU Toolchain arm-none-eabi/13.2 Rel1/bin/../lib/gcc/arm-none-eabi/13.2.1/thumb/v8-m.main+fp/hard/crt0.o
START GROUP
LOAD ./src/sys_time/sys_time.o
LOAD ./src/UART_debug/uart_debug.o
LOAD ./src/SDHI_SDcard/sdhi_sdcard.o
LOAD ./src/hal_entry.o
LOAD ./src/hal_warmstart.o
LOAD ./ra_gen/common_data.o
LOAD ./ra_gen/hal_data.o
LOAD ./ra_gen/main.o
LOAD ./ra_gen/pin_data.o
LOAD ./ra_gen/vector_data.o
LOAD ./ra/fsp/src/r_sdhi/r_sdhi.o
LOAD ./ra/fsp/src/r_sci_uart/r_sci_uart.o
LOAD ./ra/fsp/src/r_ioport/r_ioport.o
LOAD ./ra/fsp/src/r_dmac/r_dmac.o
LOAD ./ra/fsp/src/bsp/mcu/ra6m5/bsp_linker.o
LOAD ./ra/fsp/src/bsp/mcu/all/bsp_clocks.o
LOAD ./ra/fsp/src/bsp/mcu/all/bsp_common.o
LOAD ./ra/fsp/src/bsp/mcu/all/bsp_delay.o
LOAD ./ra/fsp/src/bsp/mcu/all/bsp_group_irq.o
LOAD ./ra/fsp/src/bsp/mcu/all/bsp_guard.o
LOAD ./ra/fsp/src/bsp/mcu/all/bsp_io.o
LOAD ./ra/fsp/src/bsp/mcu/all/bsp_ipc.o
LOAD ./ra/fsp/src/bsp/mcu/all/bsp_irq.o
LOAD ./ra/fsp/src/bsp/mcu/all/bsp_macl.o
LOAD ./ra/fsp/src/bsp/mcu/all/bsp_ospi_b.o
LOAD ./ra/fsp/src/bsp/mcu/all/bsp_register_protection.o
LOAD ./ra/fsp/src/bsp/mcu/all/bsp_sbrk.o
LOAD ./ra/fsp/src/bsp/mcu/all/bsp_sdram.o
LOAD ./ra/fsp/src/bsp/mcu/all/bsp_security.o
LOAD ./ra/fsp/src/bsp/cmsis/Device/RENESAS/Source/startup.o
LOAD ./ra/fsp/src/bsp/cmsis/Device/RENESAS/Source/system.o
END GROUP
START GROUP
LOAD C:/Program Files (x86)/Arm GNU Toolchain arm-none-eabi/13.2 Rel1/bin/../lib/gcc/arm-none-eabi/13.2.1/thumb/v8-m.main+fp/hard\libgcc.a
LOAD C:/Program Files (x86)/Arm GNU Toolchain arm-none-eabi/13.2 Rel1/bin/../lib/gcc/arm-none-eabi/13.2.1/thumb/v8-m.main+fp/hard\libg_nano.a
LOAD C:/Program Files (x86)/Arm GNU Toolchain arm-none-eabi/13.2 Rel1/bin/../lib/gcc/arm-none-eabi/13.2.1/thumb/v8-m.main+fp/hard\libc_nano.a
END GROUP
START GROUP
LOAD C:/Program Files (x86)/Arm GNU Toolchain arm-none-eabi/13.2 Rel1/bin/../lib/gcc/arm-none-eabi/13.2.1/thumb/v8-m.main+fp/hard\libgcc.a
LOAD C:/Program Files (x86)/Arm GNU Toolchain arm-none-eabi/13.2 Rel1/bin/../lib/gcc/arm-none-eabi/13.2.1/thumb/v8-m.main+fp/hard\libc_nano.a
END GROUP
LOAD C:/Program Files (x86)/Arm GNU Toolchain arm-none-eabi/13.2 Rel1/bin/../lib/gcc/arm-none-eabi/13.2.1/thumb/v8-m.main+fp/hard/crtend.o
LOAD C:/Program Files (x86)/Arm GNU Toolchain arm-none-eabi/13.2 Rel1/bin/../lib/gcc/arm-none-eabi/13.2.1/thumb/v8-m.main+fp/hard/crtn.o
                0x20000000                        RAM_START = 0x20000000
                0x00080000                        RAM_LENGTH = 0x80000
                0x00000000                        FLASH_START = 0x0
                0x00100000                        FLASH_LENGTH = 0x100000
                0x08000000                        DATA_FLASH_START = 0x8000000
                0x00002000                        DATA_FLASH_LENGTH = 0x2000
                0x60000000                        QSPI_FLASH_START = 0x60000000
                0x04000000                        QSPI_FLASH_LENGTH = 0x4000000
                0x68000000                        OSPI0_CS0_START = 0x68000000
                0x08000000                        OSPI0_CS0_LENGTH = 0x8000000
                0x70000000                        OSPI0_CS1_START = 0x70000000
                0x10000000                        OSPI0_CS1_LENGTH = 0x10000000
                0x0100a100                        OPTION_SETTING_OFS0_START = 0x100a100
                0x00000004                        OPTION_SETTING_OFS0_LENGTH = 0x4
                0x0100a110                        OPTION_SETTING_DUALSEL_START = 0x100a110
                0x00000004                        OPTION_SETTING_DUALSEL_LENGTH = 0x4
                0x0100a180                        OPTION_SETTING_OFS1_START = 0x100a180
                0x00000004                        OPTION_SETTING_OFS1_LENGTH = 0x4
                0x0100a190                        OPTION_SETTING_BANKSEL_START = 0x100a190
                0x00000004                        OPTION_SETTING_BANKSEL_LENGTH = 0x4
                0x0100a1c0                        OPTION_SETTING_BPS_START = 0x100a1c0
                0x00000010                        OPTION_SETTING_BPS_LENGTH = 0x10
                0x0100a1e0                        OPTION_SETTING_PBPS_START = 0x100a1e0
                0x00000010                        OPTION_SETTING_PBPS_LENGTH = 0x10
                0x0100a200                        OPTION_SETTING_OFS1_SEC_START = 0x100a200
                0x00000004                        OPTION_SETTING_OFS1_SEC_LENGTH = 0x4
                0x0100a210                        OPTION_SETTING_BANKSEL_SEC_START = 0x100a210
                0x00000004                        OPTION_SETTING_BANKSEL_SEC_LENGTH = 0x4
                0x0100a240                        OPTION_SETTING_BPS_SEC_START = 0x100a240
                0x00000010                        OPTION_SETTING_BPS_SEC_LENGTH = 0x10
                0x0100a260                        OPTION_SETTING_PBPS_SEC_START = 0x100a260
                0x00000010                        OPTION_SETTING_PBPS_SEC_LENGTH = 0x10
                0x0100a280                        OPTION_SETTING_OFS1_SEL_START = 0x100a280
                0x00000004                        OPTION_SETTING_OFS1_SEL_LENGTH = 0x4
                0x0100a290                        OPTION_SETTING_BANKSEL_SEL_START = 0x100a290
                0x00000004                        OPTION_SETTING_BANKSEL_SEL_LENGTH = 0x4
                0x0100a2c0                        OPTION_SETTING_BPS_SEL_START = 0x100a2c0
                0x00000010                        OPTION_SETTING_BPS_SEL_LENGTH = 0x10
START GROUP
LOAD C:/Program Files (x86)/Arm GNU Toolchain arm-none-eabi/13.2 Rel1/bin/../lib/gcc/arm-none-eabi/13.2.1/thumb/v8-m.main+fp/hard\libgcc.a
LOAD C:/Program Files (x86)/Arm GNU Toolchain arm-none-eabi/13.2 Rel1/bin/../lib/gcc/arm-none-eabi/13.2.1/thumb/v8-m.main+fp/hard\libc.a
LOAD C:/Program Files (x86)/Arm GNU Toolchain arm-none-eabi/13.2 Rel1/bin/../lib/gcc/arm-none-eabi/13.2.1/thumb/v8-m.main+fp/hard\libm.a
END GROUP

.qspi_flash.startof
                0x60000000        0x0
                0x60000000                        __ddsc_QSPI_FLASH_START = .

.ospi0_cs0.startof
                0x68000000        0x0
                0x68000000                        __ddsc_OSPI0_CS0_START = .

__ospi0_cs0_from_qspi_flash$$
                0x68000000        0x0 load address 0x60000000
                0x68000000                        __ospi0_cs0_from_qspi_flash$$Base = .
                0x60000000                        __ospi0_cs0_from_qspi_flash$$Load = LOADADDR (__ospi0_cs0_from_qspi_flash$$)
 *(.ospi0_cs0_from_qspi_flash)
 *(.ospi0_cs0_code_from_qspi_flash)
                0x68000000                        __ospi0_cs0_from_qspi_flash$$Limit = .

.ram.startof    0x20000000        0x0
                0x20000000                        __ddsc_RAM_START = .

__ram_dtc_vector$$
                0x20000000        0x0
                0x20000000                        __ram_dtc_vector$$Base = .
 *(.fsp_dtc_vector_table)
                0x20000000                        __ram_dtc_vector$$Limit = .

__ram_from_qspi_flash$$
                0x20000000        0x0 load address 0x60000000
                0x20000000                        __ram_from_qspi_flash$$Base = .
                0x60000000                        __ram_from_qspi_flash$$Load = LOADADDR (__ram_from_qspi_flash$$)
 *(.ram_from_qspi_flash)
 *(.ram_code_from_qspi_flash)
                0x20000000                        __ram_from_qspi_flash$$Limit = .

__qspi_flash_readonly$$
                0x60000000        0x0
                0x60000000                        __qspi_flash_readonly$$Base = .
 *(.qspi_flash)
 *(.qspi_flash_code)
                0x60000000                        __qspi_flash_readonly$$Limit = .

__qspi_flash_noinit$$
                0x60000000        0x0
                0x60000000                        __qspi_flash_noinit$$Base = .
 *(.qspi_flash_noinit)
                0x60000000                        __qspi_flash_noinit$$Limit = .

.qspi_flash.endof
                0x60000000        0x0
                0x60000000                        __ddsc_QSPI_FLASH_END = .

.ospi0_cs1.startof
                0x70000000        0x0
                0x70000000                        __ddsc_OSPI0_CS1_START = .

__ospi0_cs0_from_ospi0_cs1$$
                0x68000000        0x0 load address 0x70000000
                0x68000000                        __ospi0_cs0_from_ospi0_cs1$$Base = .
                0x70000000                        __ospi0_cs0_from_ospi0_cs1$$Load = LOADADDR (__ospi0_cs0_from_ospi0_cs1$$)
 *(.ospi0_cs0_from_ospi0_cs1)
 *(.ospi0_cs0_code_from_ospi0_cs1)
                0x68000000                        __ospi0_cs0_from_ospi0_cs1$$Limit = .

__ram_from_ospi0_cs1$$
                0x20000000        0x0 load address 0x70000000
                0x20000000                        __ram_from_ospi0_cs1$$Base = .
                0x70000000                        __ram_from_ospi0_cs1$$Load = LOADADDR (__ram_from_ospi0_cs1$$)
 *(.ram_from_ospi0_cs1)
 *(.ram_code_from_ospi0_cs1)
                0x20000000                        __ram_from_ospi0_cs1$$Limit = .

__ospi0_cs1_readonly$$
                0x70000000        0x0
                0x70000000                        __ospi0_cs1_readonly$$Base = .
 *(.ospi0_cs1)
 *(.ospi0_cs1_code)
                0x70000000                        __ospi0_cs1_readonly$$Limit = .

__ospi0_cs1_noinit$$
                0x70000000        0x0
                0x70000000                        __ospi0_cs1_noinit$$Base = .
 *(.ospi0_cs1_noinit)
                0x70000000                        __ospi0_cs1_noinit$$Limit = .

.ospi0_cs1.endof
                0x70000000        0x0
                0x70000000                        __ddsc_OSPI0_CS1_END = .

.data_flash.startof
                0x08000000        0x0
                0x08000000                        __ddsc_DATA_FLASH_START = .

__ospi0_cs0_from_data_flash$$
                0x68000000        0x0 load address 0x08000000
                0x68000000                        __ospi0_cs0_from_data_flash$$Base = .
                0x08000000                        __ospi0_cs0_from_data_flash$$Load = LOADADDR (__ospi0_cs0_from_data_flash$$)
 *(.ospi0_cs0_from_data_flash)
 *(.ospi0_cs0_code_from_data_flash)
                0x68000000                        __ospi0_cs0_from_data_flash$$Limit = .

__ram_from_data_flash$$
                0x20000000        0x0 load address 0x08000000
                0x20000000                        __ram_from_data_flash$$Base = .
                0x08000000                        __ram_from_data_flash$$Load = LOADADDR (__ram_from_data_flash$$)
 *(.ram_from_data_flash)
 *(.ram_code_from_data_flash)
                0x20000000                        __ram_from_data_flash$$Limit = .

__data_flash_readonly$$
                0x08000000        0x0
                0x08000000                        __data_flash_readonly$$Base = .
 *(.data_flash)
 *(.data_flash_code)
                0x08000000                        __data_flash_readonly$$Limit = .

__data_flash_noinit$$
                0x08000000        0x0
                0x08000000                        __data_flash_noinit$$Base = .
 *(.data_flash_noinit)
                0x08000000                        __data_flash_noinit$$Limit = .

.data_flash.endof
                0x08000000        0x0
                0x08000000                        __ddsc_DATA_FLASH_END = .

.flash.startof  0x00000000        0x0
                0x00000000                        __ddsc_FLASH_START = .

__flash_vectors$$
                0x00000000       0x58
                0x00000000                        __flash_vectors$$Base = .
                0x00000000                        _VECTORS = .
 *(.fixed_vectors)
 .fixed_vectors
                0x00000000       0x40 ./ra/fsp/src/bsp/cmsis/Device/RENESAS/Source/startup.o
                0x00000000                __Vectors
 *(.application_vectors)
 .application_vectors
                0x00000040       0x18 ./ra_gen/vector_data.o
                0x00000040                g_vector_table
                0x00000058                        __flash_vectors$$Limit = .

__flash_noinit$$
                0x00000058        0x0
                0x00000058                        __flash_noinit$$Base = .
 *(.flash_noinit)
                0x00000058                        __flash_noinit$$Limit = .

__ospi0_cs0_from_flash$$
                0x68000000        0x0 load address 0x00000058
                0x68000000                        __ospi0_cs0_from_flash$$Base = .
                0x00000058                        __ospi0_cs0_from_flash$$Load = LOADADDR (__ospi0_cs0_from_flash$$)
 *(.ospi0_cs0_from_flash)
 *(.ospi0_cs0_code_from_flash)
                0x68000000                        __ospi0_cs0_from_flash$$Limit = .

__ospi0_cs0_noinit_nocache$$
                0x68000000        0x0 load address 0x00000060
                0x68000000                        __ospi0_cs0_noinit_nocache$$Base = .
 *(.ospi0_cs0_noinit_nocache)
                0x68000000                        __ospi0_cs0_noinit_nocache$$Limit = .

__ospi0_cs0_zero_nocache$$
                0x68000000        0x0 load address 0x00000058
                0x68000000                        __ospi0_cs0_zero_nocache$$Base = .
 *(.ospi0_cs0_nocache)
                0x68000000                        . = ALIGN (0x20)
                0x68000000                        __ospi0_cs0_zero_nocache$$Limit = .

__ospi0_cs0_noinit$$
                0x68000000        0x0 load address 0x00000058
                0x68000000                        __ospi0_cs0_noinit$$Base = .
 *(.ospi0_cs0_noinit)
                0x68000000                        __ospi0_cs0_noinit$$Limit = .

__ospi0_cs0_zero$$
                0x68000000        0x0 load address 0x00000058
                0x68000000                        __ospi0_cs0_zero$$Base = .
 *(.ospi0_cs0)
                0x68000000                        __ospi0_cs0_zero$$Limit = .

.ospi0_cs0.endof
                0x68000000        0x0
                0x68000000                        __ddsc_OSPI0_CS0_END = .

__ram_from_flash$$
                0x20000000       0x94 load address 0x00000058
                0x20000000                        __ram_from_flash$$Base = .
                0x00000058                        __ram_from_flash$$Load = LOADADDR (__ram_from_flash$$)
 *(.ram_from_flash)
 *(.ram_code_from_flash)
 *(.data*)
 .data.g_sdmmc0_cfg
                0x20000000       0x24 ./ra_gen/hal_data.o
                0x20000000                g_sdmmc0_cfg
 .data.g_transfer0_info
                0x20000024       0x10 ./ra_gen/hal_data.o
                0x20000024                g_transfer0_info
 .data.g_uart0_baud_setting
                0x20000034        0x4 ./ra_gen/hal_data.o
                0x20000034                g_uart0_baud_setting
 .data.__sglue  0x20000038        0xc C:/Program Files (x86)/Arm GNU Toolchain arm-none-eabi/13.2 Rel1/bin/../lib/gcc/arm-none-eabi/13.2.1/thumb/v8-m.main+fp/hard\libg_nano.a(libc_a-findfp.o)
                0x20000038                __sglue
 .data._impure_ptr
                0x20000044        0x4 C:/Program Files (x86)/Arm GNU Toolchain arm-none-eabi/13.2 Rel1/bin/../lib/gcc/arm-none-eabi/13.2.1/thumb/v8-m.main+fp/hard\libg_nano.a(libc_a-impure.o)
                0x20000044                _impure_ptr
 .data._impure_data
                0x20000048       0x4c C:/Program Files (x86)/Arm GNU Toolchain arm-none-eabi/13.2 Rel1/bin/../lib/gcc/arm-none-eabi/13.2.1/thumb/v8-m.main+fp/hard\libg_nano.a(libc_a-impure.o)
                0x20000048                _impure_data
 *(vtable)
                0x20000094                        __ram_from_flash$$Limit = .

.tm_clone_table
                0x20000094        0x0 load address 0x000000ec
 .tm_clone_table
                0x20000094        0x0 C:/Program Files (x86)/Arm GNU Toolchain arm-none-eabi/13.2 Rel1/bin/../lib/gcc/arm-none-eabi/13.2.1/thumb/v8-m.main+fp/hard/crtbegin.o
 .tm_clone_table
                0x20000094        0x0 C:/Program Files (x86)/Arm GNU Toolchain arm-none-eabi/13.2 Rel1/bin/../lib/gcc/arm-none-eabi/13.2.1/thumb/v8-m.main+fp/hard/crtend.o

.igot.plt       0x20000094        0x0 load address 0x000000ec
 .igot.plt      0x20000094        0x0 C:/Program Files (x86)/Arm GNU Toolchain arm-none-eabi/13.2 Rel1/bin/../lib/gcc/arm-none-eabi/13.2.1/thumb/v8-m.main+fp/hard/crtbegin.o

__ram_noinit_nocache$$
                0x200000a0        0x0 load address 0x00000100
                0x200000a0                        __ram_noinit_nocache$$Base = .
 *(.ram_noinit_nocache)
                0x200000a0                        __ram_noinit_nocache$$Limit = .

__ram_zero_nocache$$
                0x20000094        0xc load address 0x000000ec
                0x20000094                        __ram_zero_nocache$$Base = .
 *(.ram_nocache)
                0x200000a0                        . = ALIGN (0x20)
 *fill*         0x20000094        0xc 
                0x200000a0                        __ram_zero_nocache$$Limit = .

__ram_noinit$$  0x200000a0      0x41c load address 0x000000ec
                0x200000a0                        __ram_noinit$$Base = .
 *(.bss.g_heap)
 *(.bss.g_main_stack)
 .bss.g_main_stack
                0x200000a0      0x400 ./ra/fsp/src/bsp/cmsis/Device/RENESAS/Source/startup.o
                0x200000a0                g_main_stack
 *(.ram_noinit)
 .ram_noinit    0x200004a0       0x1c ./ra/fsp/src/bsp/mcu/all/bsp_clocks.o
 *(.noinit)
                0x200004bc                        __ram_noinit$$Limit = .

__ram_zero$$    0x200004bc      0x878 load address 0x000000ec
                0x200004bc                        __ram_zero$$Base = .
 *(.ram)
 *(.bss*)
 .bss.completed.1
                0x200004bc        0x1 C:/Program Files (x86)/Arm GNU Toolchain arm-none-eabi/13.2 Rel1/bin/../lib/gcc/arm-none-eabi/13.2.1/thumb/v8-m.main+fp/hard/crtbegin.o
 *fill*         0x200004bd        0x3 
 .bss.object.0  0x200004c0       0x18 C:/Program Files (x86)/Arm GNU Toolchain arm-none-eabi/13.2 Rel1/bin/../lib/gcc/arm-none-eabi/13.2.1/thumb/v8-m.main+fp/hard/crtbegin.o
 .bss.uart_send_complete_flag
                0x200004d8        0x1 ./src/UART_debug/uart_debug.o
                0x200004d8                uart_send_complete_flag
 .bss.uart_receive_complete_flag
                0x200004d9        0x1 ./src/UART_debug/uart_debug.o
                0x200004d9                uart_receive_complete_flag
 *fill*         0x200004da        0x2 
 .bss.g_src     0x200004dc      0x200 ./src/SDHI_SDcard/sdhi_sdcard.o
                0x200004dc                g_src
 .bss.g_dest    0x200006dc      0x200 ./src/SDHI_SDcard/sdhi_sdcard.o
                0x200006dc                g_dest
 .bss.g_card_erase_complete
                0x200008dc        0x4 ./src/SDHI_SDcard/sdhi_sdcard.o
                0x200008dc                g_card_erase_complete
 .bss.g_transfer_complete
                0x200008e0        0x4 ./src/SDHI_SDcard/sdhi_sdcard.o
                0x200008e0                g_transfer_complete
 .bss.g_ioport_ctrl
                0x200008e4        0x8 ./ra_gen/common_data.o
                0x200008e4                g_ioport_ctrl
 .bss.g_sdmmc0_ctrl
                0x200008ec      0x248 ./ra_gen/hal_data.o
                0x200008ec                g_sdmmc0_ctrl
 .bss.g_transfer0_ctrl
                0x20000b34       0x18 ./ra_gen/hal_data.o
                0x20000b34                g_transfer0_ctrl
 .bss.g_uart0_ctrl
                0x20000b4c       0x30 ./ra_gen/hal_data.o
                0x20000b4c                g_uart0_ctrl
 .bss.g_bsp_group_irq_sources
                0x20000b7c       0x40 ./ra/fsp/src/bsp/mcu/all/bsp_group_irq.o
                0x20000b7c                g_bsp_group_irq_sources
 .bss.g_protect_pfswe_counter
                0x20000bbc        0x4 ./ra/fsp/src/bsp/mcu/all/bsp_io.o
                0x20000bbc                g_protect_pfswe_counter
 .bss.gp_renesas_isr_context
                0x20000bc0       0x18 ./ra/fsp/src/bsp/mcu/all/bsp_irq.o
                0x20000bc0                gp_renesas_isr_context
 .bss.g_protect_counters
                0x20000bd8        0xa ./ra/fsp/src/bsp/mcu/all/bsp_register_protection.o
                0x20000bd8                g_protect_counters
 *fill*         0x20000be2        0x2 
 .bss.SystemCoreClock
                0x20000be4        0x4 ./ra/fsp/src/bsp/cmsis/Device/RENESAS/Source/system.o
                0x20000be4                SystemCoreClock
 .bss.__sf      0x20000be8      0x138 C:/Program Files (x86)/Arm GNU Toolchain arm-none-eabi/13.2 Rel1/bin/../lib/gcc/arm-none-eabi/13.2.1/thumb/v8-m.main+fp/hard\libg_nano.a(libc_a-findfp.o)
                0x20000be8                __sf
 .bss.__stdio_exit_handler
                0x20000d20        0x4 C:/Program Files (x86)/Arm GNU Toolchain arm-none-eabi/13.2 Rel1/bin/../lib/gcc/arm-none-eabi/13.2.1/thumb/v8-m.main+fp/hard\libg_nano.a(libc_a-findfp.o)
                0x20000d20                __stdio_exit_handler
 .bss.errno     0x20000d24        0x4 C:/Program Files (x86)/Arm GNU Toolchain arm-none-eabi/13.2 Rel1/bin/../lib/gcc/arm-none-eabi/13.2.1/thumb/v8-m.main+fp/hard\libg_nano.a(libc_a-reent.o)
                0x20000d24                errno
 .bss.__lock___malloc_recursive_mutex
                0x20000d28        0x1 C:/Program Files (x86)/Arm GNU Toolchain arm-none-eabi/13.2 Rel1/bin/../lib/gcc/arm-none-eabi/13.2.1/thumb/v8-m.main+fp/hard\libg_nano.a(libc_a-lock.o)
                0x20000d28                __lock___malloc_recursive_mutex
 .bss.__lock___sfp_recursive_mutex
                0x20000d29        0x1 C:/Program Files (x86)/Arm GNU Toolchain arm-none-eabi/13.2 Rel1/bin/../lib/gcc/arm-none-eabi/13.2.1/thumb/v8-m.main+fp/hard\libg_nano.a(libc_a-lock.o)
                0x20000d29                __lock___sfp_recursive_mutex
 *fill*         0x20000d2a        0x2 
 .bss.__malloc_sbrk_start
                0x20000d2c        0x4 C:/Program Files (x86)/Arm GNU Toolchain arm-none-eabi/13.2 Rel1/bin/../lib/gcc/arm-none-eabi/13.2.1/thumb/v8-m.main+fp/hard\libg_nano.a(libc_a-mallocr.o)
                0x20000d2c                __malloc_sbrk_start
 .bss.__malloc_free_list
                0x20000d30        0x4 C:/Program Files (x86)/Arm GNU Toolchain arm-none-eabi/13.2 Rel1/bin/../lib/gcc/arm-none-eabi/13.2.1/thumb/v8-m.main+fp/hard\libg_nano.a(libc_a-mallocr.o)
                0x20000d30                __malloc_free_list
                0x20000d34                        __ram_zero$$Limit = .

__ram_thread_stack$$
                0x20000d38        0x0 load address 0x000000f0
                0x20000d38                        __ram_thread_stack$$Base = .
 *(.stack?*)
                0x20000d38                        __ram_thread_stack$$Limit = .

.ram.endof      0x20001000        0x0
                0x20001000                        __ddsc_RAM_END = .

.ram.flat_nsc   0x20001000        0x0
                0x20001000                        __ddsc_RAM_NSC = .

__flash_readonly$$
                0x000000ec     0x34fc
                0x000000ec                        __flash_readonly$$Base = .
 *(.flash)
 *(.flash_code)
 *(.text*)
 .text.deregister_tm_clones
                0x000000ec       0x1c C:/Program Files (x86)/Arm GNU Toolchain arm-none-eabi/13.2 Rel1/bin/../lib/gcc/arm-none-eabi/13.2.1/thumb/v8-m.main+fp/hard/crtbegin.o
 .text.register_tm_clones
                0x00000108       0x28 C:/Program Files (x86)/Arm GNU Toolchain arm-none-eabi/13.2 Rel1/bin/../lib/gcc/arm-none-eabi/13.2.1/thumb/v8-m.main+fp/hard/crtbegin.o
 .text.__do_global_dtors_aux
                0x00000130       0x28 C:/Program Files (x86)/Arm GNU Toolchain arm-none-eabi/13.2 Rel1/bin/../lib/gcc/arm-none-eabi/13.2.1/thumb/v8-m.main+fp/hard/crtbegin.o
 .text.frame_dummy
                0x00000158       0x24 C:/Program Files (x86)/Arm GNU Toolchain arm-none-eabi/13.2 Rel1/bin/../lib/gcc/arm-none-eabi/13.2.1/thumb/v8-m.main+fp/hard/crtbegin.o
 .text.SysTime_Init
                0x0000017c       0x28 ./src/sys_time/sys_time.o
                0x0000017c                SysTime_Init
 .text.SysTime_Get
                0x000001a4        0xc ./src/sys_time/sys_time.o
                0x000001a4                SysTime_Get
 .text.SysTime_Elapsed
                0x000001b0        0x4 ./src/sys_time/sys_time.o
                0x000001b0                SysTime_Elapsed
 .text.SysTime_CyclesToUs
                0x000001b4       0x1c ./src/sys_time/sys_time.o
                0x000001b4                SysTime_CyclesToUs
 .text.SysTime_GetClockHz
                0x000001d0        0xc ./src/sys_time/sys_time.o
                0x000001d0                SysTime_GetClockHz
 .text._isatty  0x000001dc       0x18 ./src/UART_debug/uart_debug.o
                0x000001dc                _isatty
 .text._close   0x000001f4       0x1c ./src/UART_debug/uart_debug.o
                0x000001f4                _close
 .text._lseek   0x00000210       0x14 ./src/UART_debug/uart_debug.o
                0x00000210                _lseek
 .text._fstat   0x00000224       0x1c ./src/UART_debug/uart_debug.o
                0x00000224                _fstat
 .text.UART_debug_Init
                0x00000240       0x30 ./src/UART_debug/uart_debug.o
                0x00000240                UART_debug_Init
 .text.UART_debug_callback
                0x00000270       0x38 ./src/UART_debug/uart_debug.o
                0x00000270                UART_debug_callback
 .text._write   0x000002a8       0x24 ./src/UART_debug/uart_debug.o
                0x000002a8                _write
 .text._read    0x000002cc       0x24 ./src/UART_debug/uart_debug.o
                0x000002cc                _read
 .text.SDCard_Init
                0x000002f0       0x3c ./src/SDHI_SDcard/sdhi_sdcard.o
                0x000002f0                SDCard_Init
 .text.sdhi_callback
                0x0000032c       0x3c ./src/SDHI_SDcard/sdhi_sdcard.o
                0x0000032c                sdhi_callback
 .text.SDCard_Operation
                0x00000368      0x148 ./src/SDHI_SDcard/sdhi_sdcard.o
                0x00000368                SDCard_Operation
 .text.SDCard_MeasureReadSpeed
                0x000004b0      0x120 ./src/SDHI_SDcard/sdhi_sdcard.o
                0x000004b0                SDCard_MeasureReadSpeed
 .text.hal_entry
                0x000005d0       0x30 ./src/hal_entry.o
                0x000005d0                hal_entry
 .text.R_BSP_WarmStart
                0x00000600       0x18 ./src/hal_warmstart.o
                0x00000600                R_BSP_WarmStart
 .text.g_sdmmc0_dmac_callback
                0x00000618        0x8 ./ra_gen/hal_data.o
                0x00000618                g_sdmmc0_dmac_callback
 .text.startup.main
                0x00000620        0xc ./ra_gen/main.o
                0x00000620                main
 .text.r_sdhi_command_send_no_wait
                0x0000062c       0x44 ./ra/fsp/src/r_sdhi/r_sdhi.o
 .text.r_sdhi_max_clock_rate_set
                0x00000670       0x7c ./ra/fsp/src/r_sdhi/r_sdhi.o
 .text.r_sdhi_transfer_read
                0x000006ec       0x74 ./ra/fsp/src/r_sdhi/r_sdhi.o
 .text.r_sdhi_call_callback
                0x00000760       0x50 ./ra/fsp/src/r_sdhi/r_sdhi.o
 .text.R_SDHI_Write
                0x000007b0      0x110 ./ra/fsp/src/r_sdhi/r_sdhi.o
                0x000007b0                R_SDHI_Write
 .text.r_sdhi_command_send
                0x000008c0       0x80 ./ra/fsp/src/r_sdhi/r_sdhi.o
 .text.R_SDHI_Read
                0x00000940       0x70 ./ra/fsp/src/r_sdhi/r_sdhi.o
                0x00000940                R_SDHI_Read
 .text.R_SDHI_Open
                0x000009b0      0x1ac ./ra/fsp/src/r_sdhi/r_sdhi.o
                0x000009b0                R_SDHI_Open
 .text.R_SDHI_MediaInit
                0x00000b5c      0x37c ./ra/fsp/src/r_sdhi/r_sdhi.o
                0x00000b5c                R_SDHI_MediaInit
 .text.r_sdhi_transfer_callback
                0x00000ed8       0xa0 ./ra/fsp/src/r_sdhi/r_sdhi.o
                0x00000ed8                r_sdhi_transfer_callback
 .text.sdhimmc_accs_isr
                0x00000f78      0x13c ./ra/fsp/src/r_sdhi/r_sdhi.o
                0x00000f78                sdhimmc_accs_isr
 .text.R_SCI_UART_Read
                0x000010b4        0xc ./ra/fsp/src/r_sci_uart/r_sci_uart.o
                0x000010b4                R_SCI_UART_Read
 .text.R_SCI_UART_Write
                0x000010c0       0x50 ./ra/fsp/src/r_sci_uart/r_sci_uart.o
                0x000010c0                R_SCI_UART_Write
 .text.r_sci_uart_call_callback
                0x00001110       0x44 ./ra/fsp/src/r_sci_uart/r_sci_uart.o
 .text.R_SCI_UART_Open
                0x00001154      0x3b4 ./ra/fsp/src/r_sci_uart/r_sci_uart.o
                0x00001154                R_SCI_UART_Open
 .text.sci_uart_txi_isr
                0x00001508       0x8c ./ra/fsp/src/r_sci_uart/r_sci_uart.o
                0x00001508                sci_uart_txi_isr
 .text.sci_uart_rxi_isr
                0x00001594       0x90 ./ra/fsp/src/r_sci_uart/r_sci_uart.o
                0x00001594                sci_uart_rxi_isr
 .text.sci_uart_tei_isr
                0x00001624       0x48 ./ra/fsp/src/r_sci_uart/r_sci_uart.o
                0x00001624                sci_uart_tei_isr
 .text.sci_uart_eri_isr
                0x0000166c       0x78 ./ra/fsp/src/r_sci_uart/r_sci_uart.o
                0x0000166c                sci_uart_eri_isr
 .text.bsp_vbatt_init
                0x000016e4       0xe8 ./ra/fsp/src/r_ioport/r_ioport.o
 .text.r_ioport_pins_config
                0x000017cc       0xac ./ra/fsp/src/r_ioport/r_ioport.o
 .text.R_IOPORT_Open
                0x00001878       0x14 ./ra/fsp/src/r_ioport/r_ioport.o
                0x00001878                R_IOPORT_Open
 .text.R_DMAC_SoftwareStart
                0x0000188c       0x14 ./ra/fsp/src/r_dmac/r_dmac.o
                0x0000188c                R_DMAC_SoftwareStart
 .text.R_DMAC_SoftwareStop
                0x000018a0        0xc ./ra/fsp/src/r_dmac/r_dmac.o
                0x000018a0                R_DMAC_SoftwareStop
 .text.R_DMAC_Enable
                0x000018ac        0xc ./ra/fsp/src/r_dmac/r_dmac.o
                0x000018ac                R_DMAC_Enable
 .text.R_DMAC_InfoGet
                0x000018b8       0x38 ./ra/fsp/src/r_dmac/r_dmac.o
                0x000018b8                R_DMAC_InfoGet
 .text.R_DMAC_Reload
                0x000018f0        0x4 ./ra/fsp/src/r_dmac/r_dmac.o
                0x000018f0                R_DMAC_Reload
 .text.R_DMAC_CallbackSet
                0x000018f4        0xc ./ra/fsp/src/r_dmac/r_dmac.o
                0x000018f4                R_DMAC_CallbackSet
 .text.R_DMAC_Close
                0x00001900       0x5c ./ra/fsp/src/r_dmac/r_dmac.o
                0x00001900                R_DMAC_Close
 .text.r_dmac_config_transfer_info
                0x0000195c      0x1c0 ./ra/fsp/src/r_dmac/r_dmac.o
 .text.R_DMAC_Open
                0x00001b1c       0x5c ./ra/fsp/src/r_dmac/r_dmac.o
                0x00001b1c                R_DMAC_Open
 .text.R_DMAC_Reconfigure
                0x00001b78       0x14 ./ra/fsp/src/r_dmac/r_dmac.o
                0x00001b78                R_DMAC_Reconfigure
 .text.R_DMAC_Disable
                0x00001b8c       0x30 ./ra/fsp/src/r_dmac/r_dmac.o
                0x00001b8c                R_DMAC_Disable
 .text.R_DMAC_Reset
                0x00001bbc       0x60 ./ra/fsp/src/r_dmac/r_dmac.o
                0x00001bbc                R_DMAC_Reset
 .text.dmac_int_isr
                0x00001c1c       0x48 ./ra/fsp/src/r_dmac/r_dmac.o
                0x00001c1c                dmac_int_isr
 .text.SystemCoreClockUpdate
                0x00001c64       0x28 ./ra/fsp/src/bsp/mcu/all/bsp_clocks.o
                0x00001c64                SystemCoreClockUpdate
 .text.R_BSP_SubClockStabilizeWaitAfterReset
                0x00001c8c        0x4 ./ra/fsp/src/bsp/mcu/all/bsp_clocks.o
                0x00001c8c                R_BSP_SubClockStabilizeWaitAfterReset
 .text.bsp_clock_init
                0x00001c90      0x14c ./ra/fsp/src/bsp/mcu/all/bsp_clocks.o
                0x00001c90                bsp_clock_init
 .text.R_BSP_Init_RTC
                0x00001ddc       0xb0 ./ra/fsp/src/bsp/mcu/all/bsp_clocks.o
                0x00001ddc                R_BSP_Init_RTC
 .text.bsp_init_internal
                0x00001e8c        0x4 ./ra/fsp/src/bsp/mcu/all/bsp_common.o
                0x00001e8c                bsp_init_internal
                0x00001e8c                bsp_init
 .text.__assert_func
                0x00001e90        0x4 ./ra/fsp/src/bsp/mcu/all/bsp_common.o
                0x00001e90                __assert_func
 .text.bsp_prv_software_delay_loop
                0x00001e94        0xc ./ra/fsp/src/bsp/mcu/all/bsp_delay.o
                0x00001e94                bsp_prv_software_delay_loop
 .text.R_BSP_SoftwareDelay
                0x00001ea0       0x8c ./ra/fsp/src/bsp/mcu/all/bsp_delay.o
                0x00001ea0                R_BSP_SoftwareDelay
 .text.NMI_Handler
                0x00001f2c       0x3c ./ra/fsp/src/bsp/mcu/all/bsp_group_irq.o
                0x00001f2c                NMI_Handler
 .text.bsp_irq_cfg
                0x00001f68       0x94 ./ra/fsp/src/bsp/mcu/all/bsp_irq.o
                0x00001f68                bsp_irq_cfg
 .text.R_BSP_RegisterProtectEnable
                0x00001ffc       0x60 ./ra/fsp/src/bsp/mcu/all/bsp_register_protection.o
                0x00001ffc                R_BSP_RegisterProtectEnable
 .text.R_BSP_RegisterProtectDisable
                0x0000205c       0x54 ./ra/fsp/src/bsp/mcu/all/bsp_register_protection.o
                0x0000205c                R_BSP_RegisterProtectDisable
 .text._sbrk    0x000020b0       0x14 ./ra/fsp/src/bsp/mcu/all/bsp_sbrk.o
                0x000020b0                _sbrk
 .text.Default_Handler
                0x000020c4        0x4 ./ra/fsp/src/bsp/cmsis/Device/RENESAS/Source/startup.o
                0x000020c4                DebugMon_Handler
                0x000020c4                HardFault_Handler
                0x000020c4                SysTick_Handler
                0x000020c4                PendSV_Handler
                0x000020c4                UsageFault_Handler
                0x000020c4                SecureFault_Handler
                0x000020c4                Default_Handler
                0x000020c4                MemManage_Handler
                0x000020c4                SVC_Handler
                0x000020c4                BusFault_Handler
 .text.Reset_Handler
                0x000020c8        0xc ./ra/fsp/src/bsp/cmsis/Device/RENESAS/Source/startup.o
                0x000020c8                Reset_Handler
 .text.SystemRuntimeInit
                0x000020d4       0x64 ./ra/fsp/src/bsp/cmsis/Device/RENESAS/Source/system.o
 .text.SystemInit
                0x00002138       0xc0 ./ra/fsp/src/bsp/cmsis/Device/RENESAS/Source/system.o
                0x00002138                SystemInit
 .text.std      0x000021f8       0x6c C:/Program Files (x86)/Arm GNU Toolchain arm-none-eabi/13.2 Rel1/bin/../lib/gcc/arm-none-eabi/13.2.1/thumb/v8-m.main+fp/hard\libg_nano.a(libc_a-findfp.o)
 .text.stdio_exit_handler
                0x00002264       0x18 C:/Program Files (x86)/Arm GNU Toolchain arm-none-eabi/13.2 Rel1/bin/../lib/gcc/arm-none-eabi/13.2.1/thumb/v8-m.main+fp/hard\libg_nano.a(libc_a-findfp.o)
 .text.cleanup_stdio
                0x0000227c       0x40 C:/Program Files (x86)/Arm GNU Toolchain arm-none-eabi/13.2 Rel1/bin/../lib/gcc/arm-none-eabi/13.2.1/thumb/v8-m.main+fp/hard\libg_nano.a(libc_a-findfp.o)
 .text.global_stdio_init.part.0
                0x000022bc       0x3c C:/Program Files (x86)/Arm GNU Toolchain arm-none-eabi/13.2 Rel1/bin/../lib/gcc/arm-none-eabi/13.2.1/thumb/v8-m.main+fp/hard\libg_nano.a(libc_a-findfp.o)
 .text.__sfp_lock_acquire
                0x000022f8        0xc C:/Program Files (x86)/Arm GNU Toolchain arm-none-eabi/13.2 Rel1/bin/../lib/gcc/arm-none-eabi/13.2.1/thumb/v8-m.main+fp/hard\libg_nano.a(libc_a-findfp.o)
                0x000022f8                __sfp_lock_acquire
 .text.__sfp_lock_release
                0x00002304        0xc C:/Program Files (x86)/Arm GNU Toolchain arm-none-eabi/13.2 Rel1/bin/../lib/gcc/arm-none-eabi/13.2.1/thumb/v8-m.main+fp/hard\libg_nano.a(libc_a-findfp.o)
                0x00002304                __sfp_lock_release
 .text.__sinit  0x00002310       0x30 C:/Program Files (x86)/Arm GNU Toolchain arm-none-eabi/13.2 Rel1/bin/../lib/gcc/arm-none-eabi/13.2.1/thumb/v8-m.main+fp/hard\libg_nano.a(libc_a-findfp.o)
                0x00002310                __sinit
 .text._fwalk_sglue
                0x00002340       0x3c C:/Program Files (x86)/Arm GNU Toolchain arm-none-eabi/13.2 Rel1/bin/../lib/gcc/arm-none-eabi/13.2.1/thumb/v8-m.main+fp/hard\libg_nano.a(libc_a-fwalk.o)
                0x00002340                _fwalk_sglue
 .text.printf   0x0000237c       0x24 C:/Program Files (x86)/Arm GNU Toolchain arm-none-eabi/13.2 Rel1/bin/../lib/gcc/arm-none-eabi/13.2.1/thumb/v8-m.main+fp/hard\libg_nano.a(libc_a-printf.o)
                0x0000237c                iprintf
                0x0000237c                printf
 .text.putchar  0x000023a0       0x10 C:/Program Files (x86)/Arm GNU Toolchain arm-none-eabi/13.2 Rel1/bin/../lib/gcc/arm-none-eabi/13.2.1/thumb/v8-m.main+fp/hard\libg_nano.a(libc_a-putchar.o)
                0x000023a0                putchar
 .text._puts_r  0x000023b0       0xaa C:/Program Files (x86)/Arm GNU Toolchain arm-none-eabi/13.2 Rel1/bin/../lib/gcc/arm-none-eabi/13.2.1/thumb/v8-m.main+fp/hard\libg_nano.a(libc_a-puts.o)
                0x000023b0                _puts_r
 *fill*         0x0000245a        0x2 
 .text.puts     0x0000245c       0x10 C:/Program Files (x86)/Arm GNU Toolchain arm-none-eabi/13.2 Rel1/bin/../lib/gcc/arm-none-eabi/13.2.1/thumb/v8-m.main+fp/hard\libg_nano.a(libc_a-puts.o)
                0x0000245c                puts
 .text.__sread  0x0000246c       0x22 C:/Program Files (x86)/Arm GNU Toolchain arm-none-eabi/13.2 Rel1/bin/../lib/gcc/arm-none-eabi/13.2.1/thumb/v8-m.main+fp/hard\libg_nano.a(libc_a-stdio.o)
                0x0000246c                __sread
 .text.__swrite
                0x0000248e       0x38 C:/Program Files (x86)/Arm GNU Toolchain arm-none-eabi/13.2 Rel1/bin/../lib/gcc/arm-none-eabi/13.2.1/thumb/v8-m.main+fp/hard\libg_nano.a(libc_a-stdio.o)
                0x0000248e                __swrite
 .text.__sseek  0x000024c6       0x24 C:/Program Files (x86)/Arm GNU Toolchain arm-none-eabi/13.2 Rel1/bin/../lib/gcc/arm-none-eabi/13.2.1/thumb/v8-m.main+fp/hard\libg_nano.a(libc_a-stdio.o)
                0x000024c6                __sseek
 .text.__sclose
                0x000024ea        0x8 C:/Program Files (x86)/Arm GNU Toolchain arm-none-eabi/13.2 Rel1/bin/../lib/gcc/arm-none-eabi/13.2.1/thumb/v8-m.main+fp/hard\libg_nano.a(libc_a-stdio.o)
                0x000024ea                __sclose
 .text.__swbuf_r
                0x000024f2       0x7c C:/Program Files (x86)/Arm GNU Toolchain arm-none-eabi/13.2 Rel1/bin/../lib/gcc/arm-none-eabi/13.2.1/thumb/v8-m.main+fp/hard\libg_nano.a(libc_a-wbuf.o)
                0x000024f2                __swbuf_r
 *fill*         0x0000256e        0x2 
 .text.__swsetup_r
                0x00002570       0xac C:/Program Files (x86)/Arm GNU Toolchain arm-none-eabi/13.2 Rel1/bin/../lib/gcc/arm-none-eabi/13.2.1/thumb/v8-m.main+fp/hard\libg_nano.a(libc_a-wsetup.o)
                0x00002570                __swsetup_r
 .text.memset   0x0000261c       0x10 C:/Program Files (x86)/Arm GNU Toolchain arm-none-eabi/13.2 Rel1/bin/../lib/gcc/arm-none-eabi/13.2.1/thumb/v8-m.main+fp/hard\libg_nano.a(libc_a-memset.o)
                0x0000261c                memset
 .text.strncmp  0x0000262c       0x24 C:/Program Files (x86)/Arm GNU Toolchain arm-none-eabi/13.2 Rel1/bin/../lib/gcc/arm-none-eabi/13.2.1/thumb/v8-m.main+fp/hard\libg_nano.a(libc_a-strncmp.o)
                0x0000262c                strncmp
 .text._close_r
                0x00002650       0x20 C:/Program Files (x86)/Arm GNU Toolchain arm-none-eabi/13.2 Rel1/bin/../lib/gcc/arm-none-eabi/13.2.1/thumb/v8-m.main+fp/hard\libg_nano.a(libc_a-closer.o)
                0x00002650                _close_r
 .text._lseek_r
                0x00002670       0x24 C:/Program Files (x86)/Arm GNU Toolchain arm-none-eabi/13.2 Rel1/bin/../lib/gcc/arm-none-eabi/13.2.1/thumb/v8-m.main+fp/hard\libg_nano.a(libc_a-lseekr.o)
                0x00002670                _lseek_r
 .text._read_r  0x00002694       0x24 C:/Program Files (x86)/Arm GNU Toolchain arm-none-eabi/13.2 Rel1/bin/../lib/gcc/arm-none-eabi/13.2.1/thumb/v8-m.main+fp/hard\libg_nano.a(libc_a-readr.o)
                0x00002694                _read_r
 .text._write_r
                0x000026b8       0x24 C:/Program Files (x86)/Arm GNU Toolchain arm-none-eabi/13.2 Rel1/bin/../lib/gcc/arm-none-eabi/13.2.1/thumb/v8-m.main+fp/hard\libg_nano.a(libc_a-writer.o)
                0x000026b8                _write_r
 .text.__errno  0x000026dc        0xc C:/Program Files (x86)/Arm GNU Toolchain arm-none-eabi/13.2 Rel1/bin/../lib/gcc/arm-none-eabi/13.2.1/thumb/v8-m.main+fp/hard\libg_nano.a(libc_a-errno.o)
                0x000026dc                __errno
 .text.__retarget_lock_init_recursive
                0x000026e8        0x2 C:/Program Files (x86)/Arm GNU Toolchain arm-none-eabi/13.2 Rel1/bin/../lib/gcc/arm-none-eabi/13.2.1/thumb/v8-m.main+fp/hard\libg_nano.a(libc_a-lock.o)
                0x000026e8                __retarget_lock_init_recursive
 .text.__retarget_lock_acquire_recursive
                0x000026ea        0x2 C:/Program Files (x86)/Arm GNU Toolchain arm-none-eabi/13.2 Rel1/bin/../lib/gcc/arm-none-eabi/13.2.1/thumb/v8-m.main+fp/hard\libg_nano.a(libc_a-lock.o)
                0x000026ea                __retarget_lock_acquire_recursive
 .text.__retarget_lock_release_recursive
                0x000026ec        0x2 C:/Program Files (x86)/Arm GNU Toolchain arm-none-eabi/13.2 Rel1/bin/../lib/gcc/arm-none-eabi/13.2.1/thumb/v8-m.main+fp/hard\libg_nano.a(libc_a-lock.o)
                0x000026ec                __retarget_lock_release_recursive
 .text.memcpy   0x000026ee       0x1a C:/Program Files (x86)/Arm GNU Toolchain arm-none-eabi/13.2 Rel1/bin/../lib/gcc/arm-none-eabi/13.2.1/thumb/v8-m.main+fp/hard\libg_nano.a(libc_a-memcpy-stub.o)
                0x000026ee                memcpy
 .text._free_r  0x00002708       0x94 C:/Program Files (x86)/Arm GNU Toolchain arm-none-eabi/13.2 Rel1/bin/../lib/gcc/arm-none-eabi/13.2.1/thumb/v8-m.main+fp/hard\libg_nano.a(libc_a-freer.o)
                0x00002708                _free_r
 .text.sbrk_aligned
                0x0000279c       0x44 C:/Program Files (x86)/Arm GNU Toolchain arm-none-eabi/13.2 Rel1/bin/../lib/gcc/arm-none-eabi/13.2.1/thumb/v8-m.main+fp/hard\libg_nano.a(libc_a-mallocr.o)
 .text._malloc_r
                0x000027e0      0x100 C:/Program Files (x86)/Arm GNU Toolchain arm-none-eabi/13.2 Rel1/bin/../lib/gcc/arm-none-eabi/13.2.1/thumb/v8-m.main+fp/hard\libg_nano.a(libc_a-mallocr.o)
                0x000027e0                _malloc_r
 .text.__malloc_lock
                0x000028e0        0xc C:/Program Files (x86)/Arm GNU Toolchain arm-none-eabi/13.2 Rel1/bin/../lib/gcc/arm-none-eabi/13.2.1/thumb/v8-m.main+fp/hard\libg_nano.a(libc_a-mlock.o)
                0x000028e0                __malloc_lock
 .text.__malloc_unlock
                0x000028ec        0xc C:/Program Files (x86)/Arm GNU Toolchain arm-none-eabi/13.2 Rel1/bin/../lib/gcc/arm-none-eabi/13.2.1/thumb/v8-m.main+fp/hard\libg_nano.a(libc_a-mlock.o)
                0x000028ec                __malloc_unlock
 .text.__sfputc_r
                0x000028f8       0x2e C:/Program Files (x86)/Arm GNU Toolchain arm-none-eabi/13.2 Rel1/bin/../lib/gcc/arm-none-eabi/13.2.1/thumb/v8-m.main+fp/hard\libg_nano.a(libc_a-nano-vfprintf.o)
 .text.__sfputs_r
                0x00002926       0x24 C:/Program Files (x86)/Arm GNU Toolchain arm-none-eabi/13.2 Rel1/bin/../lib/gcc/arm-none-eabi/13.2.1/thumb/v8-m.main+fp/hard\libg_nano.a(libc_a-nano-vfprintf.o)
                0x00002926                __sfputs_r
 *fill*         0x0000294a        0x2 
 .text._vfprintf_r
                0x0000294c      0x230 C:/Program Files (x86)/Arm GNU Toolchain arm-none-eabi/13.2 Rel1/bin/../lib/gcc/arm-none-eabi/13.2.1/thumb/v8-m.main+fp/hard\libg_nano.a(libc_a-nano-vfprintf.o)
                0x0000294c                _vfprintf_r
                0x0000294c                _vfiprintf_r
 .text._printf_common
                0x00002b7c       0xe4 C:/Program Files (x86)/Arm GNU Toolchain arm-none-eabi/13.2 Rel1/bin/../lib/gcc/arm-none-eabi/13.2.1/thumb/v8-m.main+fp/hard\libg_nano.a(libc_a-nano-vfprintf_i.o)
                0x00002b7c                _printf_common
 .text._printf_i
                0x00002c60      0x23c C:/Program Files (x86)/Arm GNU Toolchain arm-none-eabi/13.2 Rel1/bin/../lib/gcc/arm-none-eabi/13.2.1/thumb/v8-m.main+fp/hard\libg_nano.a(libc_a-nano-vfprintf_i.o)
                0x00002c60                _printf_i
 .text.__sflush_r
                0x00002e9c      0x108 C:/Program Files (x86)/Arm GNU Toolchain arm-none-eabi/13.2 Rel1/bin/../lib/gcc/arm-none-eabi/13.2.1/thumb/v8-m.main+fp/hard\libg_nano.a(libc_a-fflush.o)
                0x00002e9c                __sflush_r
 .text._fflush_r
                0x00002fa4       0x50 C:/Program Files (x86)/Arm GNU Toolchain arm-none-eabi/13.2 Rel1/bin/../lib/gcc/arm-none-eabi/13.2.1/thumb/v8-m.main+fp/hard\libg_nano.a(libc_a-fflush.o)
                0x00002fa4                _fflush_r
 .text.__swhatbuf_r
                0x00002ff4       0x4a C:/Program Files (x86)/Arm GNU Toolchain arm-none-eabi/13.2 Rel1/bin/../lib/gcc/arm-none-eabi/13.2.1/thumb/v8-m.main+fp/hard\libg_nano.a(libc_a-makebuf.o)
                0x00002ff4                __swhatbuf_r
 .text.__smakebuf_r
                0x0000303e       0x78 C:/Program Files (x86)/Arm GNU Toolchain arm-none-eabi/13.2 Rel1/bin/../lib/gcc/arm-none-eabi/13.2.1/thumb/v8-m.main+fp/hard\libg_nano.a(libc_a-makebuf.o)
                0x0000303e                __smakebuf_r
 .text._putc_r  0x000030b6       0x68 C:/Program Files (x86)/Arm GNU Toolchain arm-none-eabi/13.2 Rel1/bin/../lib/gcc/arm-none-eabi/13.2.1/thumb/v8-m.main+fp/hard\libg_nano.a(libc_a-putc.o)
                0x000030b6                _putc_r
 *fill*         0x0000311e        0x2 
 .text._fstat_r
                0x00003120       0x24 C:/Program Files (x86)/Arm GNU Toolchain arm-none-eabi/13.2 Rel1/bin/../lib/gcc/arm-none-eabi/13.2.1/thumb/v8-m.main+fp/hard\libg_nano.a(libc_a-fstatr.o)
                0x00003120                _fstat_r
 .text._isatty_r
                0x00003144       0x20 C:/Program Files (x86)/Arm GNU Toolchain arm-none-eabi/13.2 Rel1/bin/../lib/gcc/arm-none-eabi/13.2.1/thumb/v8-m.main+fp/hard\libg_nano.a(libc_a-isattyr.o)
                0x00003144                _isatty_r
 .text._sbrk_r  0x00003164       0x20 C:/Program Files (x86)/Arm GNU Toolchain arm-none-eabi/13.2 Rel1/bin/../lib/gcc/arm-none-eabi/13.2.1/thumb/v8-m.main+fp/hard\libg_nano.a(libc_a-sbrkr.o)
                0x00003164                _sbrk_r
 .text.memchr   0x00003184       0x1c C:/Program Files (x86)/Arm GNU Toolchain arm-none-eabi/13.2 Rel1/bin/../lib/gcc/arm-none-eabi/13.2.1/thumb/v8-m.main+fp/hard\libg_nano.a(libc_a-memchr-stub.o)
                0x00003184                memchr
 *(.rodata*)
 .rodata.UART_debug_Init.str1.4
                0x000031a0      0x1c9 ./src/UART_debug/uart_debug.o
                                 0x33 (size before relaxing)
 *fill*         0x00003369        0x3 
 .rodata.__func__.0
                0x0000336c       0x10 ./src/UART_debug/uart_debug.o
 .rodata.SDCard_Init.str1.4
                0x0000337c       0x4a ./src/SDHI_SDcard/sdhi_sdcard.o
 .rodata.SDCard_Operation.str1.4
                0x0000337c       0x38 ./src/SDHI_SDcard/sdhi_sdcard.o
 .rodata.SDCard_MeasureReadSpeed.str1.4
                0x0000337c       0xf5 ./src/SDHI_SDcard/sdhi_sdcard.o
 .rodata.__func__.0
                0x0000337c       0x11 ./src/SDHI_SDcard/sdhi_sdcard.o
 *fill*         0x0000338d        0x3 
 .rodata.__func__.1
                0x00003390        0xc ./src/SDHI_SDcard/sdhi_sdcard.o
 .rodata.hal_entry.str1.4
                0x0000339c       0x2d ./src/hal_entry.o
 .rodata.g_transfer0
                0x0000339c        0xc ./ra_gen/hal_data.o
                0x0000339c                g_transfer0
 .rodata.g_transfer0_cfg
                0x000033a8        0x8 ./ra_gen/hal_data.o
                0x000033a8                g_transfer0_cfg
 .rodata.g_transfer0_extend
                0x000033b0       0x18 ./ra_gen/hal_data.o
                0x000033b0                g_transfer0_extend
 .rodata.g_uart0_cfg
                0x000033c8       0x20 ./ra_gen/hal_data.o
                0x000033c8                g_uart0_cfg
 .rodata.g_uart0_cfg_extend
                0x000033e8       0x14 ./ra_gen/hal_data.o
                0x000033e8                g_uart0_cfg_extend
 .rodata.g_bsp_pin_cfg
                0x000033fc        0xc ./ra_gen/pin_data.o
                0x000033fc                g_bsp_pin_cfg
 .rodata.g_bsp_pin_cfg_data
                0x00003408       0x38 ./ra_gen/pin_data.o
                0x00003408                g_bsp_pin_cfg_data
 .rodata.g_interrupt_event_link_select
                0x00003440        0xc ./ra_gen/vector_data.o
                0x00003440                g_interrupt_event_link_select
 .rodata.g_vbatt_pins_input
                0x0000344c        0x6 ./ra/fsp/src/r_ioport/r_ioport.o
 *fill*         0x00003452        0x2 
 .rodata.g_transfer_on_dmac
                0x00003454       0x2c ./ra/fsp/src/r_dmac/r_dmac.o
                0x00003454                g_transfer_on_dmac
 .rodata.g_init_info
                0x00003480       0x18 ./ra/fsp/src/bsp/mcu/ra6m5/bsp_linker.o
                0x00003480                g_init_info
 .rodata.nocache_list
                0x00003498       0x10 ./ra/fsp/src/bsp/mcu/ra6m5/bsp_linker.o
 .rodata.copy_list
                0x000034a8       0x80 ./ra/fsp/src/bsp/mcu/ra6m5/bsp_linker.o
 .rodata.zero_list
                0x00003528       0x30 ./ra/fsp/src/bsp/mcu/ra6m5/bsp_linker.o
 .rodata.g_prcr_masks
                0x00003558        0xa ./ra/fsp/src/bsp/mcu/all/bsp_register_protection.o
 .rodata._vfprintf_r.str1.1
                0x00003562       0x33 C:/Program Files (x86)/Arm GNU Toolchain arm-none-eabi/13.2 Rel1/bin/../lib/gcc/arm-none-eabi/13.2.1/thumb/v8-m.main+fp/hard\libg_nano.a(libc_a-nano-vfprintf.o)
                                 0x11 (size before relaxing)
 .rodata._printf_i.str1.1
                0x00003595       0x22 C:/Program Files (x86)/Arm GNU Toolchain arm-none-eabi/13.2 Rel1/bin/../lib/gcc/arm-none-eabi/13.2.1/thumb/v8-m.main+fp/hard\libg_nano.a(libc_a-nano-vfprintf_i.o)
 *(.mcuboot_sce9_key)
 *(.version)
 *fill*         0x00003595        0x3 
 .version       0x00003598       0x50 ./ra/fsp/src/bsp/mcu/all/bsp_common.o
                0x000035e8                        __flash_readonly$$Limit = .

.glue_7         0x000035e8        0x0
 .glue_7        0x000035e8        0x0 linker stubs

.glue_7t        0x000035e8        0x0
 .glue_7t       0x000035e8        0x0 linker stubs

.vfp11_veneer   0x000035e8        0x0
 .vfp11_veneer  0x000035e8        0x0 linker stubs

.v4_bx          0x000035e8        0x0
 .v4_bx         0x000035e8        0x0 linker stubs

.init           0x000035e8        0x4
 .init          0x000035e8        0x4 C:/Program Files (x86)/Arm GNU Toolchain arm-none-eabi/13.2 Rel1/bin/../lib/gcc/arm-none-eabi/13.2.1/thumb/v8-m.main+fp/hard/crti.o
                0x000035e8                _init

.fini           0x000035ec        0x4
 .fini          0x000035ec        0x4 C:/Program Files (x86)/Arm GNU Toolchain arm-none-eabi/13.2 Rel1/bin/../lib/gcc/arm-none-eabi/13.2.1/thumb/v8-m.main+fp/hard/crti.o
                0x000035ec                _fini

.iplt           0x000035f0        0x0
 .iplt          0x000035f0        0x0 C:/Program Files (x86)/Arm GNU Toolchain arm-none-eabi/13.2 Rel1/bin/../lib/gcc/arm-none-eabi/13.2.1/thumb/v8-m.main+fp/hard/crtbegin.o

__flash_ctor$$
 *crtbegin.o(.ctors)
 *crtbegin?.o(.ctors)
 EXCLUDE_FILE(*crtend.o *crtend?.o) *(.ctors)
 *(SORT_BY_NAME(.ctors.*))
 *(.ctors)
 *crtbegin.o(.dtors)
 *crtbegin?.o(.dtors)
 EXCLUDE_FILE(*crtend.o *crtend?.o) *(.dtors)
 *(SORT_BY_NAME(.dtors.*))
 *(.dtors)

__flash_preinit_array$$
                0x000035f0        0x0
                0x000035f0                        __preinit_array_start = .
 *(.preinit_array)
                0x000035f0                        __preinit_array_end = .

__flash_.got$$
 *(.got.plt)
 *(.got)

__flash_init_array$$
                0x000035f0        0x4
                0x000035f0                        __init_array_start = .
 *(SORT_BY_NAME(.init_array.*))
 *(.init_array)
 .init_array    0x000035f0        0x4 C:/Program Files (x86)/Arm GNU Toolchain arm-none-eabi/13.2 Rel1/bin/../lib/gcc/arm-none-eabi/13.2.1/thumb/v8-m.main+fp/hard/crtbegin.o
                0x000035f4                        __init_array_end = .

__flash_fini_array$$
                0x000035f4        0x4
                0x000035f4                        __fini_array_start = .
 *(SORT_BY_NAME(.fini_array.*))
 *(.fini_array)
 .fini_array    0x000035f4        0x4 C:/Program Files (x86)/Arm GNU Toolchain arm-none-eabi/13.2 Rel1/bin/../lib/gcc/arm-none-eabi/13.2.1/thumb/v8-m.main+fp/hard/crtbegin.o
                0x000035f8                        __fini_array_end = .

__flash_arm.extab$$
 *(.ARM.extab*)
 *(.gnu.linkonce.armextab.*)

__flash_arm.exidx$$
                0x000035f8        0x0
                0x000035f8                        __exidx_start = .
 *(.ARM.exidx*)
 *(.gnu.linkonce.armexidx.*)
                0x000035f8                        __exidx_end = .

.flash.endof    0x00003800        0x0
                0x00003800                        __ddsc_FLASH_END = .

.flash.flat_nsc
                0x00003800        0x0
                0x00003800                        __ddsc_FLASH_NSC = .

.option_setting_ofs0.startof
                0x0100a100        0x0
                0x0100a100                        __ddsc_OPTION_SETTING_OFS0_START = .

__option_setting_ofs0_reg$$
                0x0100a100        0x4
                0x0100a100                        __option_setting_ofs0_reg$$Base = .
 *(.option_setting_ofs0)
 .option_setting_ofs0
                0x0100a100        0x4 ./ra/fsp/src/bsp/mcu/ra6m5/bsp_linker.o
                0x0100a104                        __option_setting_ofs0_reg$$Limit = .

.option_setting_ofs0.endof
                0x0100a104        0x0
                0x0100a104                        __ddsc_OPTION_SETTING_OFS0_END = .

.option_setting_dualsel.startof
                0x0100a110        0x0
                0x0100a110                        __ddsc_OPTION_SETTING_DUALSEL_START = .

__option_setting_dualsel_reg$$
                0x0100a110        0x0
                0x0100a110                        __option_setting_dualsel_reg$$Base = .
 *(.option_setting_dualsel)
                0x0100a110                        __option_setting_dualsel_reg$$Limit = .

.option_setting_dualsel.endof
                0x0100a110        0x0
                0x0100a110                        __ddsc_OPTION_SETTING_DUALSEL_END = .

.option_setting_ofs1.startof
                0x0100a180        0x0
                0x0100a180                        __ddsc_OPTION_SETTING_OFS1_START = .

__option_setting_ofs1_reg$$
                0x0100a180        0x0
                0x0100a180                        __option_setting_ofs1_reg$$Base = .
 *(.option_setting_ofs1)
                0x0100a180                        __option_setting_ofs1_reg$$Limit = .

.option_setting_ofs1.endof
                0x0100a180        0x0
                0x0100a180                        __ddsc_OPTION_SETTING_OFS1_END = .

.option_setting_banksel.startof
                0x0100a190        0x0
                0x0100a190                        __ddsc_OPTION_SETTING_BANKSEL_START = .

__option_setting_banksel_reg$$
                0x0100a190        0x0
                0x0100a190                        __option_setting_banksel_reg$$Base = .
 *(.option_setting_banksel)
                0x0100a190                        __option_setting_banksel_reg$$Limit = .

.option_setting_banksel.endof
                0x0100a190        0x0
                0x0100a190                        __ddsc_OPTION_SETTING_BANKSEL_END = .

.option_setting_bps.startof
                0x0100a1c0        0x0
                0x0100a1c0                        __ddsc_OPTION_SETTING_BPS_START = .

__option_setting_bps_reg$$
                0x0100a1c0        0x0
                0x0100a1c0                        __option_setting_bps_reg$$Base = .
 *(.option_setting_bps)
                0x0100a1c0                        __option_setting_bps_reg$$Limit = .

.option_setting_bps.endof
                0x0100a1c0        0x0
                0x0100a1c0                        __ddsc_OPTION_SETTING_BPS_END = .

.option_setting_pbps.startof
                0x0100a1e0        0x0
                0x0100a1e0                        __ddsc_OPTION_SETTING_PBPS_START = .

__option_setting_pbps_reg$$
                0x0100a1e0        0x0
                0x0100a1e0                        __option_setting_pbps_reg$$Base = .
 *(.option_setting_pbps)
                0x0100a1e0                        __option_setting_pbps_reg$$Limit = .

.option_setting_pbps.endof
                0x0100a1e0        0x0
                0x0100a1e0                        __ddsc_OPTION_SETTING_PBPS_END = .

.option_setting_ofs1_sec.startof
                0x0100a200        0x0
                0x0100a200                        __ddsc_OPTION_SETTING_OFS1_SEC_START = .

__option_setting_ofs1_sec_reg$$
                0x0100a200        0x4
                0x0100a200                        __option_setting_ofs1_sec_reg$$Base = .
 *(.option_setting_ofs1_sec)
 .option_setting_ofs1_sec
                0x0100a200        0x4 ./ra/fsp/src/bsp/mcu/ra6m5/bsp_linker.o
                0x0100a204                        __option_setting_ofs1_sec_reg$$Limit = .

.option_setting_ofs1_sec.endof
                0x0100a204        0x0
                0x0100a204                        __ddsc_OPTION_SETTING_OFS1_SEC_END = .

.option_setting_banksel_sec.startof
                0x0100a210        0x0
                0x0100a210                        __ddsc_OPTION_SETTING_BANKSEL_SEC_START = .

__option_setting_banksel_sec_reg$$
                0x0100a210        0x0
                0x0100a210                        __option_setting_banksel_sec_reg$$Base = .
 *(.option_setting_banksel_sec)
                0x0100a210                        __option_setting_banksel_sec_reg$$Limit = .

.option_setting_banksel_sec.endof
                0x0100a210        0x0
                0x0100a210                        __ddsc_OPTION_SETTING_BANKSEL_SEC_END = .

.option_setting_bps_sec.startof
                0x0100a240        0x0
                0x0100a240                        __ddsc_OPTION_SETTING_BPS_SEC_START = .

__option_setting_bps_sec_reg$$
                0x0100a240        0x0
                0x0100a240                        __option_setting_bps_sec_reg$$Base = .
 *(.option_setting_bps_sec)
                0x0100a240                        __option_setting_bps_sec_reg$$Limit = .

.option_setting_bps_sec.endof
                0x0100a240        0x0
                0x0100a240                        __ddsc_OPTION_SETTING_BPS_SEC_END = .

.option_setting_pbps_sec.startof
                0x0100a260        0x0
                0x0100a260                        __ddsc_OPTION_SETTING_PBPS_SEC_START = .

__option_setting_pbps_sec_reg$$
                0x0100a260        0x0
                0x0100a260                        __option_setting_pbps_sec_reg$$Base = .
 *(.option_setting_pbps_sec)
                0x0100a260                        __option_setting_pbps_sec_reg$$Limit = .

.option_setting_pbps_sec.endof
                0x0100a260        0x0
                0x0100a260                        __ddsc_OPTION_SETTING_PBPS_SEC_END = .

.option_setting_ofs1_sel.startof
                0x0100a280        0x0
                0x0100a280                        __ddsc_OPTION_SETTING_OFS1_SEL_START = .

__option_setting_ofs1_sel_reg$$
                0x0100a280        0x4
                0x0100a280                        __option_setting_ofs1_sel_reg$$Base = .
 *(.option_setting_ofs1_sel)
 .option_setting_ofs1_sel
                0x0100a280        0x4 ./ra/fsp/src/bsp/mcu/ra6m5/bsp_linker.o
                0x0100a284                        __option_setting_ofs1_sel_reg$$Limit = .

.eh_frame       0x0100a284        0x0
 .eh_frame      0x0100a284        0x0 C:/Program Files (x86)/Arm GNU Toolchain arm-none-eabi/13.2 Rel1/bin/../lib/gcc/arm-none-eabi/13.2.1/thumb/v8-m.main+fp/hard/crtbegin.o

.rel.dyn        0x0100a284        0x0
 .rel.iplt      0x0100a284        0x0 C:/Program Files (x86)/Arm GNU Toolchain arm-none-eabi/13.2 Rel1/bin/../lib/gcc/arm-none-eabi/13.2.1/thumb/v8-m.main+fp/hard/crtbegin.o

.option_setting_ofs1_sel.endof
                0x0100a284        0x0
                0x0100a284                        __ddsc_OPTION_SETTING_OFS1_SEL_END = .

.option_setting_banksel_sel.startof
                0x0100a290        0x0
                0x0100a290                        __ddsc_OPTION_SETTING_BANKSEL_SEL_START = .

__option_setting_banksel_sel_reg$$
                0x0100a290        0x0
                0x0100a290                        __option_setting_banksel_sel_reg$$Base = .
 *(.option_setting_banksel_sel)
                0x0100a290                        __option_setting_banksel_sel_reg$$Limit = .

.option_setting_banksel_sel.endof
                0x0100a290        0x0
                0x0100a290                        __ddsc_OPTION_SETTING_BANKSEL_SEL_END = .

.option_setting_bps_sel.startof
                0x0100a2c0        0x0
                0x0100a2c0                        __ddsc_OPTION_SETTING_BPS_SEL_START = .

__option_setting_bps_sel_reg$$
                0x0100a2c0        0x0
                0x0100a2c0                        __option_setting_bps_sel_reg$$Base = .
 *(.option_setting_bps_sel)
                0x0100a2c0                        __option_setting_bps_sel_reg$$Limit = .

.option_setting_bps_sel.endof
                0x0100a2c0        0x0
                0x0100a2c0                        __ddsc_OPTION_SETTING_BPS_SEL_END = .
OUTPUT(03_SDHI_SDcard.elf elf32-littlearm)
LOAD linker stubs

.ARM.attributes
                0x00000000       0x36
 .ARM.attributes
                0x00000000       0x26 C:/Program Files (x86)/Arm GNU Toolchain arm-none-eabi/13.2 Rel1/bin/../lib/gcc/arm-none-eabi/13.2.1/thumb/v8-m.main+fp/hard/crti.o
 .ARM.attributes
                0x00000026       0x38 C:/Program Files (x86)/Arm GNU Toolchain arm-none-eabi/13.2 Rel1/bin/../lib/gcc/arm-none-eabi/13.2.1/thumb/v8-m.main+fp/hard/crtbegin.o
 .ARM.attributes
                0x0000005e       0x3a ./src/sys_time/sys_time.o
 .ARM.attributes
                0x00000098       0x3a ./src/UART_debug/uart_debug.o
 .ARM.attributes
                0x000000d2       0x3a ./src/SDHI_SDcard/sdhi_sdcard.o
 .ARM.attributes
                0x0000010c       0x3a ./src/hal_entry.o
 .ARM.attributes
                0x00000146       0x3a ./src/hal_warmstart.o
 .ARM.attributes
                0x00000180       0x3a ./ra_gen/common_data.o
 .ARM.attributes
                0x000001ba       0x3a ./ra_gen/hal_data.o
 .ARM.attributes
                0x000001f4       0x3a ./ra_gen/main.o
 .ARM.attributes
                0x0000022e       0x3a ./ra_gen/pin_data.o
 .ARM.attributes
                0x00000268       0x3a ./ra_gen/vector_data.o
 .ARM.attributes
                0x000002a2       0x3a ./ra/fsp/src/r_sdhi/r_sdhi.o
 .ARM.attributes
                0x000002dc       0x3a ./ra/fsp/src/r_sci_uart/r_sci_uart.o
 .ARM.attributes
                0x00000316       0x3a ./ra/fsp/src/r_ioport/r_ioport.o
 .ARM.attributes
                0x00000350       0x3a ./ra/fsp/src/r_dmac/r_dmac.o
 .ARM.attributes
                0x0000038a       0x3a ./ra/fsp/src/bsp/mcu/ra6m5/bsp_linker.o
 .ARM.attributes
                0x000003c4       0x3a ./ra/fsp/src/bsp/mcu/all/bsp_clocks.o
 .ARM.attributes
                0x000003fe       0x3a ./ra/fsp/src/bsp/mcu/all/bsp_common.o
 .ARM.attributes
                0x00000438       0x3a ./ra/fsp/src/bsp/mcu/all/bsp_delay.o
 .ARM.attributes
                0x00000472       0x3a ./ra/fsp/src/bsp/mcu/all/bsp_group_irq.o
 .ARM.attributes
                0x000004ac       0x3a ./ra/fsp/src/bsp/mcu/all/bsp_io.o
 .ARM.attributes
                0x000004e6       0x3a ./ra/fsp/src/bsp/mcu/all/bsp_irq.o
 .ARM.attributes
                0x00000520       0x3a ./ra/fsp/src/bsp/mcu/all/bsp_register_protection.o
 .ARM.attributes
                0x0000055a       0x3a ./ra/fsp/src/bsp/mcu/all/bsp_sbrk.o
 .ARM.attributes
                0x00000594       0x3a ./ra/fsp/src/bsp/cmsis/Device/RENESAS/Source/startup.o
 .ARM.attributes
                0x000005ce       0x3a ./ra/fsp/src/bsp/cmsis/Device/RENESAS/Source/system.o
 .ARM.attributes
                0x00000608       0x38 C:/Program Files (x86)/Arm GNU Toolchain arm-none-eabi/13.2 Rel1/bin/../lib/gcc/arm-none-eabi/13.2.1/thumb/v8-m.main+fp/hard\libg_nano.a(libc_a-findfp.o)
 .ARM.attributes
                0x00000640       0x38 C:/Program Files (x86)/Arm GNU Toolchain arm-none-eabi/13.2 Rel1/bin/../lib/gcc/arm-none-eabi/13.2.1/thumb/v8-m.main+fp/hard\libg_nano.a(libc_a-fwalk.o)
 .ARM.attributes
                0x00000678       0x38 C:/Program Files (x86)/Arm GNU Toolchain arm-none-eabi/13.2 Rel1/bin/../lib/gcc/arm-none-eabi/13.2.1/thumb/v8-m.main+fp/hard\libg_nano.a(libc_a-printf.o)
 .ARM.attributes
                0x000006b0       0x38 C:/Program Files (x86)/Arm GNU Toolchain arm-none-eabi/13.2 Rel1/bin/../lib/gcc/arm-none-eabi/13.2.1/thumb/v8-m.main+fp/hard\libg_nano.a(libc_a-putchar.o)
 .ARM.attributes
                0x000006e8       0x38 C:/Program Files (x86)/Arm GNU Toolchain arm-none-eabi/13.2 Rel1/bin/../lib/gcc/arm-none-eabi/13.2.1/thumb/v8-m.main+fp/hard\libg_nano.a(libc_a-puts.o)
 .ARM.attributes
                0x00000720       0x38 C:/Program Files (x86)/Arm GNU Toolchain arm-none-eabi/13.2 Rel1/bin/../lib/gcc/arm-none-eabi/13.2.1/thumb/v8-m.main+fp/hard\libg_nano.a(libc_a-stdio.o)
 .ARM.attributes
                0x00000758       0x38 C:/Program Files (x86)/Arm GNU Toolchain arm-none-eabi/13.2 Rel1/bin/../lib/gcc/arm-none-eabi/13.2.1/thumb/v8-m.main+fp/hard\libg_nano.a(libc_a-wbuf.o)
 .ARM.attributes
                0x00000790       0x38 C:/Program Files (x86)/Arm GNU Toolchain arm-none-eabi/13.2 Rel1/bin/../lib/gcc/arm-none-eabi/13.2.1/thumb/v8-m.main+fp/hard\libg_nano.a(libc_a-wsetup.o)
 .ARM.attributes
                0x000007c8       0x38 C:/Program Files (x86)/Arm GNU Toolchain arm-none-eabi/13.2 Rel1/bin/../lib/gcc/arm-none-eabi/13.2.1/thumb/v8-m.main+fp/hard\libg_nano.a(libc_a-memset.o)
 .ARM.attributes
                0x00000800       0x38 C:/Program Files (x86)/Arm GNU Toolchain arm-none-eabi/13.2 Rel1/bin/../lib/gcc/arm-none-eabi/13.2.1/thumb/v8-m.main+fp/hard\libg_nano.a(libc_a-strncmp.o)
 .ARM.attributes
                0x00000838       0x38 C:/Program Files (x86)/Arm GNU Toolchain arm-none-eabi/13.2 Rel1/bin/../lib/gcc/arm-none-eabi/13.2.1/thumb/v8-m.main+fp/hard\libg_nano.a(libc_a-closer.o)
 .ARM.attributes
                0x00000870       0x38 C:/Program Files (x86)/Arm GNU Toolchain arm-none-eabi/13.2 Rel1/bin/../lib/gcc/arm-none-eabi/13.2.1/thumb/v8-m.main+fp/hard\libg_nano.a(libc_a-reent.o)
 .ARM.attributes
                0x000008a8       0x38 C:/Program Files (x86)/Arm GNU Toolchain arm-none-eabi/13.2 Rel1/bin/../lib/gcc/arm-none-eabi/13.2.1/thumb/v8-m.main+fp/hard\libg_nano.a(libc_a-impure.o)
 .ARM.attributes
                0x000008e0       0x38 C:/Program Files (x86)/Arm GNU Toolchain arm-none-eabi/13.2 Rel1/bin/../lib/gcc/arm-none-eabi/13.2.1/thumb/v8-m.main+fp/hard\libg_nano.a(libc_a-lseekr.o)
 .ARM.attributes
                0x00000918       0x38 C:/Program Files (x86)/Arm GNU Toolchain arm-none-eabi/13.2 Rel1/bin/../lib/gcc/arm-none-eabi/13.2.1/thumb/v8-m.main+fp/hard\libg_nano.a(libc_a-readr.o)
 .ARM.attributes
                0x00000950       0x38 C:/Program Files (x86)/Arm GNU Toolchain arm-none-eabi/13.2 Rel1/bin/../lib/gcc/arm-none-eabi/13.2.1/thumb/v8-m.main+fp/hard\libg_nano.a(libc_a-writer.o)
 .ARM.attributes
                0x00000988       0x38 C:/Program Files (x86)/Arm GNU Toolchain arm-none-eabi/13.2 Rel1/bin/../lib/gcc/arm-none-eabi/13.2.1/thumb/v8-m.main+fp/hard\libg_nano.a(libc_a-errno.o)
 .ARM.attributes
                0x000009c0       0x38 C:/Program Files (x86)/Arm GNU Toolchain arm-none-eabi/13.2 Rel1/bin/../lib/gcc/arm-none-eabi/13.2.1/thumb/v8-m.main+fp/hard\libg_nano.a(libc_a-lock.o)
 .ARM.attributes
                0x000009f8       0x38 C:/Program Files (x86)/Arm GNU Toolchain arm-none-eabi/13.2 Rel1/bin/../lib/gcc/arm-none-eabi/13.2.1/thumb/v8-m.main+fp/hard\libg_nano.a(libc_a-memcpy-stub.o)
 .ARM.attributes
                0x00000a30       0x38 C:/Program Files (x86)/Arm GNU Toolchain arm-none-eabi/13.2 Rel1/bin/../lib/gcc/arm-none-eabi/13.2.1/thumb/v8-m.main+fp/hard\libg_nano.a(libc_a-freer.o)
 .ARM.attributes
                0x00000a68       0x38 C:/Program Files (x86)/Arm GNU Toolchain arm-none-eabi/13.2 Rel1/bin/../lib/gcc/arm-none-eabi/13.2.1/thumb/v8-m.main+fp/hard\libg_nano.a(libc_a-mallocr.o)
 .ARM.attributes
                0x00000aa0       0x38 C:/Program Files (x86)/Arm GNU Toolchain arm-none-eabi/13.2 Rel1/bin/../lib/gcc/arm-none-eabi/13.2.1/thumb/v8-m.main+fp/hard\libg_nano.a(libc_a-mlock.o)
 .ARM.attributes
                0x00000ad8       0x38 C:/Program Files (x86)/Arm GNU Toolchain arm-none-eabi/13.2 Rel1/bin/../lib/gcc/arm-none-eabi/13.2.1/thumb/v8-m.main+fp/hard\libg_nano.a(libc_a-nano-vfprintf.o)
 .ARM.attributes
                0x00000b10       0x38 C:/Program Files (x86)/Arm GNU Toolchain arm-none-eabi/13.2 Rel1/bin/../lib/gcc/arm-none-eabi/13.2.1/thumb/v8-m.main+fp/hard\libg_nano.a(libc_a-nano-vfprintf_i.o)
 .ARM.attributes
                0x00000b48       0x38 C:/Program Files (x86)/Arm GNU Toolchain arm-none-eabi/13.2 Rel1/bin/../lib/gcc/arm-none-eabi/13.2.1/thumb/v8-m.main+fp/hard\libg_nano.a(libc_a-fflush.o)
 .ARM.attributes
                0x00000b80       0x38 C:/Program Files (x86)/Arm GNU Toolchain arm-none-eabi/13.2 Rel1/bin/../lib/gcc/arm-none-eabi/13.2.1/thumb/v8-m.main+fp/hard\libg_nano.a(libc_a-makebuf.o)
 .ARM.attributes
                0x00000bb8       0x38 C:/Program Files (x86)/Arm GNU Toolchain arm-none-eabi/13.2 Rel1/bin/../lib/gcc/arm-none-eabi/13.2.1/thumb/v8-m.main+fp/hard\libg_nano.a(libc_a-putc.o)
 .ARM.attributes
                0x00000bf0       0x38 C:/Program Files (x86)/Arm GNU Toolchain arm-none-eabi/13.2 Rel1/bin/../lib/gcc/arm-none-eabi/13.2.1/thumb/v8-m.main+fp/hard\libg_nano.a(libc_a-fstatr.o)
 .ARM.attributes
                0x00000c28       0x38 C:/Program Files (x86)/Arm GNU Toolchain arm-none-eabi/13.2 Rel1/bin/../lib/gcc/arm-none-eabi/13.2.1/thumb/v8-m.main+fp/hard\libg_nano.a(libc_a-isattyr.o)
 .ARM.attributes
                0x00000c60       0x38 C:/Program Files (x86)/Arm GNU Toolchain arm-none-eabi/13.2 Rel1/bin/../lib/gcc/arm-none-eabi/13.2.1/thumb/v8-m.main+fp/hard\libg_nano.a(libc_a-sbrkr.o)
 .ARM.attributes
                0x00000c98       0x38 C:/Program Files (x86)/Arm GNU Toolchain arm-none-eabi/13.2 Rel1/bin/../lib/gcc/arm-none-eabi/13.2.1/thumb/v8-m.main+fp/hard\libg_nano.a(libc_a-memchr-stub.o)
 .ARM.attributes
                0x00000cd0       0x38 C:/Program Files (x86)/Arm GNU Toolchain arm-none-eabi/13.2 Rel1/bin/../lib/gcc/arm-none-eabi/13.2.1/thumb/v8-m.main+fp/hard/crtend.o

.comment        0x00000000       0x44
 .comment       0x00000000       0x44 ./src/sys_time/sys_time.o
                                 0x45 (size before relaxing)
 .comment       0x00000044       0x45 ./src/UART_debug/uart_debug.o
 .comment       0x00000044       0x45 ./src/SDHI_SDcard/sdhi_sdcard.o
 .comment       0x00000044       0x45 ./src/hal_entry.o
 .comment       0x00000044       0x45 ./src/hal_warmstart.o
 .comment       0x00000044       0x45 ./ra_gen/common_data.o
 .comment       0x00000044       0x45 ./ra_gen/hal_data.o
 .comment       0x00000044       0x45 ./ra_gen/main.o
 .comment       0x00000044       0x45 ./ra_gen/pin_data.o
 .comment       0x00000044       0x45 ./ra_gen/vector_data.o
 .comment       0x00000044       0x45 ./ra/fsp/src/r_sdhi/r_sdhi.o
 .comment       0x00000044       0x45 ./ra/fsp/src/r_sci_uart/r_sci_uart.o
 .comment       0x00000044       0x45 ./ra/fsp/src/r_ioport/r_ioport.o
 .comment       0x00000044       0x45 ./ra/fsp/src/r_dmac/r_dmac.o
 .comment       0x00000044       0x45 ./ra/fsp/src/bsp/mcu/ra6m5/bsp_linker.o
 .comment       0x00000044       0x45 ./ra/fsp/src/bsp/mcu/all/bsp_clocks.o
 .comment       0x00000044       0x45 ./ra/fsp/src/bsp/mcu/all/bsp_common.o
 .comment       0x00000044       0x45 ./ra/fsp/src/bsp/mcu/all/bsp_delay.o
 .comment       0x00000044       0x45 ./ra/fsp/src/bsp/mcu/all/bsp_group_irq.o
 .comment       0x00000044       0x45 ./ra/fsp/src/bsp/mcu/all/bsp_io.o
 .comment       0x00000044       0x45 ./ra/fsp/src/bsp/mcu/all/bsp_irq.o
 .comment       0x00000044       0x45 ./ra/fsp/src/bsp/mcu/all/bsp_register_protection.o
 .comment       0x00000044       0x45 ./ra/fsp/src/bsp/mcu/all/bsp_sbrk.o
 .comment       0x00000044       0x45 ./ra/fsp/src/bsp/cmsis/Device/RENESAS/Source/startup.o
 .comment       0x00000044       0x45 ./ra/fsp/src/bsp/cmsis/Device/RENESAS/Source/system.o

.debug_info     0x00000000    0x3f6c5
 .debug_info    0x00000000      0x375 ./src/sys_time/sys_time.o
 .debug_info    0x00000375     0x35bf ./src/UART_debug/uart_debug.o
 .debug_info    0x00003934     0x2ad5 ./src/SDHI_SDcard/sdhi_sdcard.o
 .debug_info    0x00006409      0x494 ./src/hal_entry.o
 .debug_info    0x0000689d      0xfff ./src/hal_warmstart.o
 .debug_info    0x0000789c     0x125c ./ra_gen/common_data.o
 .debug_info    0x00008af8     0x601c ./ra_gen/hal_data.o
 .debug_info    0x0000eb14       0xb1 ./ra_gen/main.o
 .debug_info    0x0000ebc5      0xa31 ./ra_gen/pin_data.o
 .debug_info    0x0000f5f6      0x8c6 ./ra_gen/vector_data.o
 .debug_info    0x0000febc     0xa7b3 ./ra/fsp/src/r_sdhi/r_sdhi.o
 .debug_info    0x0001a66f     0xa184 ./ra/fsp/src/r_sci_uart/r_sci_uart.o
 .debug_info    0x000247f3     0x770d ./ra/fsp/src/r_ioport/r_ioport.o
 .debug_info    0x0002bf00     0x40e0 ./ra/fsp/src/r_dmac/r_dmac.o
 .debug_info    0x0002ffe0      0x4e6 ./ra/fsp/src/bsp/mcu/ra6m5/bsp_linker.o
 .debug_info    0x000304c6     0x64de ./ra/fsp/src/bsp/mcu/all/bsp_clocks.o
 .debug_info    0x000369a4      0x96f ./ra/fsp/src/bsp/mcu/all/bsp_common.o
 .debug_info    0x00037313      0x204 ./ra/fsp/src/bsp/mcu/all/bsp_delay.o
 .debug_info    0x00037517     0x1363 ./ra/fsp/src/bsp/mcu/all/bsp_group_irq.o
 .debug_info    0x0003887a       0xb2 ./ra/fsp/src/bsp/mcu/all/bsp_io.o
 .debug_info    0x0003892c     0x2019 ./ra/fsp/src/bsp/mcu/all/bsp_irq.o
 .debug_info    0x0003a945     0x3912 ./ra/fsp/src/bsp/mcu/all/bsp_register_protection.o
 .debug_info    0x0003e257       0xd8 ./ra/fsp/src/bsp/mcu/all/bsp_sbrk.o
 .debug_info    0x0003e32f      0x187 ./ra/fsp/src/bsp/cmsis/Device/RENESAS/Source/startup.o
 .debug_info    0x0003e4b6     0x120f ./ra/fsp/src/bsp/cmsis/Device/RENESAS/Source/system.o

.debug_abbrev   0x00000000     0x3d9a
 .debug_abbrev  0x00000000      0x145 ./src/sys_time/sys_time.o
 .debug_abbrev  0x00000145      0x33e ./src/UART_debug/uart_debug.o
 .debug_abbrev  0x00000483      0x455 ./src/SDHI_SDcard/sdhi_sdcard.o
 .debug_abbrev  0x000008d8      0x169 ./src/hal_entry.o
 .debug_abbrev  0x00000a41      0x158 ./src/hal_warmstart.o
 .debug_abbrev  0x00000b99      0x13a ./ra_gen/common_data.o
 .debug_abbrev  0x00000cd3      0x347 ./ra_gen/hal_data.o
 .debug_abbrev  0x0000101a       0x61 ./ra_gen/main.o
 .debug_abbrev  0x0000107b       0xff ./ra_gen/pin_data.o
 .debug_abbrev  0x0000117a       0xbe ./ra_gen/vector_data.o
 .debug_abbrev  0x00001238      0x6db ./ra/fsp/src/r_sdhi/r_sdhi.o
 .debug_abbrev  0x00001913      0x622 ./ra/fsp/src/r_sci_uart/r_sci_uart.o
 .debug_abbrev  0x00001f35      0x49c ./ra/fsp/src/r_ioport/r_ioport.o
 .debug_abbrev  0x000023d1      0x55c ./ra/fsp/src/r_dmac/r_dmac.o
 .debug_abbrev  0x0000292d       0xe3 ./ra/fsp/src/bsp/mcu/ra6m5/bsp_linker.o
 .debug_abbrev  0x00002a10      0x433 ./ra/fsp/src/bsp/mcu/all/bsp_clocks.o
 .debug_abbrev  0x00002e43      0x188 ./ra/fsp/src/bsp/mcu/all/bsp_common.o
 .debug_abbrev  0x00002fcb      0x10d ./ra/fsp/src/bsp/mcu/all/bsp_delay.o
 .debug_abbrev  0x000030d8      0x256 ./ra/fsp/src/bsp/mcu/all/bsp_group_irq.o
 .debug_abbrev  0x0000332e       0x5e ./ra/fsp/src/bsp/mcu/all/bsp_io.o
 .debug_abbrev  0x0000338c      0x287 ./ra/fsp/src/bsp/mcu/all/bsp_irq.o
 .debug_abbrev  0x00003613      0x27d ./ra/fsp/src/bsp/mcu/all/bsp_register_protection.o
 .debug_abbrev  0x00003890       0x90 ./ra/fsp/src/bsp/mcu/all/bsp_sbrk.o
 .debug_abbrev  0x00003920      0x102 ./ra/fsp/src/bsp/cmsis/Device/RENESAS/Source/startup.o
 .debug_abbrev  0x00003a22      0x378 ./ra/fsp/src/bsp/cmsis/Device/RENESAS/Source/system.o

.debug_loclists
                0x00000000     0x456c
 .debug_loclists
                0x00000000       0x63 ./src/sys_time/sys_time.o
 .debug_loclists
                0x00000063      0x20f ./src/UART_debug/uart_debug.o
 .debug_loclists
                0x00000272      0x1c0 ./src/SDHI_SDcard/sdhi_sdcard.o
 .debug_loclists
                0x00000432      0x11c ./src/hal_entry.o
 .debug_loclists
                0x0000054e       0x29 ./src/hal_warmstart.o
 .debug_loclists
                0x00000577       0x29 ./ra_gen/hal_data.o
 .debug_loclists
                0x000005a0     0x1a82 ./ra/fsp/src/r_sdhi/r_sdhi.o
 .debug_loclists
                0x00002022      0xe41 ./ra/fsp/src/r_sci_uart/r_sci_uart.o
 .debug_loclists
                0x00002e63      0x7c8 ./ra/fsp/src/r_ioport/r_ioport.o
 .debug_loclists
                0x0000362b      0x717 ./ra/fsp/src/r_dmac/r_dmac.o
 .debug_loclists
                0x00003d42      0x3f8 ./ra/fsp/src/bsp/mcu/all/bsp_clocks.o
 .debug_loclists
                0x0000413a       0x20 ./ra/fsp/src/bsp/mcu/all/bsp_common.o
 .debug_loclists
                0x0000415a      0x199 ./ra/fsp/src/bsp/mcu/all/bsp_delay.o
 .debug_loclists
                0x000042f3       0x73 ./ra/fsp/src/bsp/mcu/all/bsp_group_irq.o
 .debug_loclists
                0x00004366       0x99 ./ra/fsp/src/bsp/mcu/all/bsp_irq.o
 .debug_loclists
                0x000043ff       0xa7 ./ra/fsp/src/bsp/mcu/all/bsp_register_protection.o
 .debug_loclists
                0x000044a6       0x29 ./ra/fsp/src/bsp/mcu/all/bsp_sbrk.o
 .debug_loclists
                0x000044cf       0x9d ./ra/fsp/src/bsp/cmsis/Device/RENESAS/Source/system.o

.debug_aranges  0x00000000      0x628
 .debug_aranges
                0x00000000       0x48 ./src/sys_time/sys_time.o
 .debug_aranges
                0x00000048       0x58 ./src/UART_debug/uart_debug.o
 .debug_aranges
                0x000000a0       0x38 ./src/SDHI_SDcard/sdhi_sdcard.o
 .debug_aranges
                0x000000d8       0x40 ./src/hal_entry.o
 .debug_aranges
                0x00000118       0x20 ./src/hal_warmstart.o
 .debug_aranges
                0x00000138       0x20 ./ra_gen/common_data.o
 .debug_aranges
                0x00000158       0x28 ./ra_gen/hal_data.o
 .debug_aranges
                0x00000180       0x20 ./ra_gen/main.o
 .debug_aranges
                0x000001a0       0x18 ./ra_gen/pin_data.o
 .debug_aranges
                0x000001b8       0x18 ./ra_gen/vector_data.o
 .debug_aranges
                0x000001d0       0xc8 ./ra/fsp/src/r_sdhi/r_sdhi.o
 .debug_aranges
                0x00000298       0xa0 ./ra/fsp/src/r_sci_uart/r_sci_uart.o
 .debug_aranges
                0x00000338       0x90 ./ra/fsp/src/r_ioport/r_ioport.o
 .debug_aranges
                0x000003c8       0x80 ./ra/fsp/src/r_dmac/r_dmac.o
 .debug_aranges
                0x00000448       0x18 ./ra/fsp/src/bsp/mcu/ra6m5/bsp_linker.o
 .debug_aranges
                0x00000460       0x70 ./ra/fsp/src/bsp/mcu/all/bsp_clocks.o
 .debug_aranges
                0x000004d0       0x30 ./ra/fsp/src/bsp/mcu/all/bsp_common.o
 .debug_aranges
                0x00000500       0x28 ./ra/fsp/src/bsp/mcu/all/bsp_delay.o
 .debug_aranges
                0x00000528       0x28 ./ra/fsp/src/bsp/mcu/all/bsp_group_irq.o
 .debug_aranges
                0x00000550       0x18 ./ra/fsp/src/bsp/mcu/all/bsp_io.o
 .debug_aranges
                0x00000568       0x20 ./ra/fsp/src/bsp/mcu/all/bsp_irq.o
 .debug_aranges
                0x00000588       0x28 ./ra/fsp/src/bsp/mcu/all/bsp_register_protection.o
 .debug_aranges
                0x000005b0       0x20 ./ra/fsp/src/bsp/mcu/all/bsp_sbrk.o
 .debug_aranges
                0x000005d0       0x28 ./ra/fsp/src/bsp/cmsis/Device/RENESAS/Source/startup.o
 .debug_aranges
                0x000005f8       0x30 ./ra/fsp/src/bsp/cmsis/Device/RENESAS/Source/system.o

.debug_rnglists
                0x00000000      0xbb7
 .debug_rnglists
                0x00000000       0x31 ./src/sys_time/sys_time.o
 .debug_rnglists
                0x00000031       0x3d ./src/UART_debug/uart_debug.o
 .debug_rnglists
                0x0000006e       0x42 ./src/SDHI_SDcard/sdhi_sdcard.o
 .debug_rnglists
                0x000000b0       0x2b ./src/hal_entry.o
 .debug_rnglists
                0x000000db       0x13 ./src/hal_warmstart.o
 .debug_rnglists
                0x000000ee       0x13 ./ra_gen/common_data.o
 .debug_rnglists
                0x00000101       0x19 ./ra_gen/hal_data.o
 .debug_rnglists
                0x0000011a       0x13 ./ra_gen/main.o
 .debug_rnglists
                0x0000012d      0x3be ./ra/fsp/src/r_sdhi/r_sdhi.o
 .debug_rnglists
                0x000004eb      0x26c ./ra/fsp/src/r_sci_uart/r_sci_uart.o
 .debug_rnglists
                0x00000757       0xbc ./ra/fsp/src/r_ioport/r_ioport.o
 .debug_rnglists
                0x00000813      0x128 ./ra/fsp/src/r_dmac/r_dmac.o
 .debug_rnglists
                0x0000093b      0x118 ./ra/fsp/src/bsp/mcu/all/bsp_clocks.o
 .debug_rnglists
                0x00000a53       0x1f ./ra/fsp/src/bsp/mcu/all/bsp_common.o
 .debug_rnglists
                0x00000a72       0x35 ./ra/fsp/src/bsp/mcu/all/bsp_delay.o
 .debug_rnglists
                0x00000aa7       0x37 ./ra/fsp/src/bsp/mcu/all/bsp_group_irq.o
 .debug_rnglists
                0x00000ade       0x41 ./ra/fsp/src/bsp/mcu/all/bsp_irq.o
 .debug_rnglists
                0x00000b1f       0x31 ./ra/fsp/src/bsp/mcu/all/bsp_register_protection.o
 .debug_rnglists
                0x00000b50       0x13 ./ra/fsp/src/bsp/mcu/all/bsp_sbrk.o
 .debug_rnglists
                0x00000b63       0x19 ./ra/fsp/src/bsp/cmsis/Device/RENESAS/Source/startup.o
 .debug_rnglists
                0x00000b7c       0x3b ./ra/fsp/src/bsp/cmsis/Device/RENESAS/Source/system.o

.debug_line     0x00000000     0x97d6
 .debug_line    0x00000000      0x291 ./src/sys_time/sys_time.o
 .debug_line    0x00000291      0x5b5 ./src/UART_debug/uart_debug.o
 .debug_line    0x00000846      0x716 ./src/SDHI_SDcard/sdhi_sdcard.o
 .debug_line    0x00000f5c      0x2e4 ./src/hal_entry.o
 .debug_line    0x00001240      0x2cc ./src/hal_warmstart.o
 .debug_line    0x0000150c      0x273 ./ra_gen/common_data.o
 .debug_line    0x0000177f      0x350 ./ra_gen/hal_data.o
 .debug_line    0x00001acf       0x5e ./ra_gen/main.o
 .debug_line    0x00001b2d      0x1ef ./ra_gen/pin_data.o
 .debug_line    0x00001d1c      0x11d ./ra_gen/vector_data.o
 .debug_line    0x00001e39     0x20bc ./ra/fsp/src/r_sdhi/r_sdhi.o
 .debug_line    0x00003ef5     0x18f0 ./ra/fsp/src/r_sci_uart/r_sci_uart.o
 .debug_line    0x000057e5      0xae7 ./ra/fsp/src/r_ioport/r_ioport.o
 .debug_line    0x000062cc      0xc80 ./ra/fsp/src/r_dmac/r_dmac.o
 .debug_line    0x00006f4c      0x13b ./ra/fsp/src/bsp/mcu/ra6m5/bsp_linker.o
 .debug_line    0x00007087      0xc05 ./ra/fsp/src/bsp/mcu/all/bsp_clocks.o
 .debug_line    0x00007c8c      0x27e ./ra/fsp/src/bsp/mcu/all/bsp_common.o
 .debug_line    0x00007f0a      0x2c1 ./ra/fsp/src/bsp/mcu/all/bsp_delay.o
 .debug_line    0x000081cb      0x2e7 ./ra/fsp/src/bsp/mcu/all/bsp_group_irq.o
 .debug_line    0x000084b2      0x169 ./ra/fsp/src/bsp/mcu/all/bsp_io.o
 .debug_line    0x0000861b      0x4eb ./ra/fsp/src/bsp/mcu/all/bsp_irq.o
 .debug_line    0x00008b06      0x39f ./ra/fsp/src/bsp/mcu/all/bsp_register_protection.o
 .debug_line    0x00008ea5       0xf2 ./ra/fsp/src/bsp/mcu/all/bsp_sbrk.o
 .debug_line    0x00008f97      0x1d5 ./ra/fsp/src/bsp/cmsis/Device/RENESAS/Source/startup.o
 .debug_line    0x0000916c      0x66a ./ra/fsp/src/bsp/cmsis/Device/RENESAS/Source/system.o

.debug_str      0x00000000     0xdb91
 .debug_str     0x00000000     0xdb91 ./src/sys_time/sys_time.o
                                0x38f (size before relaxing)
 .debug_str     0x0000db91     0x42cc ./src/UART_debug/uart_debug.o
 .debug_str     0x0000db91     0x3332 ./src/SDHI_SDcard/sdhi_sdcard.o
 .debug_str     0x0000db91      0x3be ./src/hal_entry.o
 .debug_str     0x0000db91     0x3221 ./src/hal_warmstart.o
 .debug_str     0x0000db91     0x33e6 ./ra_gen/common_data.o
 .debug_str     0x0000db91     0x7700 ./ra_gen/hal_data.o
 .debug_str     0x0000db91      0x1da ./ra_gen/main.o
 .debug_str     0x0000db91     0x1daa ./ra_gen/pin_data.o
 .debug_str     0x0000db91     0x1e0a ./ra_gen/vector_data.o
 .debug_str     0x0000db91     0x5dbf ./ra/fsp/src/r_sdhi/r_sdhi.o
 .debug_str     0x0000db91     0x6e88 ./ra/fsp/src/r_sci_uart/r_sci_uart.o
 .debug_str     0x0000db91     0x5d56 ./ra/fsp/src/r_ioport/r_ioport.o
 .debug_str     0x0000db91     0x4d13 ./ra/fsp/src/r_dmac/r_dmac.o
 .debug_str     0x0000db91      0x8af ./ra/fsp/src/bsp/mcu/ra6m5/bsp_linker.o
 .debug_str     0x0000db91     0x2d15 ./ra/fsp/src/bsp/mcu/all/bsp_clocks.o
 .debug_str     0x0000db91     0x1cdb ./ra/fsp/src/bsp/mcu/all/bsp_common.o
 .debug_str     0x0000db91      0x324 ./ra/fsp/src/bsp/mcu/all/bsp_delay.o
 .debug_str     0x0000db91     0x2242 ./ra/fsp/src/bsp/mcu/all/bsp_group_irq.o
 .debug_str     0x0000db91      0x203 ./ra/fsp/src/bsp/mcu/all/bsp_io.o
 .debug_str     0x0000db91     0x280d ./ra/fsp/src/bsp/mcu/all/bsp_irq.o
 .debug_str     0x0000db91     0x1b7c ./ra/fsp/src/bsp/mcu/all/bsp_register_protection.o
 .debug_str     0x0000db91      0x1f4 ./ra/fsp/src/bsp/mcu/all/bsp_sbrk.o
 .debug_str     0x0000db91      0x272 ./ra/fsp/src/bsp/cmsis/Device/RENESAS/Source/startup.o
 .debug_str     0x0000db91      0xad4 ./ra/fsp/src/bsp/cmsis/Device/RENESAS/Source/system.o

.debug_frame    0x00000000     0x1638
 .debug_frame   0x00000000       0x70 ./src/sys_time/sys_time.o
 .debug_frame   0x00000070       0xc8 ./src/UART_debug/uart_debug.o
 .debug_frame   0x00000138       0xb8 ./src/SDHI_SDcard/sdhi_sdcard.o
 .debug_frame   0x000001f0       0x88 ./src/hal_entry.o
 .debug_frame   0x00000278       0x20 ./src/hal_warmstart.o
 .debug_frame   0x00000298       0x20 ./ra_gen/common_data.o
 .debug_frame   0x000002b8       0x30 ./ra_gen/hal_data.o
 .debug_frame   0x000002e8       0x28 ./ra_gen/main.o
 .debug_frame   0x00000310      0x294 ./ra/fsp/src/r_sdhi/r_sdhi.o
 .debug_frame   0x000005a4      0x1e8 ./ra/fsp/src/r_sci_uart/r_sci_uart.o
 .debug_frame   0x0000078c      0x17c ./ra/fsp/src/r_ioport/r_ioport.o
 .debug_frame   0x00000908      0x150 ./ra/fsp/src/r_dmac/r_dmac.o
 .debug_frame   0x00000a58      0x110 ./ra/fsp/src/bsp/mcu/all/bsp_clocks.o
 .debug_frame   0x00000b68       0x40 ./ra/fsp/src/bsp/mcu/all/bsp_common.o
 .debug_frame   0x00000ba8       0x4c ./ra/fsp/src/bsp/mcu/all/bsp_delay.o
 .debug_frame   0x00000bf4       0x3c ./ra/fsp/src/bsp/mcu/all/bsp_group_irq.o
 .debug_frame   0x00000c30       0x34 ./ra/fsp/src/bsp/mcu/all/bsp_irq.o
 .debug_frame   0x00000c64       0x48 ./ra/fsp/src/bsp/mcu/all/bsp_register_protection.o
 .debug_frame   0x00000cac       0x28 ./ra/fsp/src/bsp/mcu/all/bsp_sbrk.o
 .debug_frame   0x00000cd4       0x38 ./ra/fsp/src/bsp/cmsis/Device/RENESAS/Source/startup.o
 .debug_frame   0x00000d0c       0x64 ./ra/fsp/src/bsp/cmsis/Device/RENESAS/Source/system.o
 .debug_frame   0x00000d70      0x144 C:/Program Files (x86)/Arm GNU Toolchain arm-none-eabi/13.2 Rel1/bin/../lib/gcc/arm-none-eabi/13.2.1/thumb/v8-m.main+fp/hard\libg_nano.a(libc_a-findfp.o)
 .debug_frame   0x00000eb4       0x34 C:/Program Files (x86)/Arm GNU Toolchain arm-none-eabi/13.2 Rel1/bin/../lib/gcc/arm-none-eabi/13.2.1/thumb/v8-m.main+fp/hard\libg_nano.a(libc_a-fwalk.o)
 .debug_frame   0x00000ee8       0x6c C:/Program Files (x86)/Arm GNU Toolchain arm-none-eabi/13.2 Rel1/bin/../lib/gcc/arm-none-eabi/13.2.1/thumb/v8-m.main+fp/hard\libg_nano.a(libc_a-printf.o)
 .debug_frame   0x00000f54       0x30 C:/Program Files (x86)/Arm GNU Toolchain arm-none-eabi/13.2 Rel1/bin/../lib/gcc/arm-none-eabi/13.2.1/thumb/v8-m.main+fp/hard\libg_nano.a(libc_a-putchar.o)
 .debug_frame   0x00000f84       0x3c C:/Program Files (x86)/Arm GNU Toolchain arm-none-eabi/13.2 Rel1/bin/../lib/gcc/arm-none-eabi/13.2.1/thumb/v8-m.main+fp/hard\libg_nano.a(libc_a-puts.o)
 .debug_frame   0x00000fc0       0x88 C:/Program Files (x86)/Arm GNU Toolchain arm-none-eabi/13.2 Rel1/bin/../lib/gcc/arm-none-eabi/13.2.1/thumb/v8-m.main+fp/hard\libg_nano.a(libc_a-stdio.o)
 .debug_frame   0x00001048       0x40 C:/Program Files (x86)/Arm GNU Toolchain arm-none-eabi/13.2 Rel1/bin/../lib/gcc/arm-none-eabi/13.2.1/thumb/v8-m.main+fp/hard\libg_nano.a(libc_a-wbuf.o)
 .debug_frame   0x00001088       0x2c C:/Program Files (x86)/Arm GNU Toolchain arm-none-eabi/13.2 Rel1/bin/../lib/gcc/arm-none-eabi/13.2.1/thumb/v8-m.main+fp/hard\libg_nano.a(libc_a-wsetup.o)
 .debug_frame   0x000010b4       0x20 C:/Program Files (x86)/Arm GNU Toolchain arm-none-eabi/13.2 Rel1/bin/../lib/gcc/arm-none-eabi/13.2.1/thumb/v8-m.main+fp/hard\libg_nano.a(libc_a-memset.o)
 .debug_frame   0x000010d4       0x28 C:/Program Files (x86)/Arm GNU Toolchain arm-none-eabi/13.2 Rel1/bin/../lib/gcc/arm-none-eabi/13.2.1/thumb/v8-m.main+fp/hard\libg_nano.a(libc_a-strncmp.o)
 .debug_frame   0x000010fc       0x2c C:/Program Files (x86)/Arm GNU Toolchain arm-none-eabi/13.2 Rel1/bin/../lib/gcc/arm-none-eabi/13.2.1/thumb/v8-m.main+fp/hard\libg_nano.a(libc_a-closer.o)
 .debug_frame   0x00001128       0x38 C:/Program Files (x86)/Arm GNU Toolchain arm-none-eabi/13.2 Rel1/bin/../lib/gcc/arm-none-eabi/13.2.1/thumb/v8-m.main+fp/hard\libg_nano.a(libc_a-reent.o)
 .debug_frame   0x00001160       0x2c C:/Program Files (x86)/Arm GNU Toolchain arm-none-eabi/13.2 Rel1/bin/../lib/gcc/arm-none-eabi/13.2.1/thumb/v8-m.main+fp/hard\libg_nano.a(libc_a-lseekr.o)
 .debug_frame   0x0000118c       0x2c C:/Program Files (x86)/Arm GNU Toolchain arm-none-eabi/13.2 Rel1/bin/../lib/gcc/arm-none-eabi/13.2.1/thumb/v8-m.main+fp/hard\libg_nano.a(libc_a-readr.o)
 .debug_frame   0x000011b8       0x2c C:/Program Files (x86)/Arm GNU Toolchain arm-none-eabi/13.2 Rel1/bin/../lib/gcc/arm-none-eabi/13.2.1/thumb/v8-m.main+fp/hard\libg_nano.a(libc_a-writer.o)
 .debug_frame   0x000011e4       0x20 C:/Program Files (x86)/Arm GNU Toolchain arm-none-eabi/13.2 Rel1/bin/../lib/gcc/arm-none-eabi/13.2.1/thumb/v8-m.main+fp/hard\libg_nano.a(libc_a-errno.o)
 .debug_frame   0x00001204       0xb0 C:/Program Files (x86)/Arm GNU Toolchain arm-none-eabi/13.2 Rel1/bin/../lib/gcc/arm-none-eabi/13.2.1/thumb/v8-m.main+fp/hard\libg_nano.a(libc_a-lock.o)
 .debug_frame   0x000012b4       0x28 C:/Program Files (x86)/Arm GNU Toolchain arm-none-eabi/13.2 Rel1/bin/../lib/gcc/arm-none-eabi/13.2.1/thumb/v8-m.main+fp/hard\libg_nano.a(libc_a-memcpy-stub.o)
 .debug_frame   0x000012dc       0x38 C:/Program Files (x86)/Arm GNU Toolchain arm-none-eabi/13.2 Rel1/bin/../lib/gcc/arm-none-eabi/13.2.1/thumb/v8-m.main+fp/hard\libg_nano.a(libc_a-freer.o)
 .debug_frame   0x00001314       0x50 C:/Program Files (x86)/Arm GNU Toolchain arm-none-eabi/13.2 Rel1/bin/../lib/gcc/arm-none-eabi/13.2.1/thumb/v8-m.main+fp/hard\libg_nano.a(libc_a-mallocr.o)
 .debug_frame   0x00001364       0x30 C:/Program Files (x86)/Arm GNU Toolchain arm-none-eabi/13.2 Rel1/bin/../lib/gcc/arm-none-eabi/13.2.1/thumb/v8-m.main+fp/hard\libg_nano.a(libc_a-mlock.o)
 .debug_frame   0x00001394       0xa8 C:/Program Files (x86)/Arm GNU Toolchain arm-none-eabi/13.2 Rel1/bin/../lib/gcc/arm-none-eabi/13.2.1/thumb/v8-m.main+fp/hard\libg_nano.a(libc_a-nano-vfprintf.o)
 .debug_frame   0x0000143c       0x60 C:/Program Files (x86)/Arm GNU Toolchain arm-none-eabi/13.2 Rel1/bin/../lib/gcc/arm-none-eabi/13.2.1/thumb/v8-m.main+fp/hard\libg_nano.a(libc_a-nano-vfprintf_i.o)
 .debug_frame   0x0000149c       0x5c C:/Program Files (x86)/Arm GNU Toolchain arm-none-eabi/13.2 Rel1/bin/../lib/gcc/arm-none-eabi/13.2.1/thumb/v8-m.main+fp/hard\libg_nano.a(libc_a-fflush.o)
 .debug_frame   0x000014f8       0x58 C:/Program Files (x86)/Arm GNU Toolchain arm-none-eabi/13.2 Rel1/bin/../lib/gcc/arm-none-eabi/13.2.1/thumb/v8-m.main+fp/hard\libg_nano.a(libc_a-makebuf.o)